******************************************************************************
                  TI ARM Linker PC v18.1.2                     
******************************************************************************
>> Linked Tue Mar 26 17:06:00 2019

OUTPUT FILE NAME:   <Lab7.out>
ENTRY POINT SYMBOL: "_c_int00_noargs"  address: 000037fd


MEMORY CONFIGURATION

         name            origin    length      used     unused   attr    fill
----------------------  --------  ---------  --------  --------  ----  --------
  FLASH                 00000000   00040000  00003c25  0003c3db  R  X
  SRAM                  20000000   00008000  00002311  00005cef  RW X


SEGMENT ALLOCATION MAP

run origin  load origin   length   init length attrs members
----------  ----------- ---------- ----------- ----- -------
00000000    00000000    00003c30   00003c30    r-x
  00000000    00000000    0000026c   0000026c    r-- .intvecs
  0000026c    0000026c    00003818   00003818    r-x .text
  00003a88    00003a88    00000151   00000151    r-- .const
  00003be0    00003be0    00000050   00000050    r-- .cinit
20000000    20000000    00002318   00000000    rw-
  20000000    20000000    0000026c   00000000    rw- .vtable
  20000270    20000270    00001000   00000000    rw- .stack
  20001270    20001270    00001000   00000000    rw- .sysmem
  20002270    20002270    00000079   00000000    rw- .bss
  200022ec    200022ec    0000002c   00000000    rw- .data


SECTION ALLOCATION MAP

 output                                  attributes/
section   page    origin      length       input sections
--------  ----  ----------  ----------   ----------------
.intvecs   0    00000000    0000026c     
                  00000000    0000026c     tm4c123gh6pm_startup_ccs.obj (.intvecs)

.text      0    0000026c    00003818     
                  0000026c    00000a5e     rtsv7M4_T_le_v4SPD16_eabi.lib : _printfi.c.obj (.text:__TI_printfi)
                  00000cca    00000002                                   : _lock.c.obj (.text:_nop)
                  00000ccc    000009c0                                   : e_pow.c.obj (.text:pow)
                  0000168c    000003c8     lcd.obj (.text)
                  00001a54    0000029c     ping.obj (.text)
                  00001cf0    00000270     rtsv7M4_T_le_v4SPD16_eabi.lib : _printfi.c.obj (.text:_pconv_a)
                  00001f60    000001d0                                   : _printfi.c.obj (.text:_pconv_g)
                  00002130    000001b6                                   : fd_add_t2.asm.obj (.text)
                  000022e6    00000002                                   : div0.asm.obj (.text)
                  000022e8    0000017c     uart.obj (.text)
                  00002464    00000158     rtsv7M4_T_le_v4SPD16_eabi.lib : e_sqrt.c.obj (.text:sqrt)
                  000025bc    00000158     timer.obj (.text)
                  00002714    0000013c     rtsv7M4_T_le_v4SPD16_eabi.lib : _printfi.c.obj (.text:_pconv_e)
                  00002850    00000136                                   : fd_div_t2.asm.obj (.text)
                  00002986    00000002     --HOLE-- [fill = 0]
                  00002988    00000134                                   : vla_alloc.c.obj (.text:__vla_alloc)
                  00002abc    00000120                                   : _printfi.c.obj (.text:fcvt)
                  00002bdc    00000114                                   : memory.c.obj (.text:realloc)
                  00002cf0    00000110                                   : s_scalbn.c.obj (.text:scalbn)
                  00002e00    000000fc                                   : fd_mul_t2.asm.obj (.text)
                  00002efc    000000d8                                   : memory.c.obj (.text:free)
                  00002fd4    000000b1                                   : _printfi.c.obj (.text:_ltostr)
                  00003085    00000001     --HOLE-- [fill = 0]
                  00003086    0000009c                                   : memcpy_t2.asm.obj (.text)
                  00003122    00000096                                   : ull_div_t2.asm.obj (.text)
                  000031b8    00000086                                   : fd_cmp_t2.asm.obj (.text:__aeabi_cdcmple)
                  0000323e    00000086                                   : fd_cmp_t2.asm.obj (.text:__aeabi_cdrcmple)
                  000032c4    0000007a                                   : memset_t2.asm.obj (.text)
                  0000333e    00000002     --HOLE-- [fill = 0]
                  00003340    00000078                                   : vla_alloc.c.obj (.text:_ZN33_INTERNAL_11_vla_alloc_c_be8bd49b21free_dead_allocationsEPv)
                  000033b8    00000078                                   : memory.c.obj (.text:malloc)
                  00003430    0000006e                                   : _printfi.c.obj (.text:_mcpy)
                  0000349e    00000068                                   : copy_decompress_lzss.c.obj (.text:decompress:lzss:__TI_decompress_lzss)
                  00003506    00000002     --HOLE-- [fill = 0]
                  00003508    00000064                                   : s_frexp.c.obj (.text:frexp)
                  0000356c    00000056                                   : _printfi.c.obj (.text:_pconv_f)
                  000035c2    00000054                                   : ltoa.c.obj (.text:ltoa)
                  00003616    00000052                                   : _printfi.c.obj (.text:_ecpy)
                  00003668    0000004c                                   : atoi.c.obj (.text:atoi)
                  000036b4    00000048                                   : fd_toi_t2.asm.obj (.text)
                  000036fc    00000044                                   : autoinit.c.obj (.text:__TI_auto_init_nobinit_nopinit:__TI_auto_init_nobinit_nopinit)
                  00003740    00000040                                   : vsnprintf.c.obj (.text:vsnprintf)
                  00003780    0000003e                                   : _printfi.c.obj (.text:_fcpy)
                  000037be    00000002     --HOLE-- [fill = 0]
                  000037c0    0000003c                                   : memory.c.obj (.text:minsert)
                  000037fc    00000038                                   : boot_cortex_m.c.obj (.text:_c_int00_noargs:_c_int00_noargs)
                  00003834    00000038                                   : memory.c.obj (.text:minit)
                  0000386c    00000034     driverlib.lib : interrupt.obj (.text:IntRegister)
                  000038a0    00000030     rtsv7M4_T_le_v4SPD16_eabi.lib : vsnprintf.c.obj (.text:_outs)
                  000038d0    0000002e                                   : i_tofd_t2.asm.obj (.text)
                  000038fe    00000002     --HOLE-- [fill = 0]
                  00003900    00000028                                   : memory.c.obj (.text:mremove)
                  00003928    00000020                                   : u_tofd_t2.asm.obj (.text)
                  00003948    0000001e     main.obj (.text)
                  00003966    0000001c     rtsv7M4_T_le_v4SPD16_eabi.lib : memccpy.c.obj (.text:memccpy)
                  00003982    00000018                                   : vsnprintf.c.obj (.text:_outc)
                  0000399a    00000018                                   : strcmp.c.obj (.text:strcmp)
                  000039b2    00000016                                   : strchr.c.obj (.text:strchr)
                  000039c8    00000014                                   : s_copysign.c.obj (.text:copysign)
                  000039dc    00000014                                   : strcpy.c.obj (.text:strcpy)
                  000039f0    00000014                                   : strlen.c.obj (.text:strlen)
                  00003a04    00000012                                   : copy_zero_init.c.obj (.text:decompress:ZI:__TI_zero_init_nomemset:__TI_zero_init_nomemset)
                  00003a16    00000012                                   : wcslen.c.obj (.text:wcslen)
                  00003a28    00000010     driverlib.lib : interrupt.obj (.text:IntMasterEnable)
                  00003a38    00000010     lcd.obj (.text:lcd_clear)
                  00003a48    0000000e     rtsv7M4_T_le_v4SPD16_eabi.lib : copy_decompress_none.c.obj (.text:decompress:none:__TI_decompress_none)
                  00003a56    0000000c     driverlib.lib : cpu.obj (.text:CPUcpsie)
                  00003a62    0000000c     tm4c123gh6pm_startup_ccs.obj (.text)
                  00003a6e    00000002     --HOLE-- [fill = 0]
                  00003a70    00000008     rtsv7M4_T_le_v4SPD16_eabi.lib : errno.c.obj (.text:__aeabi_errno_addr)
                  00003a78    00000004                                   : error.c.obj (.text:__abort_execution)
                  00003a7c    00000004                                   : pre_init.c.obj (.text:_system_pre_init)
                  00003a80    00000004                                   : exit.c.obj (.text:abort:abort)

.const     0    00003a88    00000151     
                  00003a88    00000101     rtsv7M4_T_le_v4SPD16_eabi.lib : ctype.c.obj (.const:.string:_ctypes_)
                  00003b89    00000004     lcd.obj (.const:.string:lineAddress$1)
                  00003b8d    00000003     --HOLE-- [fill = 0]
                  00003b90    00000030     rtsv7M4_T_le_v4SPD16_eabi.lib : e_pow.c.obj (.const:$O1$$)
                  00003bc0    00000015     lcd.obj (.const:.string:$P$T1$4)
                  00003bd5    00000004     lcd.obj (.const:.string:lineAddresses$2)

.cinit     0    00003be0    00000050     
                  00003be0    00000019     (.cinit..data.load) [load image, compression = lzss]
                  00003bf9    00000003     --HOLE-- [fill = 0]
                  00003bfc    0000000c     (__TI_handler_table)
                  00003c08    00000008     (.cinit..bss.load) [load image, compression = zero_init]
                  00003c10    00000008     (.cinit..vtable.load) [load image, compression = zero_init]
                  00003c18    00000018     (__TI_cinit_table)

.init_array 
*          0    00000000    00000000     UNINITIALIZED

.vtable    0    20000000    0000026c     UNINITIALIZED
                  20000000    0000026c     driverlib.lib : interrupt.obj (.vtable)

.stack     0    20000270    00001000     UNINITIALIZED
                  20000270    00000004     rtsv7M4_T_le_v4SPD16_eabi.lib : boot_cortex_m.c.obj (.stack)
                  20000274    00000ffc     --HOLE--

.sysmem    0    20001270    00001000     UNINITIALIZED
                  20001270    00000008     rtsv7M4_T_le_v4SPD16_eabi.lib : memory.c.obj (.sysmem)
                  20001278    00000ff8     --HOLE--

.bss       0    20002270    00000079     UNINITIALIZED
                  20002270    00000054     lcd.obj (.bss:lastbuffer$3)
                  200022c4    0000001c     rtsv7M4_T_le_v4SPD16_eabi.lib : vla_alloc.c.obj (.bss:$O1$$)
                  200022e0    00000004     (.common:flagg)
                  200022e4    00000004     (.common:s_data)
                  200022e8    00000001     (.common:state)

.data      0    200022ec    0000002c     UNINITIALIZED
                  200022ec    00000014     ping.obj (.data)
                  20002300    0000000c     rtsv7M4_T_le_v4SPD16_eabi.lib : memory.c.obj (.data:$O1$$)
                  2000230c    00000008                                   : _lock.c.obj (.data:$O1$$)
                  20002314    00000004                                   : errno.c.obj (.data)

MODULE SUMMARY

       Module                         code    ro data   rw data
       ------                         ----    -------   -------
    .\
       lcd.obj                        984     29        84     
       ping.obj                       668     0         20     
       tm4c123gh6pm_startup_ccs.obj   12      620       0      
       uart.obj                       380     0         8      
       timer.obj                      344     0         0      
       main.obj                       30      0         1      
    +--+------------------------------+-------+---------+---------+
       Total:                         2418    649       113    
                                                               
    C:/ti/TivaWare_C_Series-2.1.4.178/driverlib/ccs/Debug/driverlib.lib
       interrupt.obj                  68      0         620    
       cpu.obj                        12      0         0      
    +--+------------------------------+-------+---------+---------+
       Total:                         80      0         620    
                                                               
    C:\ti\ccsv8\tools\compiler\ti-cgt-arm_18.1.2.LTS\lib\rtsv7M4_T_le_v4SPD16_eabi.lib
       _printfi.c.obj                 4863    0         0      
       e_pow.c.obj                    2496    48        0      
       memory.c.obj                   768     0         12     
       vla_alloc.c.obj                428     0         28     
       fd_add_t2.asm.obj              438     0         0      
       e_sqrt.c.obj                   344     0         0      
       fd_div_t2.asm.obj              310     0         0      
       s_scalbn.c.obj                 272     0         0      
       fd_cmp_t2.asm.obj              268     0         0      
       ctype.c.obj                    0       257       0      
       fd_mul_t2.asm.obj              252     0         0      
       memcpy_t2.asm.obj              156     0         0      
       ull_div_t2.asm.obj             150     0         0      
       vsnprintf.c.obj                136     0         0      
       memset_t2.asm.obj              122     0         0      
       copy_decompress_lzss.c.obj     104     0         0      
       s_frexp.c.obj                  100     0         0      
       ltoa.c.obj                     84      0         0      
       atoi.c.obj                     76      0         0      
       fd_toi_t2.asm.obj              72      0         0      
       autoinit.c.obj                 68      0         0      
       boot_cortex_m.c.obj            56      0         0      
       i_tofd_t2.asm.obj              46      0         0      
       u_tofd_t2.asm.obj              32      0         0      
       memccpy.c.obj                  28      0         0      
       strcmp.c.obj                   24      0         0      
       strchr.c.obj                   22      0         0      
       s_copysign.c.obj               20      0         0      
       strcpy.c.obj                   20      0         0      
       strlen.c.obj                   20      0         0      
       copy_zero_init.c.obj           18      0         0      
       wcslen.c.obj                   18      0         0      
       copy_decompress_none.c.obj     14      0         0      
       errno.c.obj                    8       0         4      
       _lock.c.obj                    2       0         8      
       error.c.obj                    4       0         0      
       exit.c.obj                     4       0         0      
       pre_init.c.obj                 4       0         0      
       div0.asm.obj                   2       0         0      
    +--+------------------------------+-------+---------+---------+
       Total:                         11849   305       52     
                                                               
       Heap:                          0       0         4096   
       Stack:                         0       0         4096   
       Linker Generated:              0       77        0      
    +--+------------------------------+-------+---------+---------+
       Grand Total:                   14347   1031      8977   


LINKER GENERATED COPY TABLES

__TI_cinit_table @ 00003c18 records: 3, size/record: 8, table size: 24
	.data: load addr=00003be0, load size=00000019 bytes, run addr=200022ec, run size=0000002c bytes, compression=lzss
	.bss: load addr=00003c08, load size=00000008 bytes, run addr=20002270, run size=00000079 bytes, compression=zero_init
	.vtable: load addr=00003c10, load size=00000008 bytes, run addr=20000000, run size=0000026c bytes, compression=zero_init


LINKER GENERATED HANDLER TABLE

__TI_handler_table @ 00003bfc records: 3, size/record: 4, table size: 12
	index: 0, handler: __TI_zero_init
	index: 1, handler: __TI_decompress_lzss
	index: 2, handler: __TI_decompress_none


GLOBAL SYMBOLS: SORTED ALPHABETICALLY BY Name 

address   name                          
-------   ----                          
00003a81  C$$EXIT                       
00003a57  CPUcpsie                      
00003a29  IntMasterEnable               
0000386d  IntRegister                   
00002373  My_UART1_Handler              
200022f8  OF                            
200022fc  OFN                           
00003a63  ResetISR                      
00001a55  TIMER1A_HANDLER               
20001270  __STACK_END                   
00001000  __STACK_SIZE                  
20000470  __STACK_TOP                   
00001000  __SYSMEM_SIZE                 
00003c18  __TI_CINIT_Base               
00003c30  __TI_CINIT_Limit              
00003bfc  __TI_Handler_Table_Base       
00003c08  __TI_Handler_Table_Limit      
000036fd  __TI_auto_init_nobinit_nopinit
0000349f  __TI_decompress_lzss          
00003a49  __TI_decompress_none          
ffffffff  __TI_pprof_out_hndl           
0000026d  __TI_printfi                  
ffffffff  __TI_prof_data_size           
ffffffff  __TI_prof_data_start          
00000000  __TI_static_base__            
00003a05  __TI_zero_init_nomemset       
00003a79  __abort_execution             
000031b9  __aeabi_cdcmpeq               
000031b9  __aeabi_cdcmple               
0000323f  __aeabi_cdrcmple              
000036b5  __aeabi_d2iz                  
0000213b  __aeabi_dadd                  
00002851  __aeabi_ddiv                  
00002e01  __aeabi_dmul                  
00002131  __aeabi_dsub                  
00003a71  __aeabi_errno_addr            
000038d1  __aeabi_i2d                   
000022e7  __aeabi_idiv0                 
000022e7  __aeabi_ldiv0                 
000032c5  __aeabi_memclr                
000032c5  __aeabi_memclr4               
000032c5  __aeabi_memclr8               
00003087  __aeabi_memcpy                
00003087  __aeabi_memcpy4               
00003087  __aeabi_memcpy8               
000032c7  __aeabi_memset                
000032c7  __aeabi_memset4               
000032c7  __aeabi_memset8               
00003929  __aeabi_ui2d                  
00003123  __aeabi_uldivmod              
ffffffff  __binit__                     
ffffffff  __c_args__                    
UNDEFED   __mpu_init                    
20000270  __stack                       
00002989  __vla_alloc                   
000037fd  _c_int00_noargs               
00003a88  _ctypes_                      
2000230c  _lock                         
00000ccb  _nop                          
20001270  _sys_memory                   
UNDEFED   _system_post_cinit            
00003a7d  _system_pre_init              
20002310  _unlock                       
00003a81  abort                         
00003669  atoi                          
ffffffff  binit                         
000039c9  copysign                      
000039c9  copysignl                     
200022f4  data                          
20002314  errno                         
200022f0  falling                       
200022e0  flagg                         
00002efd  free                          
00003509  frexp                         
00003509  frexpl                        
20000000  g_pfnRAMVectors               
00000000  g_pfnVectors                  
0000235b  intit_interupts               
00003a39  lcd_clear                     
00001825  lcd_gotoLine                  
0000168d  lcd_init                      
0000188b  lcd_printf                    
0000174d  lcd_putc                      
00001785  lcd_puts                      
00001969  lcd_rotatingBanner            
000017a3  lcd_sendCommand               
000017e1  lcd_sendNibble                
0000184d  lcd_setCursorPos              
00002cf1  ldexp                         
00002cf1  ldexpl                        
000035c3  ltoa                          
00003949  main                          
000033b9  malloc                        
00003967  memccpy                       
00003087  memcpy                        
000032cd  memset                        
00003835  minit                         
00001b27  ping_init                     
00001c23  ping_read                     
00000ccd  pow                           
00000ccd  powl                          
00002bdd  realloc                       
200022ec  rising                        
200022e4  s_data                        
00002cf1  scalbn                        
00002cf1  scalbnl                       
00001bcb  send_pulse                    
000022e9  serial_init                   
00002465  sqrt                          
00002465  sqrtl                         
200022e8  state                         
000039b3  strchr                        
0000399b  strcmp                        
000039dd  strcpy                        
000039f1  strlen                        
000026cd  timer_getClock                
00002681  timer_startClock              
0000261b  timer_startTimer              
000026d3  timer_stopClock               
0000266b  timer_stopTimer               
000025f1  timer_waitMicros              
000025bd  timer_waitMillis              
000023fb  uart_receive                  
0000239b  uart_sendChar                 
000023b7  uart_senddata                 
000023d5  uart_sendstr                  
00003741  vsnprintf                     
00003a17  wcslen                        


GLOBAL SYMBOLS: SORTED BY Symbol Address 

address   name                          
-------   ----                          
00000000  __TI_static_base__            
00000000  g_pfnVectors                  
0000026d  __TI_printfi                  
00000ccb  _nop                          
00000ccd  pow                           
00000ccd  powl                          
00001000  __STACK_SIZE                  
00001000  __SYSMEM_SIZE                 
0000168d  lcd_init                      
0000174d  lcd_putc                      
00001785  lcd_puts                      
000017a3  lcd_sendCommand               
000017e1  lcd_sendNibble                
00001825  lcd_gotoLine                  
0000184d  lcd_setCursorPos              
0000188b  lcd_printf                    
00001969  lcd_rotatingBanner            
00001a55  TIMER1A_HANDLER               
00001b27  ping_init                     
00001bcb  send_pulse                    
00001c23  ping_read                     
00002131  __aeabi_dsub                  
0000213b  __aeabi_dadd                  
000022e7  __aeabi_idiv0                 
000022e7  __aeabi_ldiv0                 
000022e9  serial_init                   
0000235b  intit_interupts               
00002373  My_UART1_Handler              
0000239b  uart_sendChar                 
000023b7  uart_senddata                 
000023d5  uart_sendstr                  
000023fb  uart_receive                  
00002465  sqrt                          
00002465  sqrtl                         
000025bd  timer_waitMillis              
000025f1  timer_waitMicros              
0000261b  timer_startTimer              
0000266b  timer_stopTimer               
00002681  timer_startClock              
000026cd  timer_getClock                
000026d3  timer_stopClock               
00002851  __aeabi_ddiv                  
00002989  __vla_alloc                   
00002bdd  realloc                       
00002cf1  ldexp                         
00002cf1  ldexpl                        
00002cf1  scalbn                        
00002cf1  scalbnl                       
00002e01  __aeabi_dmul                  
00002efd  free                          
00003087  __aeabi_memcpy                
00003087  __aeabi_memcpy4               
00003087  __aeabi_memcpy8               
00003087  memcpy                        
00003123  __aeabi_uldivmod              
000031b9  __aeabi_cdcmpeq               
000031b9  __aeabi_cdcmple               
0000323f  __aeabi_cdrcmple              
000032c5  __aeabi_memclr                
000032c5  __aeabi_memclr4               
000032c5  __aeabi_memclr8               
000032c7  __aeabi_memset                
000032c7  __aeabi_memset4               
000032c7  __aeabi_memset8               
000032cd  memset                        
000033b9  malloc                        
0000349f  __TI_decompress_lzss          
00003509  frexp                         
00003509  frexpl                        
000035c3  ltoa                          
00003669  atoi                          
000036b5  __aeabi_d2iz                  
000036fd  __TI_auto_init_nobinit_nopinit
00003741  vsnprintf                     
000037fd  _c_int00_noargs               
00003835  minit                         
0000386d  IntRegister                   
000038d1  __aeabi_i2d                   
00003929  __aeabi_ui2d                  
00003949  main                          
00003967  memccpy                       
0000399b  strcmp                        
000039b3  strchr                        
000039c9  copysign                      
000039c9  copysignl                     
000039dd  strcpy                        
000039f1  strlen                        
00003a05  __TI_zero_init_nomemset       
00003a17  wcslen                        
00003a29  IntMasterEnable               
00003a39  lcd_clear                     
00003a49  __TI_decompress_none          
00003a57  CPUcpsie                      
00003a63  ResetISR                      
00003a71  __aeabi_errno_addr            
00003a79  __abort_execution             
00003a7d  _system_pre_init              
00003a81  C$$EXIT                       
00003a81  abort                         
00003a88  _ctypes_                      
00003bfc  __TI_Handler_Table_Base       
00003c08  __TI_Handler_Table_Limit      
00003c18  __TI_CINIT_Base               
00003c30  __TI_CINIT_Limit              
20000000  g_pfnRAMVectors               
20000270  __stack                       
20000470  __STACK_TOP                   
20001270  __STACK_END                   
20001270  _sys_memory                   
200022e0  flagg                         
200022e4  s_data                        
200022e8  state                         
200022ec  rising                        
200022f0  falling                       
200022f4  data                          
200022f8  OF                            
200022fc  OFN                           
2000230c  _lock                         
20002310  _unlock                       
20002314  errno                         
ffffffff  __TI_pprof_out_hndl           
ffffffff  __TI_prof_data_size           
ffffffff  __TI_prof_data_start          
ffffffff  __binit__                     
ffffffff  __c_args__                    
ffffffff  binit                         
UNDEFED   __mpu_init                    
UNDEFED   _system_post_cinit            

[128 symbols]
