******************************************************************************
                  TI ARM Linker PC v18.1.2                     
******************************************************************************
>> Linked Tue Apr  2 17:18:40 2019

OUTPUT FILE NAME:   <Lab8.out>
ENTRY POINT SYMBOL: "_c_int00_noargs"  address: 00003bc1


MEMORY CONFIGURATION

         name            origin    length      used     unused   attr    fill
----------------------  --------  ---------  --------  --------  ----  --------
  FLASH                 00000000   00040000  00003fc9  0003c037  R  X
  SRAM                  20000000   00008000  0000231a  00005ce6  RW X


SEGMENT ALLOCATION MAP

run origin  load origin   length   init length attrs members
----------  ----------- ---------- ----------- ----- -------
00000000    00000000    00003fd0   00003fd0    r-x
  00000000    00000000    0000026c   0000026c    r-- .intvecs
  0000026c    0000026c    00003bbc   00003bbc    r-x .text
  00003e28    00003e28    00000151   00000151    r-- .const
  00003f80    00003f80    00000050   00000050    r-- .cinit
20000000    20000000    00002321   00000000    rw-
  20000000    20000000    0000026c   00000000    rw- .vtable
  20000270    20000270    00001000   00000000    rw- .stack
  20001270    20001270    00001000   00000000    rw- .sysmem
  20002270    20002270    00000081   00000000    rw- .bss
  200022f4    200022f4    0000002d   00000000    rw- .data


SECTION ALLOCATION MAP

 output                                  attributes/
section   page    origin      length       input sections
--------  ----  ----------  ----------   ----------------
.intvecs   0    00000000    0000026c     
                  00000000    0000026c     tm4c123gh6pm_startup_ccs.obj (.intvecs)

.text      0    0000026c    00003bbc     
                  0000026c    00000a5e     rtsv7M4_T_le_v4SPD16_eabi.lib : _printfi.c.obj (.text:__TI_printfi)
                  00000cca    00000002                                   : _lock.c.obj (.text:_nop)
                  00000ccc    000009c0                                   : e_pow.c.obj (.text:pow)
                  0000168c    000003c8     lcd.obj (.text)
                  00001a54    0000029c     ping.obj (.text)
                  00001cf0    00000270     rtsv7M4_T_le_v4SPD16_eabi.lib : _printfi.c.obj (.text:_pconv_a)
                  00001f60    000001d0                                   : _printfi.c.obj (.text:_pconv_g)
                  00002130    000001b6                                   : fd_add_t2.asm.obj (.text)
                  000022e6    00000002                                   : div0.asm.obj (.text)
                  000022e8    00000180     main.obj (.text)
                  00002468    0000017c     uart.obj (.text)
                  000025e4    00000158     rtsv7M4_T_le_v4SPD16_eabi.lib : e_sqrt.c.obj (.text:sqrt)
                  0000273c    00000158     timer.obj (.text)
                  00002894    0000013c     rtsv7M4_T_le_v4SPD16_eabi.lib : _printfi.c.obj (.text:_pconv_e)
                  000029d0    00000136                                   : fd_div_t2.asm.obj (.text)
                  00002b06    00000002     --HOLE-- [fill = 0]
                  00002b08    00000134                                   : vla_alloc.c.obj (.text:__vla_alloc)
                  00002c3c    00000128     button.obj (.text)
                  00002d64    00000120     rtsv7M4_T_le_v4SPD16_eabi.lib : _printfi.c.obj (.text:fcvt)
                  00002e84    0000011c     servo.obj (.text)
                  00002fa0    00000114     rtsv7M4_T_le_v4SPD16_eabi.lib : memory.c.obj (.text:realloc)
                  000030b4    00000110                                   : s_scalbn.c.obj (.text:scalbn)
                  000031c4    000000fc                                   : fd_mul_t2.asm.obj (.text)
                  000032c0    000000d8                                   : memory.c.obj (.text:free)
                  00003398    000000b1                                   : _printfi.c.obj (.text:_ltostr)
                  00003449    00000001     --HOLE-- [fill = 0]
                  0000344a    0000009c                                   : memcpy_t2.asm.obj (.text)
                  000034e6    00000096                                   : ull_div_t2.asm.obj (.text)
                  0000357c    00000086                                   : fd_cmp_t2.asm.obj (.text:__aeabi_cdcmple)
                  00003602    00000086                                   : fd_cmp_t2.asm.obj (.text:__aeabi_cdrcmple)
                  00003688    0000007a                                   : memset_t2.asm.obj (.text)
                  00003702    00000002     --HOLE-- [fill = 0]
                  00003704    00000078                                   : vla_alloc.c.obj (.text:_ZN33_INTERNAL_11_vla_alloc_c_be8bd49b21free_dead_allocationsEPv)
                  0000377c    00000078                                   : memory.c.obj (.text:malloc)
                  000037f4    0000006e                                   : _printfi.c.obj (.text:_mcpy)
                  00003862    00000068                                   : copy_decompress_lzss.c.obj (.text:decompress:lzss:__TI_decompress_lzss)
                  000038ca    00000002     --HOLE-- [fill = 0]
                  000038cc    00000064                                   : s_frexp.c.obj (.text:frexp)
                  00003930    00000056                                   : _printfi.c.obj (.text:_pconv_f)
                  00003986    00000054                                   : ltoa.c.obj (.text:ltoa)
                  000039da    00000052                                   : _printfi.c.obj (.text:_ecpy)
                  00003a2c    0000004c                                   : atoi.c.obj (.text:atoi)
                  00003a78    00000048                                   : fd_toi_t2.asm.obj (.text)
                  00003ac0    00000044                                   : autoinit.c.obj (.text:__TI_auto_init_nobinit_nopinit:__TI_auto_init_nobinit_nopinit)
                  00003b04    00000040                                   : vsnprintf.c.obj (.text:vsnprintf)
                  00003b44    0000003e                                   : _printfi.c.obj (.text:_fcpy)
                  00003b82    00000002     --HOLE-- [fill = 0]
                  00003b84    0000003c                                   : memory.c.obj (.text:minsert)
                  00003bc0    00000038                                   : boot_cortex_m.c.obj (.text:_c_int00_noargs:_c_int00_noargs)
                  00003bf8    00000038                                   : memory.c.obj (.text:minit)
                  00003c30    00000034     driverlib.lib : interrupt.obj (.text:IntRegister)
                  00003c64    00000030     rtsv7M4_T_le_v4SPD16_eabi.lib : vsnprintf.c.obj (.text:_outs)
                  00003c94    0000002e                                   : i_tofd_t2.asm.obj (.text)
                  00003cc2    00000002     --HOLE-- [fill = 0]
                  00003cc4    00000028                                   : memory.c.obj (.text:mremove)
                  00003cec    00000020                                   : u_tofd_t2.asm.obj (.text)
                  00003d0c    0000001c                                   : memccpy.c.obj (.text:memccpy)
                  00003d28    00000018                                   : vsnprintf.c.obj (.text:_outc)
                  00003d40    00000018                                   : strcmp.c.obj (.text:strcmp)
                  00003d58    00000016                                   : strchr.c.obj (.text:strchr)
                  00003d6e    00000014                                   : s_copysign.c.obj (.text:copysign)
                  00003d82    00000014                                   : strcpy.c.obj (.text:strcpy)
                  00003d96    00000014                                   : strlen.c.obj (.text:strlen)
                  00003daa    00000012                                   : copy_zero_init.c.obj (.text:decompress:ZI:__TI_zero_init_nomemset:__TI_zero_init_nomemset)
                  00003dbc    00000012                                   : wcslen.c.obj (.text:wcslen)
                  00003dce    00000010     driverlib.lib : interrupt.obj (.text:IntMasterEnable)
                  00003dde    00000010     lcd.obj (.text:lcd_clear)
                  00003dee    0000000e     rtsv7M4_T_le_v4SPD16_eabi.lib : copy_decompress_none.c.obj (.text:decompress:none:__TI_decompress_none)
                  00003dfc    0000000c     driverlib.lib : cpu.obj (.text:CPUcpsie)
                  00003e08    0000000c     tm4c123gh6pm_startup_ccs.obj (.text)
                  00003e14    00000008     rtsv7M4_T_le_v4SPD16_eabi.lib : errno.c.obj (.text:__aeabi_errno_addr)
                  00003e1c    00000004                                   : error.c.obj (.text:__abort_execution)
                  00003e20    00000004                                   : pre_init.c.obj (.text:_system_pre_init)
                  00003e24    00000004                                   : exit.c.obj (.text:abort:abort)

.const     0    00003e28    00000151     
                  00003e28    00000101     rtsv7M4_T_le_v4SPD16_eabi.lib : ctype.c.obj (.const:.string:_ctypes_)
                  00003f29    00000004     lcd.obj (.const:.string:lineAddress$1)
                  00003f2d    00000003     --HOLE-- [fill = 0]
                  00003f30    00000030     rtsv7M4_T_le_v4SPD16_eabi.lib : e_pow.c.obj (.const:$O1$$)
                  00003f60    00000015     lcd.obj (.const:.string:$P$T1$4)
                  00003f75    00000004     lcd.obj (.const:.string:lineAddresses$2)

.cinit     0    00003f80    00000050     
                  00003f80    00000019     (.cinit..data.load) [load image, compression = lzss]
                  00003f99    00000003     --HOLE-- [fill = 0]
                  00003f9c    0000000c     (__TI_handler_table)
                  00003fa8    00000008     (.cinit..bss.load) [load image, compression = zero_init]
                  00003fb0    00000008     (.cinit..vtable.load) [load image, compression = zero_init]
                  00003fb8    00000018     (__TI_cinit_table)

.init_array 
*          0    00000000    00000000     UNINITIALIZED

.vtable    0    20000000    0000026c     UNINITIALIZED
                  20000000    0000026c     driverlib.lib : interrupt.obj (.vtable)

.stack     0    20000270    00001000     UNINITIALIZED
                  20000270    00000004     rtsv7M4_T_le_v4SPD16_eabi.lib : boot_cortex_m.c.obj (.stack)
                  20000274    00000ffc     --HOLE--

.sysmem    0    20001270    00001000     UNINITIALIZED
                  20001270    00000008     rtsv7M4_T_le_v4SPD16_eabi.lib : memory.c.obj (.sysmem)
                  20001278    00000ff8     --HOLE--

.bss       0    20002270    00000081     UNINITIALIZED
                  20002270    00000054     lcd.obj (.bss:lastbuffer$3)
                  200022c4    0000001c     rtsv7M4_T_le_v4SPD16_eabi.lib : vla_alloc.c.obj (.bss:$O1$$)
                  200022e0    00000004     (.common:button_event_ptr)
                  200022e4    00000004     (.common:button_num_ptr)
                  200022e8    00000004     (.common:flagg)
                  200022ec    00000004     (.common:s_data)
                  200022f0    00000001     (.common:state)

.data      0    200022f4    0000002d     UNINITIALIZED
                  200022f4    00000014     ping.obj (.data)
                  20002308    0000000c     rtsv7M4_T_le_v4SPD16_eabi.lib : memory.c.obj (.data:$O1$$)
                  20002314    00000008                                   : _lock.c.obj (.data:$O1$$)
                  2000231c    00000004                                   : errno.c.obj (.data)
                  20002320    00000001     button.obj (.data)

MODULE SUMMARY

       Module                         code    ro data   rw data
       ------                         ----    -------   -------
    .\
       lcd.obj                        984     29        84     
       ping.obj                       668     0         20     
       tm4c123gh6pm_startup_ccs.obj   12      620       0      
       uart.obj                       380     0         8      
       main.obj                       384     0         1      
       timer.obj                      344     0         0      
       button.obj                     296     0         9      
       servo.obj                      284     0         0      
    +--+------------------------------+-------+---------+---------+
       Total:                         3352    649       122    
                                                               
    C:/ti/TivaWare_C_Series-2.1.4.178/driverlib/ccs/Debug/driverlib.lib
       interrupt.obj                  68      0         620    
       cpu.obj                        12      0         0      
    +--+------------------------------+-------+---------+---------+
       Total:                         80      0         620    
                                                               
    C:\ti\ccsv8\tools\compiler\ti-cgt-arm_18.1.2.LTS\lib\rtsv7M4_T_le_v4SPD16_eabi.lib
       _printfi.c.obj                 4863    0         0      
       e_pow.c.obj                    2496    48        0      
       memory.c.obj                   768     0         12     
       vla_alloc.c.obj                428     0         28     
       fd_add_t2.asm.obj              438     0         0      
       e_sqrt.c.obj                   344     0         0      
       fd_div_t2.asm.obj              310     0         0      
       s_scalbn.c.obj                 272     0         0      
       fd_cmp_t2.asm.obj              268     0         0      
       ctype.c.obj                    0       257       0      
       fd_mul_t2.asm.obj              252     0         0      
       memcpy_t2.asm.obj              156     0         0      
       ull_div_t2.asm.obj             150     0         0      
       vsnprintf.c.obj                136     0         0      
       memset_t2.asm.obj              122     0         0      
       copy_decompress_lzss.c.obj     104     0         0      
       s_frexp.c.obj                  100     0         0      
       ltoa.c.obj                     84      0         0      
       atoi.c.obj                     76      0         0      
       fd_toi_t2.asm.obj              72      0         0      
       autoinit.c.obj                 68      0         0      
       boot_cortex_m.c.obj            56      0         0      
       i_tofd_t2.asm.obj              46      0         0      
       u_tofd_t2.asm.obj              32      0         0      
       memccpy.c.obj                  28      0         0      
       strcmp.c.obj                   24      0         0      
       strchr.c.obj                   22      0         0      
       s_copysign.c.obj               20      0         0      
       strcpy.c.obj                   20      0         0      
       strlen.c.obj                   20      0         0      
       copy_zero_init.c.obj           18      0         0      
       wcslen.c.obj                   18      0         0      
       copy_decompress_none.c.obj     14      0         0      
       errno.c.obj                    8       0         4      
       _lock.c.obj                    2       0         8      
       error.c.obj                    4       0         0      
       exit.c.obj                     4       0         0      
       pre_init.c.obj                 4       0         0      
       div0.asm.obj                   2       0         0      
    +--+------------------------------+-------+---------+---------+
       Total:                         11849   305       52     
                                                               
       Heap:                          0       0         4096   
       Stack:                         0       0         4096   
       Linker Generated:              0       77        0      
    +--+------------------------------+-------+---------+---------+
       Grand Total:                   15281   1031      8986   


LINKER GENERATED COPY TABLES

__TI_cinit_table @ 00003fb8 records: 3, size/record: 8, table size: 24
	.data: load addr=00003f80, load size=00000019 bytes, run addr=200022f4, run size=0000002d bytes, compression=lzss
	.bss: load addr=00003fa8, load size=00000008 bytes, run addr=20002270, run size=00000081 bytes, compression=zero_init
	.vtable: load addr=00003fb0, load size=00000008 bytes, run addr=20000000, run size=0000026c bytes, compression=zero_init


LINKER GENERATED HANDLER TABLE

__TI_handler_table @ 00003f9c records: 3, size/record: 4, table size: 12
	index: 0, handler: __TI_zero_init
	index: 1, handler: __TI_decompress_lzss
	index: 2, handler: __TI_decompress_none


GLOBAL SYMBOLS: SORTED ALPHABETICALLY BY Name 

address   name                          
-------   ----                          
00003e25  C$$EXIT                       
00003dfd  CPUcpsie                      
00003dcf  IntMasterEnable               
00003c31  IntRegister                   
000024f3  My_UART1_Handler              
20002300  OF                            
20002304  OFN                           
00003e09  ResetISR                      
00001a55  TIMER1A_HANDLER               
20001270  __STACK_END                   
00001000  __STACK_SIZE                  
20000470  __STACK_TOP                   
00001000  __SYSMEM_SIZE                 
00003fb8  __TI_CINIT_Base               
00003fd0  __TI_CINIT_Limit              
00003f9c  __TI_Handler_Table_Base       
00003fa8  __TI_Handler_Table_Limit      
00003ac1  __TI_auto_init_nobinit_nopinit
00003863  __TI_decompress_lzss          
00003def  __TI_decompress_none          
ffffffff  __TI_pprof_out_hndl           
0000026d  __TI_printfi                  
ffffffff  __TI_prof_data_size           
ffffffff  __TI_prof_data_start          
00000000  __TI_static_base__            
00003dab  __TI_zero_init_nomemset       
00003e1d  __abort_execution             
0000357d  __aeabi_cdcmpeq               
0000357d  __aeabi_cdcmple               
00003603  __aeabi_cdrcmple              
00003a79  __aeabi_d2iz                  
0000213b  __aeabi_dadd                  
000029d1  __aeabi_ddiv                  
000031c5  __aeabi_dmul                  
00002131  __aeabi_dsub                  
00003e15  __aeabi_errno_addr            
00003c95  __aeabi_i2d                   
000022e7  __aeabi_idiv0                 
000022e7  __aeabi_ldiv0                 
00003689  __aeabi_memclr                
00003689  __aeabi_memclr4               
00003689  __aeabi_memclr8               
0000344b  __aeabi_memcpy                
0000344b  __aeabi_memcpy4               
0000344b  __aeabi_memcpy8               
0000368b  __aeabi_memset                
0000368b  __aeabi_memset4               
0000368b  __aeabi_memset8               
00003ced  __aeabi_ui2d                  
000034e7  __aeabi_uldivmod              
ffffffff  __binit__                     
ffffffff  __c_args__                    
UNDEFED   __mpu_init                    
20000270  __stack                       
00002b09  __vla_alloc                   
00003bc1  _c_int00_noargs               
00003e28  _ctypes_                      
20002314  _lock                         
00000ccb  _nop                          
20001270  _sys_memory                   
UNDEFED   _system_post_cinit            
00003e21  _system_pre_init              
20002318  _unlock                       
00003e25  abort                         
00003a2d  atoi                          
ffffffff  binit                         
00002cd9  button_checkButtons           
200022e0  button_event_ptr              
00002ce3  button_getButton              
00002c3d  button_init                   
200022e4  button_num_ptr                
00003d6f  copysign                      
00003d6f  copysignl                     
200022fc  data                          
2000231c  errno                         
200022f8  falling                       
200022e8  flagg                         
000032c1  free                          
000038cd  frexp                         
000038cd  frexpl                        
20000000  g_pfnRAMVectors               
00000000  g_pfnVectors                  
00002cbd  gpioe_handler                 
00002c69  init_button_interrupts        
000024db  intit_interupts               
00003ddf  lcd_clear                     
00001825  lcd_gotoLine                  
0000168d  lcd_init                      
0000188b  lcd_printf                    
0000174d  lcd_putc                      
00001785  lcd_puts                      
00001969  lcd_rotatingBanner            
000017a3  lcd_sendCommand               
000017e1  lcd_sendNibble                
0000184d  lcd_setCursorPos              
000030b5  ldexp                         
000030b5  ldexpl                        
00003987  ltoa                          
000022e9  main                          
0000377d  malloc                        
00003d0d  memccpy                       
0000344b  memcpy                        
00003691  memset                        
00003bf9  minit                         
00001b27  ping_init                     
00001c23  ping_read                     
00000ccd  pow                           
00000ccd  powl                          
00002fa1  realloc                       
200022f4  rising                        
200022ec  s_data                        
000030b5  scalbn                        
000030b5  scalbnl                       
00001bcb  send_pulse                    
00002469  serial_init                   
00002ed1  servo_init                    
00002e85  servo_move                    
000025e5  sqrt                          
000025e5  sqrtl                         
200022f0  state                         
00003d59  strchr                        
00003d41  strcmp                        
00003d83  strcpy                        
00003d97  strlen                        
0000284d  timer_getClock                
00002801  timer_startClock              
0000279b  timer_startTimer              
00002853  timer_stopClock               
000027eb  timer_stopTimer               
00002771  timer_waitMicros              
0000273d  timer_waitMillis              
0000257b  uart_receive                  
0000251b  uart_sendChar                 
00002537  uart_senddata                 
00002555  uart_sendstr                  
00003b05  vsnprintf                     
00003dbd  wcslen                        


GLOBAL SYMBOLS: SORTED BY Symbol Address 

address   name                          
-------   ----                          
00000000  __TI_static_base__            
00000000  g_pfnVectors                  
0000026d  __TI_printfi                  
00000ccb  _nop                          
00000ccd  pow                           
00000ccd  powl                          
00001000  __STACK_SIZE                  
00001000  __SYSMEM_SIZE                 
0000168d  lcd_init                      
0000174d  lcd_putc                      
00001785  lcd_puts                      
000017a3  lcd_sendCommand               
000017e1  lcd_sendNibble                
00001825  lcd_gotoLine                  
0000184d  lcd_setCursorPos              
0000188b  lcd_printf                    
00001969  lcd_rotatingBanner            
00001a55  TIMER1A_HANDLER               
00001b27  ping_init                     
00001bcb  send_pulse                    
00001c23  ping_read                     
00002131  __aeabi_dsub                  
0000213b  __aeabi_dadd                  
000022e7  __aeabi_idiv0                 
000022e7  __aeabi_ldiv0                 
000022e9  main                          
00002469  serial_init                   
000024db  intit_interupts               
000024f3  My_UART1_Handler              
0000251b  uart_sendChar                 
00002537  uart_senddata                 
00002555  uart_sendstr                  
0000257b  uart_receive                  
000025e5  sqrt                          
000025e5  sqrtl                         
0000273d  timer_waitMillis              
00002771  timer_waitMicros              
0000279b  timer_startTimer              
000027eb  timer_stopTimer               
00002801  timer_startClock              
0000284d  timer_getClock                
00002853  timer_stopClock               
000029d1  __aeabi_ddiv                  
00002b09  __vla_alloc                   
00002c3d  button_init                   
00002c69  init_button_interrupts        
00002cbd  gpioe_handler                 
00002cd9  button_checkButtons           
00002ce3  button_getButton              
00002e85  servo_move                    
00002ed1  servo_init                    
00002fa1  realloc                       
000030b5  ldexp                         
000030b5  ldexpl                        
000030b5  scalbn                        
000030b5  scalbnl                       
000031c5  __aeabi_dmul                  
000032c1  free                          
0000344b  __aeabi_memcpy                
0000344b  __aeabi_memcpy4               
0000344b  __aeabi_memcpy8               
0000344b  memcpy                        
000034e7  __aeabi_uldivmod              
0000357d  __aeabi_cdcmpeq               
0000357d  __aeabi_cdcmple               
00003603  __aeabi_cdrcmple              
00003689  __aeabi_memclr                
00003689  __aeabi_memclr4               
00003689  __aeabi_memclr8               
0000368b  __aeabi_memset                
0000368b  __aeabi_memset4               
0000368b  __aeabi_memset8               
00003691  memset                        
0000377d  malloc                        
00003863  __TI_decompress_lzss          
000038cd  frexp                         
000038cd  frexpl                        
00003987  ltoa                          
00003a2d  atoi                          
00003a79  __aeabi_d2iz                  
00003ac1  __TI_auto_init_nobinit_nopinit
00003b05  vsnprintf                     
00003bc1  _c_int00_noargs               
00003bf9  minit                         
00003c31  IntRegister                   
00003c95  __aeabi_i2d                   
00003ced  __aeabi_ui2d                  
00003d0d  memccpy                       
00003d41  strcmp                        
00003d59  strchr                        
00003d6f  copysign                      
00003d6f  copysignl                     
00003d83  strcpy                        
00003d97  strlen                        
00003dab  __TI_zero_init_nomemset       
00003dbd  wcslen                        
00003dcf  IntMasterEnable               
00003ddf  lcd_clear                     
00003def  __TI_decompress_none          
00003dfd  CPUcpsie                      
00003e09  ResetISR                      
00003e15  __aeabi_errno_addr            
00003e1d  __abort_execution             
00003e21  _system_pre_init              
00003e25  C$$EXIT                       
00003e25  abort                         
00003e28  _ctypes_                      
00003f9c  __TI_Handler_Table_Base       
00003fa8  __TI_Handler_Table_Limit      
00003fb8  __TI_CINIT_Base               
00003fd0  __TI_CINIT_Limit              
20000000  g_pfnRAMVectors               
20000270  __stack                       
20000470  __STACK_TOP                   
20001270  __STACK_END                   
20001270  _sys_memory                   
200022e0  button_event_ptr              
200022e4  button_num_ptr                
200022e8  flagg                         
200022ec  s_data                        
200022f0  state                         
200022f4  rising                        
200022f8  falling                       
200022fc  data                          
20002300  OF                            
20002304  OFN                           
20002314  _lock                         
20002318  _unlock                       
2000231c  errno                         
ffffffff  __TI_pprof_out_hndl           
ffffffff  __TI_prof_data_size           
ffffffff  __TI_prof_data_start          
ffffffff  __binit__                     
ffffffff  __c_args__                    
ffffffff  binit                         
UNDEFED   __mpu_init                    
UNDEFED   _system_post_cinit            

[137 symbols]
