******************************************************************************
                  TI ARM Linker PC v18.1.2                     
******************************************************************************
>> Linked Tue Apr  9 19:31:48 2019

OUTPUT FILE NAME:   <Lab9.out>
ENTRY POINT SYMBOL: "_c_int00_noargs"  address: 00004e6d


MEMORY CONFIGURATION

         name            origin    length      used     unused   attr    fill
----------------------  --------  ---------  --------  --------  ----  --------
  FLASH                 00000000   00040000  000053c9  0003ac37  R  X
  SRAM                  20000000   00008000  00002c05  000053fb  RW X


SEGMENT ALLOCATION MAP

run origin  load origin   length   init length attrs members
----------  ----------- ---------- ----------- ----- -------
00000000    00000000    000053d0   000053d0    r-x
  00000000    00000000    0000026c   0000026c    r-- .intvecs
  0000026c    0000026c    00004e64   00004e64    r-x .text
  000050d0    000050d0    000002a9   000002a9    r-- .const
  00005380    00005380    00000050   00000050    r-- .cinit
20000000    20000000    00002c0c   00000000    rw-
  20000000    20000000    0000026c   00000000    rw- .vtable
  20000270    20000270    00001000   00000000    rw- .stack
  20001270    20001270    00001000   00000000    rw- .sysmem
  20002270    20002270    00000965   00000000    rw- .bss
  20002bd8    20002bd8    00000034   00000000    rw- .data


SECTION ALLOCATION MAP

 output                                  attributes/
section   page    origin      length       input sections
--------  ----  ----------  ----------   ----------------
.intvecs   0    00000000    0000026c     
                  00000000    0000026c     tm4c123gh6pm_startup_ccs.obj (.intvecs)

.text      0    0000026c    00004e64     
                  0000026c    00000a5e     rtsv7M4_T_le_v4SPD16_eabi.lib : _printfi.c.obj (.text:__TI_printfi)
                  00000cca    00000002                                   : _lock.c.obj (.text:_nop)
                  00000ccc    000009c0                                   : e_pow.c.obj (.text:pow)
                  0000168c    00000738                                   : k_rem_pio2.c.obj (.text:__kernel_rem_pio2)
                  00001dc4    000005dc                                   : s_cos.c.obj (.text:cos)
                  000023a0    000003c8     lcd.obj (.text)
                  00002768    000003bc     main.obj (.text)
                  00002b24    0000027c     ping.obj (.text)
                  00002da0    00000270     rtsv7M4_T_le_v4SPD16_eabi.lib : _printfi.c.obj (.text:_pconv_a)
                  00003010    000001d0                                   : _printfi.c.obj (.text:_pconv_g)
                  000031e0    000001b6                                   : fd_add_t2.asm.obj (.text)
                  00003396    00000002                                   : div0.asm.obj (.text)
                  00003398    0000017c     uart.obj (.text)
                  00003514    00000174     rtsv7M4_T_le_v4SPD16_eabi.lib : k_sin.c.obj (.text:__kernel_sin)
                  00003688    0000016c                                   : k_cos.c.obj (.text:__kernel_cos)
                  000037f4    00000158                                   : e_sqrt.c.obj (.text:sqrt)
                  0000394c    00000158     timer.obj (.text)
                  00003aa4    0000013c     rtsv7M4_T_le_v4SPD16_eabi.lib : _printfi.c.obj (.text:_pconv_e)
                  00003be0    00000136                                   : fd_div_t2.asm.obj (.text)
                  00003d16    00000002     --HOLE-- [fill = 0]
                  00003d18    00000134                                   : vla_alloc.c.obj (.text:__vla_alloc)
                  00003e4c    00000120                                   : _printfi.c.obj (.text:fcvt)
                  00003f6c    0000011c     servo.obj (.text)
                  00004088    00000114     rtsv7M4_T_le_v4SPD16_eabi.lib : memory.c.obj (.text:realloc)
                  0000419c    00000110                                   : s_scalbn.c.obj (.text:scalbn)
                  000042ac    000000fc                                   : fd_mul_t2.asm.obj (.text)
                  000043a8    000000f8                                   : s_floor.c.obj (.text:floor)
                  000044a0    000000d8                                   : memory.c.obj (.text:free)
                  00004578    000000cc     adc.obj (.text)
                  00004644    000000b1     rtsv7M4_T_le_v4SPD16_eabi.lib : _printfi.c.obj (.text:_ltostr)
                  000046f5    00000001     --HOLE-- [fill = 0]
                  000046f6    0000009c                                   : memcpy_t2.asm.obj (.text)
                  00004792    00000096                                   : ull_div_t2.asm.obj (.text)
                  00004828    00000086                                   : fd_cmp_t2.asm.obj (.text:__aeabi_cdcmple)
                  000048ae    00000086                                   : fd_cmp_t2.asm.obj (.text:__aeabi_cdrcmple)
                  00004934    0000007a                                   : memset_t2.asm.obj (.text)
                  000049ae    00000002     --HOLE-- [fill = 0]
                  000049b0    00000078                                   : vla_alloc.c.obj (.text:_ZN33_INTERNAL_11_vla_alloc_c_be8bd49b21free_dead_allocationsEPv)
                  00004a28    00000078                                   : memory.c.obj (.text:malloc)
                  00004aa0    0000006e                                   : _printfi.c.obj (.text:_mcpy)
                  00004b0e    00000068                                   : copy_decompress_lzss.c.obj (.text:decompress:lzss:__TI_decompress_lzss)
                  00004b76    00000002     --HOLE-- [fill = 0]
                  00004b78    00000064                                   : s_frexp.c.obj (.text:frexp)
                  00004bdc    00000056                                   : _printfi.c.obj (.text:_pconv_f)
                  00004c32    00000054                                   : ltoa.c.obj (.text:ltoa)
                  00004c86    00000052                                   : _printfi.c.obj (.text:_ecpy)
                  00004cd8    0000004c                                   : atoi.c.obj (.text:atoi)
                  00004d24    00000048                                   : fd_toi_t2.asm.obj (.text)
                  00004d6c    00000044                                   : autoinit.c.obj (.text:__TI_auto_init_nobinit_nopinit:__TI_auto_init_nobinit_nopinit)
                  00004db0    00000040                                   : vsnprintf.c.obj (.text:vsnprintf)
                  00004df0    0000003e                                   : _printfi.c.obj (.text:_fcpy)
                  00004e2e    00000002     --HOLE-- [fill = 0]
                  00004e30    0000003c                                   : memory.c.obj (.text:minsert)
                  00004e6c    00000038                                   : boot_cortex_m.c.obj (.text:_c_int00_noargs:_c_int00_noargs)
                  00004ea4    00000038                                   : memory.c.obj (.text:minit)
                  00004edc    00000034     driverlib.lib : interrupt.obj (.text:IntRegister)
                  00004f10    00000030     rtsv7M4_T_le_v4SPD16_eabi.lib : vsnprintf.c.obj (.text:_outs)
                  00004f40    0000002e                                   : i_tofd_t2.asm.obj (.text)
                  00004f6e    00000002     --HOLE-- [fill = 0]
                  00004f70    00000028                                   : memory.c.obj (.text:mremove)
                  00004f98    00000020                                   : u_tofd_t2.asm.obj (.text)
                  00004fb8    0000001c                                   : memccpy.c.obj (.text:memccpy)
                  00004fd4    00000018                                   : vsnprintf.c.obj (.text:_outc)
                  00004fec    00000018                                   : strcmp.c.obj (.text:strcmp)
                  00005004    00000016                                   : strchr.c.obj (.text:strchr)
                  0000501a    00000014                                   : s_copysign.c.obj (.text:copysign)
                  0000502e    00000014                                   : strcpy.c.obj (.text:strcpy)
                  00005042    00000014                                   : strlen.c.obj (.text:strlen)
                  00005056    00000012                                   : wcslen.c.obj (.text:wcslen)
                  00005068    00000010     driverlib.lib : interrupt.obj (.text:IntMasterEnable)
                  00005078    00000010     lcd.obj (.text:lcd_clear)
                  00005088    0000000e     rtsv7M4_T_le_v4SPD16_eabi.lib : copy_decompress_none.c.obj (.text:decompress:none:__TI_decompress_none)
                  00005096    0000000c     driverlib.lib : cpu.obj (.text:CPUcpsie)
                  000050a2    0000000c     rtsv7M4_T_le_v4SPD16_eabi.lib : copy_zero_init.c.obj (.text:decompress:ZI:__TI_zero_init)
                  000050ae    0000000c     tm4c123gh6pm_startup_ccs.obj (.text)
                  000050ba    00000002     --HOLE-- [fill = 0]
                  000050bc    00000008     rtsv7M4_T_le_v4SPD16_eabi.lib : errno.c.obj (.text:__aeabi_errno_addr)
                  000050c4    00000004                                   : error.c.obj (.text:__abort_execution)
                  000050c8    00000004                                   : pre_init.c.obj (.text:_system_pre_init)
                  000050cc    00000004                                   : exit.c.obj (.text:abort:abort)

.const     0    000050d0    000002a9     
                  000050d0    00000158     rtsv7M4_T_le_v4SPD16_eabi.lib : k_rem_pio2.c.obj (.const:$O1$$)
                  00005228    00000101                                   : ctype.c.obj (.const:.string:_ctypes_)
                  00005329    00000004     lcd.obj (.const:.string:lineAddress$1)
                  0000532d    00000003     --HOLE-- [fill = 0]
                  00005330    00000030     rtsv7M4_T_le_v4SPD16_eabi.lib : e_pow.c.obj (.const:$O1$$)
                  00005360    00000015     lcd.obj (.const:.string:$P$T1$4)
                  00005375    00000004     lcd.obj (.const:.string:lineAddresses$2)

.cinit     0    00005380    00000050     
                  00005380    00000019     (.cinit..data.load) [load image, compression = lzss]
                  00005399    00000003     --HOLE-- [fill = 0]
                  0000539c    0000000c     (__TI_handler_table)
                  000053a8    00000008     (.cinit..bss.load) [load image, compression = zero_init]
                  000053b0    00000008     (.cinit..vtable.load) [load image, compression = zero_init]
                  000053b8    00000018     (__TI_cinit_table)

.init_array 
*          0    00000000    00000000     UNINITIALIZED

.vtable    0    20000000    0000026c     UNINITIALIZED
                  20000000    0000026c     driverlib.lib : interrupt.obj (.vtable)

.stack     0    20000270    00001000     UNINITIALIZED
                  20000270    00000004     rtsv7M4_T_le_v4SPD16_eabi.lib : boot_cortex_m.c.obj (.stack)
                  20000274    00000ffc     --HOLE--

.sysmem    0    20001270    00001000     UNINITIALIZED
                  20001270    00000008     rtsv7M4_T_le_v4SPD16_eabi.lib : memory.c.obj (.sysmem)
                  20001278    00000ff8     --HOLE--

.bss       0    20002270    00000965     UNINITIALIZED
                  20002270    00000870     (.common:aarray)
                  20002ae0    00000054     lcd.obj (.bss:lastbuffer$3)
                  20002b34    00000028     (.common:final_angle)
                  20002b5c    00000028     (.common:init_angle)
                  20002b84    00000028     (.common:widths)
                  20002bac    0000001c     rtsv7M4_T_le_v4SPD16_eabi.lib : vla_alloc.c.obj (.bss:$O1$$)
                  20002bc8    00000004     (.common:distance)
                  20002bcc    00000004     (.common:flagg)
                  20002bd0    00000004     (.common:s_data)
                  20002bd4    00000001     (.common:state)

.data      0    20002bd8    00000034     UNINITIALIZED
                  20002bd8    00000014     ping.obj (.data)
                  20002bec    0000000c     rtsv7M4_T_le_v4SPD16_eabi.lib : memory.c.obj (.data:$O1$$)
                  20002bf8    00000008                                   : _lock.c.obj (.data:$O1$$)
                  20002c00    00000008     main.obj (.data)
                  20002c08    00000004     rtsv7M4_T_le_v4SPD16_eabi.lib : errno.c.obj (.data)

MODULE SUMMARY

       Module                         code    ro data   rw data
       ------                         ----    -------   -------
    .\
       main.obj                       956     0         2293   
       lcd.obj                        984     29        84     
       ping.obj                       636     0         20     
       tm4c123gh6pm_startup_ccs.obj   12      620       0      
       uart.obj                       380     0         8      
       timer.obj                      344     0         0      
       servo.obj                      284     0         0      
       adc.obj                        204     0         0      
    +--+------------------------------+-------+---------+---------+
       Total:                         3800    649       2405   
                                                               
    C:/ti/TivaWare_C_Series-2.1.4.178/driverlib/ccs/Debug/driverlib.lib
       interrupt.obj                  68      0         620    
       cpu.obj                        12      0         0      
    +--+------------------------------+-------+---------+---------+
       Total:                         80      0         620    
                                                               
    C:\ti\ccsv8\tools\compiler\ti-cgt-arm_18.1.2.LTS\lib\rtsv7M4_T_le_v4SPD16_eabi.lib
       _printfi.c.obj                 4863    0         0      
       e_pow.c.obj                    2496    48        0      
       k_rem_pio2.c.obj               1848    344       0      
       s_cos.c.obj                    1500    0         0      
       memory.c.obj                   768     0         12     
       vla_alloc.c.obj                428     0         28     
       fd_add_t2.asm.obj              438     0         0      
       k_sin.c.obj                    372     0         0      
       k_cos.c.obj                    364     0         0      
       e_sqrt.c.obj                   344     0         0      
       fd_div_t2.asm.obj              310     0         0      
       s_scalbn.c.obj                 272     0         0      
       fd_cmp_t2.asm.obj              268     0         0      
       ctype.c.obj                    0       257       0      
       fd_mul_t2.asm.obj              252     0         0      
       s_floor.c.obj                  248     0         0      
       memcpy_t2.asm.obj              156     0         0      
       ull_div_t2.asm.obj             150     0         0      
       vsnprintf.c.obj                136     0         0      
       memset_t2.asm.obj              122     0         0      
       copy_decompress_lzss.c.obj     104     0         0      
       s_frexp.c.obj                  100     0         0      
       ltoa.c.obj                     84      0         0      
       atoi.c.obj                     76      0         0      
       fd_toi_t2.asm.obj              72      0         0      
       autoinit.c.obj                 68      0         0      
       boot_cortex_m.c.obj            56      0         0      
       i_tofd_t2.asm.obj              46      0         0      
       u_tofd_t2.asm.obj              32      0         0      
       memccpy.c.obj                  28      0         0      
       strcmp.c.obj                   24      0         0      
       strchr.c.obj                   22      0         0      
       s_copysign.c.obj               20      0         0      
       strcpy.c.obj                   20      0         0      
       strlen.c.obj                   20      0         0      
       wcslen.c.obj                   18      0         0      
       copy_decompress_none.c.obj     14      0         0      
       copy_zero_init.c.obj           12      0         0      
       errno.c.obj                    8       0         4      
       _lock.c.obj                    2       0         8      
       error.c.obj                    4       0         0      
       exit.c.obj                     4       0         0      
       pre_init.c.obj                 4       0         0      
       div0.asm.obj                   2       0         0      
    +--+------------------------------+-------+---------+---------+
       Total:                         16175   649       52     
                                                               
       Heap:                          0       0         4096   
       Stack:                         0       0         4096   
       Linker Generated:              0       77        0      
    +--+------------------------------+-------+---------+---------+
       Grand Total:                   20055   1375      11269  


LINKER GENERATED COPY TABLES

__TI_cinit_table @ 000053b8 records: 3, size/record: 8, table size: 24
	.data: load addr=00005380, load size=00000019 bytes, run addr=20002bd8, run size=00000034 bytes, compression=lzss
	.bss: load addr=000053a8, load size=00000008 bytes, run addr=20002270, run size=00000965 bytes, compression=zero_init
	.vtable: load addr=000053b0, load size=00000008 bytes, run addr=20000000, run size=0000026c bytes, compression=zero_init


LINKER GENERATED HANDLER TABLE

__TI_handler_table @ 0000539c records: 3, size/record: 4, table size: 12
	index: 0, handler: __TI_zero_init
	index: 1, handler: __TI_decompress_lzss
	index: 2, handler: __TI_decompress_none


GLOBAL SYMBOLS: SORTED ALPHABETICALLY BY Name 

address   name                          
-------   ----                          
000050cd  C$$EXIT                       
00005097  CPUcpsie                      
20002c00  IR                            
00005069  IntMasterEnable               
00004edd  IntRegister                   
00003423  My_UART1_Handler              
20002be4  OF                            
20002be8  OFN                           
000050af  ResetISR                      
00002b25  TIMER1A_HANDLER               
20001270  __STACK_END                   
00001000  __STACK_SIZE                  
20000470  __STACK_TOP                   
00001000  __SYSMEM_SIZE                 
000053b8  __TI_CINIT_Base               
000053d0  __TI_CINIT_Limit              
0000539c  __TI_Handler_Table_Base       
000053a8  __TI_Handler_Table_Limit      
00004d6d  __TI_auto_init_nobinit_nopinit
00004b0f  __TI_decompress_lzss          
00005089  __TI_decompress_none          
ffffffff  __TI_pprof_out_hndl           
0000026d  __TI_printfi                  
ffffffff  __TI_prof_data_size           
ffffffff  __TI_prof_data_start          
00000000  __TI_static_base__            
000050a3  __TI_zero_init                
000050c5  __abort_execution             
00004829  __aeabi_cdcmpeq               
00004829  __aeabi_cdcmple               
000048af  __aeabi_cdrcmple              
00004d25  __aeabi_d2iz                  
000031eb  __aeabi_dadd                  
00003be1  __aeabi_ddiv                  
000042ad  __aeabi_dmul                  
000031e1  __aeabi_dsub                  
000050bd  __aeabi_errno_addr            
00004f41  __aeabi_i2d                   
00003397  __aeabi_idiv0                 
00003397  __aeabi_ldiv0                 
00004935  __aeabi_memclr                
00004935  __aeabi_memclr4               
00004935  __aeabi_memclr8               
000046f7  __aeabi_memcpy                
000046f7  __aeabi_memcpy4               
000046f7  __aeabi_memcpy8               
00004937  __aeabi_memset                
00004937  __aeabi_memset4               
00004937  __aeabi_memset8               
00004f99  __aeabi_ui2d                  
00004793  __aeabi_uldivmod              
ffffffff  __binit__                     
ffffffff  __c_args__                    
00003689  __kernel_cos                  
0000168d  __kernel_rem_pio2             
00003515  __kernel_sin                  
UNDEFED   __mpu_init                    
20000270  __stack                       
00003d19  __vla_alloc                   
00004e6d  _c_int00_noargs               
00005228  _ctypes_                      
20002bf8  _lock                         
00000ccb  _nop                          
20001270  _sys_memory                   
UNDEFED   _system_post_cinit            
000050c9  _system_pre_init              
20002bfc  _unlock                       
20002270  aarray                        
000050cd  abort                         
000045ef  adc_read                      
00004cd9  atoi                          
ffffffff  binit                         
0000501b  copysign                      
0000501b  copysignl                     
00001dc5  cos                           
00001dc5  cosl                          
20002be0  data                          
20002bc8  distance                      
20002c08  errno                         
20002bdc  falling                       
20002b34  final_angle                   
20002bcc  flagg                         
000043a9  floor                         
000043a9  floorl                        
000044a1  free                          
00004b79  frexp                         
00004b79  frexpl                        
20000000  g_pfnRAMVectors               
00000000  g_pfnVectors                  
00004579  init_ADC                      
20002b5c  init_angle                    
0000340b  intit_interupts               
00005079  lcd_clear                     
00002539  lcd_gotoLine                  
000023a1  lcd_init                      
0000259f  lcd_printf                    
00002461  lcd_putc                      
00002499  lcd_puts                      
0000267d  lcd_rotatingBanner            
000024b7  lcd_sendCommand               
000024f5  lcd_sendNibble                
00002561  lcd_setCursorPos              
0000419d  ldexp                         
0000419d  ldexpl                        
00004c33  ltoa                          
00002769  main                          
00004a29  malloc                        
00004fb9  memccpy                       
000046f7  memcpy                        
0000493d  memset                        
00004ea5  minit                         
00002bf7  ping_init                     
00002cf3  ping_read                     
00000ccd  pow                           
00000ccd  powl                          
00004089  realloc                       
20002bd8  rising                        
20002bd0  s_data                        
0000419d  scalbn                        
0000419d  scalbnl                       
00002c9b  send_pulse                    
00003399  serial_init                   
00003fb9  servo_init                    
00003f6d  servo_move                    
000037f5  sqrt                          
000037f5  sqrtl                         
20002bd4  state                         
00005005  strchr                        
00004fed  strcmp                        
0000502f  strcpy                        
00005043  strlen                        
00003a5d  timer_getClock                
00003a11  timer_startClock              
000039ab  timer_startTimer              
00003a63  timer_stopClock               
000039fb  timer_stopTimer               
00003981  timer_waitMicros              
0000394d  timer_waitMillis              
000034ab  uart_receive                  
0000344b  uart_sendChar                 
00003467  uart_senddata                 
00003485  uart_sendstr                  
00004db1  vsnprintf                     
00005057  wcslen                        
20002b84  widths                        


GLOBAL SYMBOLS: SORTED BY Symbol Address 

address   name                          
-------   ----                          
00000000  __TI_static_base__            
00000000  g_pfnVectors                  
0000026d  __TI_printfi                  
00000ccb  _nop                          
00000ccd  pow                           
00000ccd  powl                          
00001000  __STACK_SIZE                  
00001000  __SYSMEM_SIZE                 
0000168d  __kernel_rem_pio2             
00001dc5  cos                           
00001dc5  cosl                          
000023a1  lcd_init                      
00002461  lcd_putc                      
00002499  lcd_puts                      
000024b7  lcd_sendCommand               
000024f5  lcd_sendNibble                
00002539  lcd_gotoLine                  
00002561  lcd_setCursorPos              
0000259f  lcd_printf                    
0000267d  lcd_rotatingBanner            
00002769  main                          
00002b25  TIMER1A_HANDLER               
00002bf7  ping_init                     
00002c9b  send_pulse                    
00002cf3  ping_read                     
000031e1  __aeabi_dsub                  
000031eb  __aeabi_dadd                  
00003397  __aeabi_idiv0                 
00003397  __aeabi_ldiv0                 
00003399  serial_init                   
0000340b  intit_interupts               
00003423  My_UART1_Handler              
0000344b  uart_sendChar                 
00003467  uart_senddata                 
00003485  uart_sendstr                  
000034ab  uart_receive                  
00003515  __kernel_sin                  
00003689  __kernel_cos                  
000037f5  sqrt                          
000037f5  sqrtl                         
0000394d  timer_waitMillis              
00003981  timer_waitMicros              
000039ab  timer_startTimer              
000039fb  timer_stopTimer               
00003a11  timer_startClock              
00003a5d  timer_getClock                
00003a63  timer_stopClock               
00003be1  __aeabi_ddiv                  
00003d19  __vla_alloc                   
00003f6d  servo_move                    
00003fb9  servo_init                    
00004089  realloc                       
0000419d  ldexp                         
0000419d  ldexpl                        
0000419d  scalbn                        
0000419d  scalbnl                       
000042ad  __aeabi_dmul                  
000043a9  floor                         
000043a9  floorl                        
000044a1  free                          
00004579  init_ADC                      
000045ef  adc_read                      
000046f7  __aeabi_memcpy                
000046f7  __aeabi_memcpy4               
000046f7  __aeabi_memcpy8               
000046f7  memcpy                        
00004793  __aeabi_uldivmod              
00004829  __aeabi_cdcmpeq               
00004829  __aeabi_cdcmple               
000048af  __aeabi_cdrcmple              
00004935  __aeabi_memclr                
00004935  __aeabi_memclr4               
00004935  __aeabi_memclr8               
00004937  __aeabi_memset                
00004937  __aeabi_memset4               
00004937  __aeabi_memset8               
0000493d  memset                        
00004a29  malloc                        
00004b0f  __TI_decompress_lzss          
00004b79  frexp                         
00004b79  frexpl                        
00004c33  ltoa                          
00004cd9  atoi                          
00004d25  __aeabi_d2iz                  
00004d6d  __TI_auto_init_nobinit_nopinit
00004db1  vsnprintf                     
00004e6d  _c_int00_noargs               
00004ea5  minit                         
00004edd  IntRegister                   
00004f41  __aeabi_i2d                   
00004f99  __aeabi_ui2d                  
00004fb9  memccpy                       
00004fed  strcmp                        
00005005  strchr                        
0000501b  copysign                      
0000501b  copysignl                     
0000502f  strcpy                        
00005043  strlen                        
00005057  wcslen                        
00005069  IntMasterEnable               
00005079  lcd_clear                     
00005089  __TI_decompress_none          
00005097  CPUcpsie                      
000050a3  __TI_zero_init                
000050af  ResetISR                      
000050bd  __aeabi_errno_addr            
000050c5  __abort_execution             
000050c9  _system_pre_init              
000050cd  C$$EXIT                       
000050cd  abort                         
00005228  _ctypes_                      
0000539c  __TI_Handler_Table_Base       
000053a8  __TI_Handler_Table_Limit      
000053b8  __TI_CINIT_Base               
000053d0  __TI_CINIT_Limit              
20000000  g_pfnRAMVectors               
20000270  __stack                       
20000470  __STACK_TOP                   
20001270  __STACK_END                   
20001270  _sys_memory                   
20002270  aarray                        
20002b34  final_angle                   
20002b5c  init_angle                    
20002b84  widths                        
20002bc8  distance                      
20002bcc  flagg                         
20002bd0  s_data                        
20002bd4  state                         
20002bd8  rising                        
20002bdc  falling                       
20002be0  data                          
20002be4  OF                            
20002be8  OFN                           
20002bf8  _lock                         
20002bfc  _unlock                       
20002c00  IR                            
20002c08  errno                         
ffffffff  __TI_pprof_out_hndl           
ffffffff  __TI_prof_data_size           
ffffffff  __TI_prof_data_start          
ffffffff  __binit__                     
ffffffff  __c_args__                    
ffffffff  binit                         
UNDEFED   __mpu_init                    
UNDEFED   _system_post_cinit            

[145 symbols]
