******************************************************************************
                  TI ARM Linker PC v18.1.2                     
******************************************************************************
>> Linked Sat Mar  2 15:59:51 2019

OUTPUT FILE NAME:   <Lab5.out>
ENTRY POINT SYMBOL: "_c_int00_noargs"  address: 00002abd


MEMORY CONFIGURATION

         name            origin    length      used     unused   attr    fill
----------------------  --------  ---------  --------  --------  ----  --------
  FLASH                 00000000   00040000  00002e12  0003d1ee  R  X
  SRAM                  20000000   00008000  000020ad  00005f53  RW X


SEGMENT ALLOCATION MAP

run origin  load origin   length   init length attrs members
----------  ----------- ---------- ----------- ----- -------
00000000    00000000    00002e18   00002e18    r-x
  00000000    00000000    0000026c   0000026c    r-- .intvecs
  0000026c    0000026c    00002a48   00002a48    r-x .text
  00002cb4    00002cb4    0000011e   0000011e    r-- .const
  00002dd8    00002dd8    00000040   00000040    r-- .cinit
20000000    20000000    000020b0   00000000    rw-
  20000000    20000000    00001000   00000000    rw- .stack
  20001000    20001000    00001000   00000000    rw- .sysmem
  20002000    20002000    00000091   00000000    rw- .bss
  20002094    20002094    0000001c   00000000    rw- .data


SECTION ALLOCATION MAP

 output                                  attributes/
section   page    origin      length       input sections
--------  ----  ----------  ----------   ----------------
.intvecs   0    00000000    0000026c     
                  00000000    0000026c     tm4c123gh6pm_startup_ccs.obj (.intvecs)

.text      0    0000026c    00002a48     
                  0000026c    00000a5e     rtsv7M4_T_le_v4SPD16_eabi.lib : _printfi.c.obj (.text:__TI_printfi)
                  00000cca    00000002                                   : _lock.c.obj (.text:_nop)
                  00000ccc    000003c8     lcd.obj (.text)
                  00001094    00000270     rtsv7M4_T_le_v4SPD16_eabi.lib : _printfi.c.obj (.text:_pconv_a)
                  00001304    000001d0                                   : _printfi.c.obj (.text:_pconv_g)
                  000014d4    000001b6                                   : fd_add_t2.asm.obj (.text)
                  0000168a    00000002                                   : div0.asm.obj (.text)
                  0000168c    00000160     uart.obj (.text)
                  000017ec    00000158     timer.obj (.text)
                  00001944    0000013c     rtsv7M4_T_le_v4SPD16_eabi.lib : _printfi.c.obj (.text:_pconv_e)
                  00001a80    00000136                                   : fd_div_t2.asm.obj (.text)
                  00001bb6    00000002     --HOLE-- [fill = 0]
                  00001bb8    00000134                                   : vla_alloc.c.obj (.text:__vla_alloc)
                  00001cec    00000120                                   : _printfi.c.obj (.text:fcvt)
                  00001e0c    00000114                                   : memory.c.obj (.text:realloc)
                  00001f20    00000110                                   : s_scalbn.c.obj (.text:scalbn)
                  00002030    000000fc                                   : fd_mul_t2.asm.obj (.text)
                  0000212c    000000d8                                   : memory.c.obj (.text:free)
                  00002204    000000b1                                   : _printfi.c.obj (.text:_ltostr)
                  000022b5    00000001     --HOLE-- [fill = 0]
                  000022b6    0000009c                                   : memcpy_t2.asm.obj (.text)
                  00002352    00000096                                   : ull_div_t2.asm.obj (.text)
                  000023e8    00000090     main.obj (.text)
                  00002478    00000086     rtsv7M4_T_le_v4SPD16_eabi.lib : fd_cmp_t2.asm.obj (.text:__aeabi_cdcmple)
                  000024fe    00000086                                   : fd_cmp_t2.asm.obj (.text:__aeabi_cdrcmple)
                  00002584    0000007a                                   : memset_t2.asm.obj (.text)
                  000025fe    00000002     --HOLE-- [fill = 0]
                  00002600    00000078                                   : vla_alloc.c.obj (.text:_ZN33_INTERNAL_11_vla_alloc_c_be8bd49b21free_dead_allocationsEPv)
                  00002678    00000078                                   : memory.c.obj (.text:malloc)
                  000026f0    0000006e                                   : _printfi.c.obj (.text:_mcpy)
                  0000275e    00000068                                   : copy_decompress_lzss.c.obj (.text:decompress:lzss:__TI_decompress_lzss)
                  000027c6    00000002     --HOLE-- [fill = 0]
                  000027c8    00000064                                   : s_frexp.c.obj (.text:frexp)
                  0000282c    00000056                                   : _printfi.c.obj (.text:_pconv_f)
                  00002882    00000054                                   : ltoa.c.obj (.text:ltoa)
                  000028d6    00000052                                   : _printfi.c.obj (.text:_ecpy)
                  00002928    0000004c                                   : atoi.c.obj (.text:atoi)
                  00002974    00000048                                   : fd_toi_t2.asm.obj (.text)
                  000029bc    00000044                                   : autoinit.c.obj (.text:__TI_auto_init_nobinit_nopinit:__TI_auto_init_nobinit_nopinit)
                  00002a00    00000040                                   : vsnprintf.c.obj (.text:vsnprintf)
                  00002a40    0000003e                                   : _printfi.c.obj (.text:_fcpy)
                  00002a7e    00000002     --HOLE-- [fill = 0]
                  00002a80    0000003c                                   : memory.c.obj (.text:minsert)
                  00002abc    00000038                                   : boot_cortex_m.c.obj (.text:_c_int00_noargs:_c_int00_noargs)
                  00002af4    00000038                                   : memory.c.obj (.text:minit)
                  00002b2c    00000030                                   : vsnprintf.c.obj (.text:_outs)
                  00002b5c    0000002e                                   : i_tofd_t2.asm.obj (.text)
                  00002b8a    00000002     --HOLE-- [fill = 0]
                  00002b8c    00000028                                   : memory.c.obj (.text:mremove)
                  00002bb4    0000001c                                   : memccpy.c.obj (.text:memccpy)
                  00002bd0    00000018                                   : vsnprintf.c.obj (.text:_outc)
                  00002be8    00000018                                   : strcmp.c.obj (.text:strcmp)
                  00002c00    00000016                                   : strchr.c.obj (.text:strchr)
                  00002c16    00000014                                   : s_copysign.c.obj (.text:copysign)
                  00002c2a    00000014                                   : strcpy.c.obj (.text:strcpy)
                  00002c3e    00000014                                   : strlen.c.obj (.text:strlen)
                  00002c52    00000012                                   : copy_zero_init.c.obj (.text:decompress:ZI:__TI_zero_init_nomemset:__TI_zero_init_nomemset)
                  00002c64    00000012                                   : wcslen.c.obj (.text:wcslen)
                  00002c76    00000010     lcd.obj (.text:lcd_clear)
                  00002c86    0000000e     rtsv7M4_T_le_v4SPD16_eabi.lib : copy_decompress_none.c.obj (.text:decompress:none:__TI_decompress_none)
                  00002c94    0000000c     tm4c123gh6pm_startup_ccs.obj (.text)
                  00002ca0    00000008     rtsv7M4_T_le_v4SPD16_eabi.lib : errno.c.obj (.text:__aeabi_errno_addr)
                  00002ca8    00000004                                   : error.c.obj (.text:__abort_execution)
                  00002cac    00000004                                   : pre_init.c.obj (.text:_system_pre_init)
                  00002cb0    00000004                                   : exit.c.obj (.text:abort:abort)

.const     0    00002cb4    0000011e     
                  00002cb4    00000101     rtsv7M4_T_le_v4SPD16_eabi.lib : ctype.c.obj (.const:.string:_ctypes_)
                  00002db5    00000015     lcd.obj (.const:.string:$P$T1$4)
                  00002dca    00000004     lcd.obj (.const:.string:lineAddress$1)
                  00002dce    00000004     lcd.obj (.const:.string:lineAddresses$2)

.cinit     0    00002dd8    00000040     
                  00002dd8    00000015     (.cinit..data.load) [load image, compression = lzss]
                  00002ded    00000003     --HOLE-- [fill = 0]
                  00002df0    0000000c     (__TI_handler_table)
                  00002dfc    00000004     --HOLE-- [fill = 0]
                  00002e00    00000008     (.cinit..bss.load) [load image, compression = zero_init]
                  00002e08    00000010     (__TI_cinit_table)

.init_array 
*          0    00000000    00000000     UNINITIALIZED

.stack     0    20000000    00001000     UNINITIALIZED
                  20000000    00000004     rtsv7M4_T_le_v4SPD16_eabi.lib : boot_cortex_m.c.obj (.stack)
                  20000004    00000ffc     --HOLE--

.sysmem    0    20001000    00001000     UNINITIALIZED
                  20001000    00000008     rtsv7M4_T_le_v4SPD16_eabi.lib : memory.c.obj (.sysmem)
                  20001008    00000ff8     --HOLE--

.bss       0    20002000    00000091     UNINITIALIZED
                  20002000    00000054     lcd.obj (.bss:lastbuffer$3)
                  20002054    0000001c     rtsv7M4_T_le_v4SPD16_eabi.lib : vla_alloc.c.obj (.bss:$O1$$)
                  20002070    00000018     (.common:str)
                  20002088    00000004     (.common:flagg)
                  2000208c    00000004     (.common:s_data)
                  20002090    00000001     (.common:s)

.data      0    20002094    0000001c     UNINITIALIZED
                  20002094    0000000c     rtsv7M4_T_le_v4SPD16_eabi.lib : memory.c.obj (.data:$O1$$)
                  200020a0    00000008                                   : _lock.c.obj (.data:$O1$$)
                  200020a8    00000004     main.obj (.data)
                  200020ac    00000004     rtsv7M4_T_le_v4SPD16_eabi.lib : errno.c.obj (.data)

MODULE SUMMARY

       Module                         code    ro data   rw data
       ------                         ----    -------   -------
    .\
       lcd.obj                        984     29        84     
       tm4c123gh6pm_startup_ccs.obj   12      620       0      
       uart.obj                       352     0         8      
       timer.obj                      344     0         0      
       main.obj                       144     0         29     
    +--+------------------------------+-------+---------+---------+
       Total:                         1836    649       121    
                                                               
    C:\ti\ccsv8\tools\compiler\ti-cgt-arm_18.1.2.LTS\lib\rtsv7M4_T_le_v4SPD16_eabi.lib
       _printfi.c.obj                 4863    0         0      
       memory.c.obj                   768     0         12     
       vla_alloc.c.obj                428     0         28     
       fd_add_t2.asm.obj              438     0         0      
       fd_div_t2.asm.obj              310     0         0      
       s_scalbn.c.obj                 272     0         0      
       fd_cmp_t2.asm.obj              268     0         0      
       ctype.c.obj                    0       257       0      
       fd_mul_t2.asm.obj              252     0         0      
       memcpy_t2.asm.obj              156     0         0      
       ull_div_t2.asm.obj             150     0         0      
       vsnprintf.c.obj                136     0         0      
       memset_t2.asm.obj              122     0         0      
       copy_decompress_lzss.c.obj     104     0         0      
       s_frexp.c.obj                  100     0         0      
       ltoa.c.obj                     84      0         0      
       atoi.c.obj                     76      0         0      
       fd_toi_t2.asm.obj              72      0         0      
       autoinit.c.obj                 68      0         0      
       boot_cortex_m.c.obj            56      0         0      
       i_tofd_t2.asm.obj              46      0         0      
       memccpy.c.obj                  28      0         0      
       strcmp.c.obj                   24      0         0      
       strchr.c.obj                   22      0         0      
       s_copysign.c.obj               20      0         0      
       strcpy.c.obj                   20      0         0      
       strlen.c.obj                   20      0         0      
       copy_zero_init.c.obj           18      0         0      
       wcslen.c.obj                   18      0         0      
       copy_decompress_none.c.obj     14      0         0      
       errno.c.obj                    8       0         4      
       _lock.c.obj                    2       0         8      
       error.c.obj                    4       0         0      
       exit.c.obj                     4       0         0      
       pre_init.c.obj                 4       0         0      
       div0.asm.obj                   2       0         0      
    +--+------------------------------+-------+---------+---------+
       Total:                         8977    257       52     
                                                               
       Heap:                          0       0         4096   
       Stack:                         0       0         4096   
       Linker Generated:              0       57        0      
    +--+------------------------------+-------+---------+---------+
       Grand Total:                   10813   963       8365   


LINKER GENERATED COPY TABLES

__TI_cinit_table @ 00002e08 records: 2, size/record: 8, table size: 16
	.data: load addr=00002dd8, load size=00000015 bytes, run addr=20002094, run size=0000001c bytes, compression=lzss
	.bss: load addr=00002e00, load size=00000008 bytes, run addr=20002000, run size=00000091 bytes, compression=zero_init


LINKER GENERATED HANDLER TABLE

__TI_handler_table @ 00002df0 records: 3, size/record: 4, table size: 12
	index: 0, handler: __TI_decompress_lzss
	index: 1, handler: __TI_decompress_none
	index: 2, handler: __TI_zero_init


GLOBAL SYMBOLS: SORTED ALPHABETICALLY BY Name 

address   name                          
-------   ----                          
00002cb1  C$$EXIT                       
00001717  My_UART1_Handler              
00002c95  ResetISR                      
20001000  __STACK_END                   
00001000  __STACK_SIZE                  
20000200  __STACK_TOP                   
00001000  __SYSMEM_SIZE                 
00002e08  __TI_CINIT_Base               
00002e18  __TI_CINIT_Limit              
00002df0  __TI_Handler_Table_Base       
00002dfc  __TI_Handler_Table_Limit      
000029bd  __TI_auto_init_nobinit_nopinit
0000275f  __TI_decompress_lzss          
00002c87  __TI_decompress_none          
ffffffff  __TI_pprof_out_hndl           
0000026d  __TI_printfi                  
ffffffff  __TI_prof_data_size           
ffffffff  __TI_prof_data_start          
00000000  __TI_static_base__            
00002c53  __TI_zero_init_nomemset       
00002ca9  __abort_execution             
00002479  __aeabi_cdcmpeq               
00002479  __aeabi_cdcmple               
000024ff  __aeabi_cdrcmple              
00002975  __aeabi_d2iz                  
000014df  __aeabi_dadd                  
00001a81  __aeabi_ddiv                  
00002031  __aeabi_dmul                  
000014d5  __aeabi_dsub                  
00002ca1  __aeabi_errno_addr            
00002b5d  __aeabi_i2d                   
0000168b  __aeabi_idiv0                 
0000168b  __aeabi_ldiv0                 
00002585  __aeabi_memclr                
00002585  __aeabi_memclr4               
00002585  __aeabi_memclr8               
000022b7  __aeabi_memcpy                
000022b7  __aeabi_memcpy4               
000022b7  __aeabi_memcpy8               
00002587  __aeabi_memset                
00002587  __aeabi_memset4               
00002587  __aeabi_memset8               
00002353  __aeabi_uldivmod              
ffffffff  __binit__                     
ffffffff  __c_args__                    
UNDEFED   __mpu_init                    
20000000  __stack                       
00001bb9  __vla_alloc                   
00002abd  _c_int00_noargs               
00002cb4  _ctypes_                      
200020a0  _lock                         
00000ccb  _nop                          
20001000  _sys_memory                   
UNDEFED   _system_post_cinit            
00002cad  _system_pre_init              
200020a4  _unlock                       
00002cb1  abort                         
00002929  atoi                          
ffffffff  binit                         
00002c17  copysign                      
00002c17  copysignl                     
200020ac  errno                         
200020a8  flag                          
20002088  flagg                         
0000212d  free                          
000027c9  frexp                         
000027c9  frexpl                        
00000000  g_pfnVectors                  
000016ff  intit_interupts               
00002c77  lcd_clear                     
00000e65  lcd_gotoLine                  
00000ccd  lcd_init                      
00000ecb  lcd_printf                    
00000d8d  lcd_putc                      
00000dc5  lcd_puts                      
00000fa9  lcd_rotatingBanner            
00000de3  lcd_sendCommand               
00000e21  lcd_sendNibble                
00000e8d  lcd_setCursorPos              
00001f21  ldexp                         
00001f21  ldexpl                        
00002883  ltoa                          
000023e9  main                          
00002679  malloc                        
00002bb5  memccpy                       
000022b7  memcpy                        
0000258d  memset                        
00002af5  minit                         
00001e0d  realloc                       
20002090  s                             
2000208c  s_data                        
00001f21  scalbn                        
00001f21  scalbnl                       
0000168d  serial_init                   
20002070  str                           
00002c01  strchr                        
00002be9  strcmp                        
00002c2b  strcpy                        
00002c3f  strlen                        
000018fd  timer_getClock                
000018b1  timer_startClock              
0000184b  timer_startTimer              
00001903  timer_stopClock               
0000189b  timer_stopTimer               
00001821  timer_waitMicros              
000017ed  timer_waitMillis              
00001781  uart_receive                  
0000173f  uart_sendChar                 
0000175b  uart_sendstr                  
00002a01  vsnprintf                     
00002c65  wcslen                        


GLOBAL SYMBOLS: SORTED BY Symbol Address 

address   name                          
-------   ----                          
00000000  __TI_static_base__            
00000000  g_pfnVectors                  
0000026d  __TI_printfi                  
00000ccb  _nop                          
00000ccd  lcd_init                      
00000d8d  lcd_putc                      
00000dc5  lcd_puts                      
00000de3  lcd_sendCommand               
00000e21  lcd_sendNibble                
00000e65  lcd_gotoLine                  
00000e8d  lcd_setCursorPos              
00000ecb  lcd_printf                    
00000fa9  lcd_rotatingBanner            
00001000  __STACK_SIZE                  
00001000  __SYSMEM_SIZE                 
000014d5  __aeabi_dsub                  
000014df  __aeabi_dadd                  
0000168b  __aeabi_idiv0                 
0000168b  __aeabi_ldiv0                 
0000168d  serial_init                   
000016ff  intit_interupts               
00001717  My_UART1_Handler              
0000173f  uart_sendChar                 
0000175b  uart_sendstr                  
00001781  uart_receive                  
000017ed  timer_waitMillis              
00001821  timer_waitMicros              
0000184b  timer_startTimer              
0000189b  timer_stopTimer               
000018b1  timer_startClock              
000018fd  timer_getClock                
00001903  timer_stopClock               
00001a81  __aeabi_ddiv                  
00001bb9  __vla_alloc                   
00001e0d  realloc                       
00001f21  ldexp                         
00001f21  ldexpl                        
00001f21  scalbn                        
00001f21  scalbnl                       
00002031  __aeabi_dmul                  
0000212d  free                          
000022b7  __aeabi_memcpy                
000022b7  __aeabi_memcpy4               
000022b7  __aeabi_memcpy8               
000022b7  memcpy                        
00002353  __aeabi_uldivmod              
000023e9  main                          
00002479  __aeabi_cdcmpeq               
00002479  __aeabi_cdcmple               
000024ff  __aeabi_cdrcmple              
00002585  __aeabi_memclr                
00002585  __aeabi_memclr4               
00002585  __aeabi_memclr8               
00002587  __aeabi_memset                
00002587  __aeabi_memset4               
00002587  __aeabi_memset8               
0000258d  memset                        
00002679  malloc                        
0000275f  __TI_decompress_lzss          
000027c9  frexp                         
000027c9  frexpl                        
00002883  ltoa                          
00002929  atoi                          
00002975  __aeabi_d2iz                  
000029bd  __TI_auto_init_nobinit_nopinit
00002a01  vsnprintf                     
00002abd  _c_int00_noargs               
00002af5  minit                         
00002b5d  __aeabi_i2d                   
00002bb5  memccpy                       
00002be9  strcmp                        
00002c01  strchr                        
00002c17  copysign                      
00002c17  copysignl                     
00002c2b  strcpy                        
00002c3f  strlen                        
00002c53  __TI_zero_init_nomemset       
00002c65  wcslen                        
00002c77  lcd_clear                     
00002c87  __TI_decompress_none          
00002c95  ResetISR                      
00002ca1  __aeabi_errno_addr            
00002ca9  __abort_execution             
00002cad  _system_pre_init              
00002cb1  C$$EXIT                       
00002cb1  abort                         
00002cb4  _ctypes_                      
00002df0  __TI_Handler_Table_Base       
00002dfc  __TI_Handler_Table_Limit      
00002e08  __TI_CINIT_Base               
00002e18  __TI_CINIT_Limit              
20000000  __stack                       
20000200  __STACK_TOP                   
20001000  __STACK_END                   
20001000  _sys_memory                   
20002070  str                           
20002088  flagg                         
2000208c  s_data                        
20002090  s                             
200020a0  _lock                         
200020a4  _unlock                       
200020a8  flag                          
200020ac  errno                         
ffffffff  __TI_pprof_out_hndl           
ffffffff  __TI_prof_data_size           
ffffffff  __TI_prof_data_start          
ffffffff  __binit__                     
ffffffff  __c_args__                    
ffffffff  binit                         
UNDEFED   __mpu_init                    
UNDEFED   _system_post_cinit            

[111 symbols]
