******************************************************************************
                  TI ARM Linker PC v18.1.2                     
******************************************************************************
>> Linked Tue Feb 19 18:12:09 2019

OUTPUT FILE NAME:   <Lab3.out>
ENTRY POINT SYMBOL: "_c_int00_noargs"  address: 00002a3d


MEMORY CONFIGURATION

         name            origin    length      used     unused   attr    fill
----------------------  --------  ---------  --------  --------  ----  --------
  FLASH                 00000000   00040000  00002dd6  0003d22a  R  X
  SRAM                  20000000   00008000  00002305  00005cfb  RW X


SEGMENT ALLOCATION MAP

run origin  load origin   length   init length attrs members
----------  ----------- ---------- ----------- ----- -------
00000000    00000000    00002dd8   00002dd8    r-x
  00000000    00000000    0000026c   0000026c    r-- .intvecs
  0000026c    0000026c    000029fc   000029fc    r-x .text
  00002c68    00002c68    0000011e   0000011e    r-- .const
  00002d88    00002d88    00000050   00000050    r-- .cinit
20000000    20000000    00002309   00000000    rw-
  20000000    20000000    0000026c   00000000    rw- .vtable
  20000270    20000270    00001000   00000000    rw- .stack
  20001270    20001270    00001000   00000000    rw- .sysmem
  20002270    20002270    00000078   00000000    rw- .bss
  200022e8    200022e8    00000021   00000000    rw- .data


SECTION ALLOCATION MAP

 output                                  attributes/
section   page    origin      length       input sections
--------  ----  ----------  ----------   ----------------
.intvecs   0    00000000    0000026c     
                  00000000    0000026c     tm4c123gh6pm_startup_ccs.obj (.intvecs)

.text      0    0000026c    000029fc     
                  0000026c    00000a5e     rtsv7M4_T_le_v4SPD16_eabi.lib : _printfi.c.obj (.text:__TI_printfi)
                  00000cca    00000002                                   : _lock.c.obj (.text:_nop)
                  00000ccc    000003c8     lcd.obj (.text)
                  00001094    00000270     rtsv7M4_T_le_v4SPD16_eabi.lib : _printfi.c.obj (.text:_pconv_a)
                  00001304    000001d0                                   : _printfi.c.obj (.text:_pconv_g)
                  000014d4    000001b6                                   : fd_add_t2.asm.obj (.text)
                  0000168a    00000002                                   : div0.asm.obj (.text)
                  0000168c    00000158     timer.obj (.text)
                  000017e4    0000013c     rtsv7M4_T_le_v4SPD16_eabi.lib : _printfi.c.obj (.text:_pconv_e)
                  00001920    00000136                                   : fd_div_t2.asm.obj (.text)
                  00001a56    00000002     --HOLE-- [fill = 0]
                  00001a58    00000134                                   : vla_alloc.c.obj (.text:__vla_alloc)
                  00001b8c    00000128     button.obj (.text)
                  00001cb4    00000120     rtsv7M4_T_le_v4SPD16_eabi.lib : _printfi.c.obj (.text:fcvt)
                  00001dd4    00000114                                   : memory.c.obj (.text:realloc)
                  00001ee8    00000110                                   : s_scalbn.c.obj (.text:scalbn)
                  00001ff8    000000fc                                   : fd_mul_t2.asm.obj (.text)
                  000020f4    000000d8                                   : memory.c.obj (.text:free)
                  000021cc    000000b1                                   : _printfi.c.obj (.text:_ltostr)
                  0000227d    00000001     --HOLE-- [fill = 0]
                  0000227e    0000009c                                   : memcpy_t2.asm.obj (.text)
                  0000231a    00000096                                   : ull_div_t2.asm.obj (.text)
                  000023b0    00000086                                   : fd_cmp_t2.asm.obj (.text:__aeabi_cdcmple)
                  00002436    00000086                                   : fd_cmp_t2.asm.obj (.text:__aeabi_cdrcmple)
                  000024bc    0000007a                                   : memset_t2.asm.obj (.text)
                  00002536    00000002     --HOLE-- [fill = 0]
                  00002538    00000078                                   : vla_alloc.c.obj (.text:_ZN33_INTERNAL_11_vla_alloc_c_be8bd49b21free_dead_allocationsEPv)
                  000025b0    00000078                                   : memory.c.obj (.text:malloc)
                  00002628    0000006e                                   : _printfi.c.obj (.text:_mcpy)
                  00002696    00000068                                   : copy_decompress_lzss.c.obj (.text:decompress:lzss:__TI_decompress_lzss)
                  000026fe    00000002     --HOLE-- [fill = 0]
                  00002700    00000064                                   : s_frexp.c.obj (.text:frexp)
                  00002764    00000056                                   : _printfi.c.obj (.text:_pconv_f)
                  000027ba    00000054                                   : ltoa.c.obj (.text:ltoa)
                  0000280e    00000052                                   : _printfi.c.obj (.text:_ecpy)
                  00002860    0000004c                                   : atoi.c.obj (.text:atoi)
                  000028ac    00000048     main.obj (.text)
                  000028f4    00000048     rtsv7M4_T_le_v4SPD16_eabi.lib : fd_toi_t2.asm.obj (.text)
                  0000293c    00000044                                   : autoinit.c.obj (.text:__TI_auto_init_nobinit_nopinit:__TI_auto_init_nobinit_nopinit)
                  00002980    00000040                                   : vsnprintf.c.obj (.text:vsnprintf)
                  000029c0    0000003e                                   : _printfi.c.obj (.text:_fcpy)
                  000029fe    00000002     --HOLE-- [fill = 0]
                  00002a00    0000003c                                   : memory.c.obj (.text:minsert)
                  00002a3c    00000038                                   : boot_cortex_m.c.obj (.text:_c_int00_noargs:_c_int00_noargs)
                  00002a74    00000038                                   : memory.c.obj (.text:minit)
                  00002aac    00000034     driverlib.lib : interrupt.obj (.text:IntRegister)
                  00002ae0    00000030     rtsv7M4_T_le_v4SPD16_eabi.lib : vsnprintf.c.obj (.text:_outs)
                  00002b10    0000002e                                   : i_tofd_t2.asm.obj (.text)
                  00002b3e    00000002     --HOLE-- [fill = 0]
                  00002b40    00000028                                   : memory.c.obj (.text:mremove)
                  00002b68    0000001c                                   : memccpy.c.obj (.text:memccpy)
                  00002b84    00000018                                   : vsnprintf.c.obj (.text:_outc)
                  00002b9c    00000018                                   : strcmp.c.obj (.text:strcmp)
                  00002bb4    00000016                                   : strchr.c.obj (.text:strchr)
                  00002bca    00000014                                   : s_copysign.c.obj (.text:copysign)
                  00002bde    00000014                                   : strcpy.c.obj (.text:strcpy)
                  00002bf2    00000014                                   : strlen.c.obj (.text:strlen)
                  00002c06    00000012                                   : copy_zero_init.c.obj (.text:decompress:ZI:__TI_zero_init_nomemset:__TI_zero_init_nomemset)
                  00002c18    00000012                                   : wcslen.c.obj (.text:wcslen)
                  00002c2a    00000010     lcd.obj (.text:lcd_clear)
                  00002c3a    0000000e     rtsv7M4_T_le_v4SPD16_eabi.lib : copy_decompress_none.c.obj (.text:decompress:none:__TI_decompress_none)
                  00002c48    0000000c     tm4c123gh6pm_startup_ccs.obj (.text)
                  00002c54    00000008     rtsv7M4_T_le_v4SPD16_eabi.lib : errno.c.obj (.text:__aeabi_errno_addr)
                  00002c5c    00000004                                   : error.c.obj (.text:__abort_execution)
                  00002c60    00000004                                   : pre_init.c.obj (.text:_system_pre_init)
                  00002c64    00000004                                   : exit.c.obj (.text:abort:abort)

.const     0    00002c68    0000011e     
                  00002c68    00000101     rtsv7M4_T_le_v4SPD16_eabi.lib : ctype.c.obj (.const:.string:_ctypes_)
                  00002d69    00000015     lcd.obj (.const:.string:$P$T1$4)
                  00002d7e    00000004     lcd.obj (.const:.string:lineAddress$1)
                  00002d82    00000004     lcd.obj (.const:.string:lineAddresses$2)

.cinit     0    00002d88    00000050     
                  00002d88    00000018     (.cinit..data.load) [load image, compression = lzss]
                  00002da0    0000000c     (__TI_handler_table)
                  00002dac    00000004     --HOLE-- [fill = 0]
                  00002db0    00000008     (.cinit..bss.load) [load image, compression = zero_init]
                  00002db8    00000008     (.cinit..vtable.load) [load image, compression = zero_init]
                  00002dc0    00000018     (__TI_cinit_table)

.init_array 
*          0    00000000    00000000     UNINITIALIZED

.vtable    0    20000000    0000026c     UNINITIALIZED
                  20000000    0000026c     driverlib.lib : interrupt.obj (.vtable)

.stack     0    20000270    00001000     UNINITIALIZED
                  20000270    00000004     rtsv7M4_T_le_v4SPD16_eabi.lib : boot_cortex_m.c.obj (.stack)
                  20000274    00000ffc     --HOLE--

.sysmem    0    20001270    00001000     UNINITIALIZED
                  20001270    00000008     rtsv7M4_T_le_v4SPD16_eabi.lib : memory.c.obj (.sysmem)
                  20001278    00000ff8     --HOLE--

.bss       0    20002270    00000078     UNINITIALIZED
                  20002270    00000054     lcd.obj (.bss:lastbuffer$3)
                  200022c4    0000001c     rtsv7M4_T_le_v4SPD16_eabi.lib : vla_alloc.c.obj (.bss:$O1$$)
                  200022e0    00000004     (.common:button_event_ptr)
                  200022e4    00000004     (.common:button_num_ptr)

.data      0    200022e8    00000021     UNINITIALIZED
                  200022e8    0000000c     rtsv7M4_T_le_v4SPD16_eabi.lib : memory.c.obj (.data:$O1$$)
                  200022f4    00000008                                   : _lock.c.obj (.data:$O1$$)
                  200022fc    00000008     main.obj (.data)
                  20002304    00000004     rtsv7M4_T_le_v4SPD16_eabi.lib : errno.c.obj (.data)
                  20002308    00000001     button.obj (.data)

MODULE SUMMARY

       Module                         code    ro data   rw data
       ------                         ----    -------   -------
    .\
       lcd.obj                        984     29        84     
       tm4c123gh6pm_startup_ccs.obj   12      620       0      
       timer.obj                      344     0         0      
       button.obj                     296     0         9      
       main.obj                       72      0         8      
    +--+------------------------------+-------+---------+---------+
       Total:                         1708    649       101    
                                                               
    C:/ti/TivaWare_C_Series-2.1.4.178/driverlib/ccs/Debug/driverlib.lib
       interrupt.obj                  52      0         620    
    +--+------------------------------+-------+---------+---------+
       Total:                         52      0         620    
                                                               
    C:\ti\ccsv8\tools\compiler\ti-cgt-arm_18.1.2.LTS\lib\rtsv7M4_T_le_v4SPD16_eabi.lib
       _printfi.c.obj                 4863    0         0      
       memory.c.obj                   768     0         12     
       vla_alloc.c.obj                428     0         28     
       fd_add_t2.asm.obj              438     0         0      
       fd_div_t2.asm.obj              310     0         0      
       s_scalbn.c.obj                 272     0         0      
       fd_cmp_t2.asm.obj              268     0         0      
       ctype.c.obj                    0       257       0      
       fd_mul_t2.asm.obj              252     0         0      
       memcpy_t2.asm.obj              156     0         0      
       ull_div_t2.asm.obj             150     0         0      
       vsnprintf.c.obj                136     0         0      
       memset_t2.asm.obj              122     0         0      
       copy_decompress_lzss.c.obj     104     0         0      
       s_frexp.c.obj                  100     0         0      
       ltoa.c.obj                     84      0         0      
       atoi.c.obj                     76      0         0      
       fd_toi_t2.asm.obj              72      0         0      
       autoinit.c.obj                 68      0         0      
       boot_cortex_m.c.obj            56      0         0      
       i_tofd_t2.asm.obj              46      0         0      
       memccpy.c.obj                  28      0         0      
       strcmp.c.obj                   24      0         0      
       strchr.c.obj                   22      0         0      
       s_copysign.c.obj               20      0         0      
       strcpy.c.obj                   20      0         0      
       strlen.c.obj                   20      0         0      
       copy_zero_init.c.obj           18      0         0      
       wcslen.c.obj                   18      0         0      
       copy_decompress_none.c.obj     14      0         0      
       errno.c.obj                    8       0         4      
       _lock.c.obj                    2       0         8      
       error.c.obj                    4       0         0      
       exit.c.obj                     4       0         0      
       pre_init.c.obj                 4       0         0      
       div0.asm.obj                   2       0         0      
    +--+------------------------------+-------+---------+---------+
       Total:                         8977    257       52     
                                                               
       Heap:                          0       0         4096   
       Stack:                         0       0         4096   
       Linker Generated:              0       76        0      
    +--+------------------------------+-------+---------+---------+
       Grand Total:                   10737   982       8965   


LINKER GENERATED COPY TABLES

__TI_cinit_table @ 00002dc0 records: 3, size/record: 8, table size: 24
	.data: load addr=00002d88, load size=00000018 bytes, run addr=200022e8, run size=00000021 bytes, compression=lzss
	.bss: load addr=00002db0, load size=00000008 bytes, run addr=20002270, run size=00000078 bytes, compression=zero_init
	.vtable: load addr=00002db8, load size=00000008 bytes, run addr=20000000, run size=0000026c bytes, compression=zero_init


LINKER GENERATED HANDLER TABLE

__TI_handler_table @ 00002da0 records: 3, size/record: 4, table size: 12
	index: 0, handler: __TI_zero_init
	index: 1, handler: __TI_decompress_lzss
	index: 2, handler: __TI_decompress_none


GLOBAL SYMBOLS: SORTED ALPHABETICALLY BY Name 

address   name                          
-------   ----                          
00002c65  C$$EXIT                       
00002aad  IntRegister                   
00002c49  ResetISR                      
20001270  __STACK_END                   
00001000  __STACK_SIZE                  
20000470  __STACK_TOP                   
00001000  __SYSMEM_SIZE                 
00002dc0  __TI_CINIT_Base               
00002dd8  __TI_CINIT_Limit              
00002da0  __TI_Handler_Table_Base       
00002dac  __TI_Handler_Table_Limit      
0000293d  __TI_auto_init_nobinit_nopinit
00002697  __TI_decompress_lzss          
00002c3b  __TI_decompress_none          
ffffffff  __TI_pprof_out_hndl           
0000026d  __TI_printfi                  
ffffffff  __TI_prof_data_size           
ffffffff  __TI_prof_data_start          
00000000  __TI_static_base__            
00002c07  __TI_zero_init_nomemset       
00002c5d  __abort_execution             
000023b1  __aeabi_cdcmpeq               
000023b1  __aeabi_cdcmple               
00002437  __aeabi_cdrcmple              
000028f5  __aeabi_d2iz                  
000014df  __aeabi_dadd                  
00001921  __aeabi_ddiv                  
00001ff9  __aeabi_dmul                  
000014d5  __aeabi_dsub                  
00002c55  __aeabi_errno_addr            
00002b11  __aeabi_i2d                   
0000168b  __aeabi_idiv0                 
0000168b  __aeabi_ldiv0                 
000024bd  __aeabi_memclr                
000024bd  __aeabi_memclr4               
000024bd  __aeabi_memclr8               
0000227f  __aeabi_memcpy                
0000227f  __aeabi_memcpy4               
0000227f  __aeabi_memcpy8               
000024bf  __aeabi_memset                
000024bf  __aeabi_memset4               
000024bf  __aeabi_memset8               
0000231b  __aeabi_uldivmod              
ffffffff  __binit__                     
ffffffff  __c_args__                    
UNDEFED   __mpu_init                    
20000270  __stack                       
00001a59  __vla_alloc                   
00002a3d  _c_int00_noargs               
00002c68  _ctypes_                      
200022f4  _lock                         
00000ccb  _nop                          
20001270  _sys_memory                   
UNDEFED   _system_post_cinit            
00002c61  _system_pre_init              
200022f8  _unlock                       
00002c65  abort                         
00002861  atoi                          
ffffffff  binit                         
00001c29  button_checkButtons           
200022fc  button_event                  
200022e0  button_event_ptr              
00001c33  button_getButton              
00001b8d  button_init                   
20002300  button_num                    
200022e4  button_num_ptr                
00002bcb  copysign                      
00002bcb  copysignl                     
20002304  errno                         
000020f5  free                          
00002701  frexp                         
00002701  frexpl                        
20000000  g_pfnRAMVectors               
00000000  g_pfnVectors                  
00001c0d  gpioe_handler                 
00001bb9  init_button_interrupts        
00002c2b  lcd_clear                     
00000e65  lcd_gotoLine                  
00000ccd  lcd_init                      
00000ecb  lcd_printf                    
00000d8d  lcd_putc                      
00000dc5  lcd_puts                      
00000fa9  lcd_rotatingBanner            
00000de3  lcd_sendCommand               
00000e21  lcd_sendNibble                
00000e8d  lcd_setCursorPos              
00001ee9  ldexp                         
00001ee9  ldexpl                        
000027bb  ltoa                          
000028ad  main                          
000025b1  malloc                        
00002b69  memccpy                       
0000227f  memcpy                        
000024c5  memset                        
00002a75  minit                         
00001dd5  realloc                       
00001ee9  scalbn                        
00001ee9  scalbnl                       
00002bb5  strchr                        
00002b9d  strcmp                        
00002bdf  strcpy                        
00002bf3  strlen                        
0000179d  timer_getClock                
00001751  timer_startClock              
000016eb  timer_startTimer              
000017a3  timer_stopClock               
0000173b  timer_stopTimer               
000016c1  timer_waitMicros              
0000168d  timer_waitMillis              
00002981  vsnprintf                     
00002c19  wcslen                        


GLOBAL SYMBOLS: SORTED BY Symbol Address 

address   name                          
-------   ----                          
00000000  __TI_static_base__            
00000000  g_pfnVectors                  
0000026d  __TI_printfi                  
00000ccb  _nop                          
00000ccd  lcd_init                      
00000d8d  lcd_putc                      
00000dc5  lcd_puts                      
00000de3  lcd_sendCommand               
00000e21  lcd_sendNibble                
00000e65  lcd_gotoLine                  
00000e8d  lcd_setCursorPos              
00000ecb  lcd_printf                    
00000fa9  lcd_rotatingBanner            
00001000  __STACK_SIZE                  
00001000  __SYSMEM_SIZE                 
000014d5  __aeabi_dsub                  
000014df  __aeabi_dadd                  
0000168b  __aeabi_idiv0                 
0000168b  __aeabi_ldiv0                 
0000168d  timer_waitMillis              
000016c1  timer_waitMicros              
000016eb  timer_startTimer              
0000173b  timer_stopTimer               
00001751  timer_startClock              
0000179d  timer_getClock                
000017a3  timer_stopClock               
00001921  __aeabi_ddiv                  
00001a59  __vla_alloc                   
00001b8d  button_init                   
00001bb9  init_button_interrupts        
00001c0d  gpioe_handler                 
00001c29  button_checkButtons           
00001c33  button_getButton              
00001dd5  realloc                       
00001ee9  ldexp                         
00001ee9  ldexpl                        
00001ee9  scalbn                        
00001ee9  scalbnl                       
00001ff9  __aeabi_dmul                  
000020f5  free                          
0000227f  __aeabi_memcpy                
0000227f  __aeabi_memcpy4               
0000227f  __aeabi_memcpy8               
0000227f  memcpy                        
0000231b  __aeabi_uldivmod              
000023b1  __aeabi_cdcmpeq               
000023b1  __aeabi_cdcmple               
00002437  __aeabi_cdrcmple              
000024bd  __aeabi_memclr                
000024bd  __aeabi_memclr4               
000024bd  __aeabi_memclr8               
000024bf  __aeabi_memset                
000024bf  __aeabi_memset4               
000024bf  __aeabi_memset8               
000024c5  memset                        
000025b1  malloc                        
00002697  __TI_decompress_lzss          
00002701  frexp                         
00002701  frexpl                        
000027bb  ltoa                          
00002861  atoi                          
000028ad  main                          
000028f5  __aeabi_d2iz                  
0000293d  __TI_auto_init_nobinit_nopinit
00002981  vsnprintf                     
00002a3d  _c_int00_noargs               
00002a75  minit                         
00002aad  IntRegister                   
00002b11  __aeabi_i2d                   
00002b69  memccpy                       
00002b9d  strcmp                        
00002bb5  strchr                        
00002bcb  copysign                      
00002bcb  copysignl                     
00002bdf  strcpy                        
00002bf3  strlen                        
00002c07  __TI_zero_init_nomemset       
00002c19  wcslen                        
00002c2b  lcd_clear                     
00002c3b  __TI_decompress_none          
00002c49  ResetISR                      
00002c55  __aeabi_errno_addr            
00002c5d  __abort_execution             
00002c61  _system_pre_init              
00002c65  C$$EXIT                       
00002c65  abort                         
00002c68  _ctypes_                      
00002da0  __TI_Handler_Table_Base       
00002dac  __TI_Handler_Table_Limit      
00002dc0  __TI_CINIT_Base               
00002dd8  __TI_CINIT_Limit              
20000000  g_pfnRAMVectors               
20000270  __stack                       
20000470  __STACK_TOP                   
20001270  __STACK_END                   
20001270  _sys_memory                   
200022e0  button_event_ptr              
200022e4  button_num_ptr                
200022f4  _lock                         
200022f8  _unlock                       
200022fc  button_event                  
20002300  button_num                    
20002304  errno                         
ffffffff  __TI_pprof_out_hndl           
ffffffff  __TI_prof_data_size           
ffffffff  __TI_prof_data_start          
ffffffff  __binit__                     
ffffffff  __c_args__                    
ffffffff  binit                         
UNDEFED   __mpu_init                    
UNDEFED   _system_post_cinit            

[111 symbols]
