******************************************************************************
                  TI ARM Linker PC v18.1.2                     
******************************************************************************
>> Linked Sun Feb 17 16:30:50 2019

OUTPUT FILE NAME:   <Lab2.out>
ENTRY POINT SYMBOL: "_c_int00_noargs"  address: 00003341


MEMORY CONFIGURATION

         name            origin    length      used     unused   attr    fill
----------------------  --------  ---------  --------  --------  ----  --------
  FLASH                 00000000   00040000  00003761  0003c89f  R  X
  SRAM                  20000000   00008000  00002300  00005d00  RW X


SEGMENT ALLOCATION MAP

run origin  load origin   length   init length attrs members
----------  ----------- ---------- ----------- ----- -------
00000000    00000000    00003768   00003768    r-x
  00000000    00000000    0000026c   0000026c    r-- .intvecs
  0000026c    0000026c    00003378   00003378    r-x .text
  000035e4    000035e4    0000012d   0000012d    r-- .const
  00003718    00003718    00000050   00000050    r-- .cinit
20000000    20000000    00002304   00000000    rw-
  20000000    20000000    0000026c   00000000    rw- .vtable
  20000270    20000270    00001000   00000000    rw- .stack
  20001270    20001270    00001000   00000000    rw- .sysmem
  20002270    20002270    0000006c   00000000    rw- .bss
  200022dc    200022dc    00000028   00000000    rw- .data


SECTION ALLOCATION MAP

 output                                  attributes/
section   page    origin      length       input sections
--------  ----  ----------  ----------   ----------------
.intvecs   0    00000000    0000026c     
                  00000000    0000026c     tm4c123gh6pm_startup_ccs.obj (.intvecs)

.text      0    0000026c    00003378     
                  0000026c    00000a88     open_interface.obj (.text)
                  00000cf4    00000a5e     rtsv7M4_T_le_v4SPD16_eabi.lib : _printfi.c.obj (.text:__TI_printfi)
                  00001752    00000002                                   : _lock.c.obj (.text:_nop)
                  00001754    00000388     lcd.obj (.text)
                  00001adc    00000270     rtsv7M4_T_le_v4SPD16_eabi.lib : _printfi.c.obj (.text:_pconv_a)
                  00001d4c    00000248     movement.obj (.text)
                  00001f94    000001d0     rtsv7M4_T_le_v4SPD16_eabi.lib : _printfi.c.obj (.text:_pconv_g)
                  00002164    000001b6                                   : fd_add_t2.asm.obj (.text)
                  0000231a    00000002                                   : div0.asm.obj (.text)
                  0000231c    00000158     timer.obj (.text)
                  00002474    0000013c     rtsv7M4_T_le_v4SPD16_eabi.lib : _printfi.c.obj (.text:_pconv_e)
                  000025b0    00000136                                   : fd_div_t2.asm.obj (.text)
                  000026e6    00000002     --HOLE-- [fill = 0]
                  000026e8    00000120                                   : _printfi.c.obj (.text:fcvt)
                  00002808    00000110                                   : s_scalbn.c.obj (.text:scalbn)
                  00002918    000000fc                                   : fd_mul_t2.asm.obj (.text)
                  00002a14    000000d8                                   : memory.c.obj (.text:free)
                  00002aec    000000b1                                   : _printfi.c.obj (.text:_ltostr)
                  00002b9d    00000003     --HOLE-- [fill = 0]
                  00002ba0    000000a4     l2_main.obj (.text)
                  00002c44    0000009c     rtsv7M4_T_le_v4SPD16_eabi.lib : memcpy_t2.asm.obj (.text)
                  00002ce0    00000096                                   : ull_div_t2.asm.obj (.text)
                  00002d76    00000086                                   : fd_cmp_t2.asm.obj (.text:__aeabi_cdcmple)
                  00002dfc    00000086                                   : fd_cmp_t2.asm.obj (.text:__aeabi_cdrcmple)
                  00002e82    0000007a                                   : memset_t2.asm.obj (.text)
                  00002efc    00000078                                   : memory.c.obj (.text:malloc)
                  00002f74    0000006e                                   : _printfi.c.obj (.text:_mcpy)
                  00002fe2    00000068                                   : copy_decompress_lzss.c.obj (.text:decompress:lzss:__TI_decompress_lzss)
                  0000304a    00000002     --HOLE-- [fill = 0]
                  0000304c    00000064                                   : s_frexp.c.obj (.text:frexp)
                  000030b0    00000056                                   : _printfi.c.obj (.text:_pconv_f)
                  00003106    00000054                                   : ltoa.c.obj (.text:ltoa)
                  0000315a    00000052                                   : _printfi.c.obj (.text:_ecpy)
                  000031ac    0000004c                                   : atoi.c.obj (.text:atoi)
                  000031f8    00000048                                   : fd_toi_t2.asm.obj (.text)
                  00003240    00000044                                   : autoinit.c.obj (.text:__TI_auto_init_nobinit_nopinit:__TI_auto_init_nobinit_nopinit)
                  00003284    00000040                                   : vsnprintf.c.obj (.text:vsnprintf)
                  000032c4    0000003e                                   : _printfi.c.obj (.text:_fcpy)
                  00003302    00000002     --HOLE-- [fill = 0]
                  00003304    0000003c                                   : memory.c.obj (.text:minsert)
                  00003340    00000038                                   : boot_cortex_m.c.obj (.text:_c_int00_noargs:_c_int00_noargs)
                  00003378    00000038                                   : memory.c.obj (.text:minit)
                  000033b0    00000034     driverlib.lib : interrupt.obj (.text:IntRegister)
                  000033e4    00000030     rtsv7M4_T_le_v4SPD16_eabi.lib : vsnprintf.c.obj (.text:_outs)
                  00003414    0000002e                                   : i_tofd_t2.asm.obj (.text)
                  00003442    0000002a                                   : memory.c.obj (.text:calloc)
                  0000346c    00000028                                   : memory.c.obj (.text:mremove)
                  00003494    0000001e                                   : strcat.c.obj (.text:strcat)
                  000034b2    0000001c                                   : memccpy.c.obj (.text:memccpy)
                  000034ce    00000018                                   : vsnprintf.c.obj (.text:_outc)
                  000034e6    00000018     open_interface.obj (.text:oi_parseInt)
                  000034fe    00000018     rtsv7M4_T_le_v4SPD16_eabi.lib : strcmp.c.obj (.text:strcmp)
                  00003516    00000016                                   : strchr.c.obj (.text:strchr)
                  0000352c    00000014                                   : s_copysign.c.obj (.text:copysign)
                  00003540    00000014                                   : strcpy.c.obj (.text:strcpy)
                  00003554    00000014                                   : strlen.c.obj (.text:strlen)
                  00003568    00000012                                   : copy_zero_init.c.obj (.text:decompress:ZI:__TI_zero_init_nomemset:__TI_zero_init_nomemset)
                  0000357a    00000012                                   : wcslen.c.obj (.text:wcslen)
                  0000358c    00000010     driverlib.lib : interrupt.obj (.text:IntMasterEnable)
                  0000359c    00000010     lcd.obj (.text:lcd_clear)
                  000035ac    0000000e     rtsv7M4_T_le_v4SPD16_eabi.lib : copy_decompress_none.c.obj (.text:decompress:none:__TI_decompress_none)
                  000035ba    0000000c     driverlib.lib : cpu.obj (.text:CPUcpsie)
                  000035c6    0000000c     tm4c123gh6pm_startup_ccs.obj (.text)
                  000035d2    00000002     --HOLE-- [fill = 0]
                  000035d4    00000008     rtsv7M4_T_le_v4SPD16_eabi.lib : errno.c.obj (.text:__aeabi_errno_addr)
                  000035dc    00000004                                   : pre_init.c.obj (.text:_system_pre_init)
                  000035e0    00000004                                   : exit.c.obj (.text:abort:abort)

.const     0    000035e4    0000012d     
                  000035e4    00000101     rtsv7M4_T_le_v4SPD16_eabi.lib : ctype.c.obj (.const:.string:_ctypes_)
                  000036e5    00000015     lcd.obj (.const:.string:$P$T0$4)
                  000036fa    0000000f     open_interface.obj (.const:.string:$P$T0$3)
                  00003709    00000004     lcd.obj (.const:.string:lineAddress$1)
                  0000370d    00000004     lcd.obj (.const:.string:lineAddresses$2)

.cinit     0    00003718    00000050     
                  00003718    00000018     (.cinit..data.load) [load image, compression = lzss]
                  00003730    0000000c     (__TI_handler_table)
                  0000373c    00000004     --HOLE-- [fill = 0]
                  00003740    00000008     (.cinit..bss.load) [load image, compression = zero_init]
                  00003748    00000008     (.cinit..vtable.load) [load image, compression = zero_init]
                  00003750    00000018     (__TI_cinit_table)

.init_array 
*          0    00000000    00000000     UNINITIALIZED

.vtable    0    20000000    0000026c     UNINITIALIZED
                  20000000    0000026c     driverlib.lib : interrupt.obj (.vtable)

.stack     0    20000270    00001000     UNINITIALIZED
                  20000270    00000004     rtsv7M4_T_le_v4SPD16_eabi.lib : boot_cortex_m.c.obj (.stack)
                  20000274    00000ffc     --HOLE--

.sysmem    0    20001270    00001000     UNINITIALIZED
                  20001270    00000008     rtsv7M4_T_le_v4SPD16_eabi.lib : memory.c.obj (.sysmem)
                  20001278    00000ff8     --HOLE--

.bss       0    20002270    0000006c     UNINITIALIZED
                  20002270    00000054     lcd.obj (.bss:lastbuffer$3)
                  200022c4    00000018     open_interface.obj (.bss:firmware$2)

.data      0    200022dc    00000028     UNINITIALIZED
                  200022dc    00000010     open_interface.obj (.data)
                  200022ec    0000000c     rtsv7M4_T_le_v4SPD16_eabi.lib : memory.c.obj (.data:$O1$$)
                  200022f8    00000008                                   : _lock.c.obj (.data:$O1$$)
                  20002300    00000004                                   : errno.c.obj (.data)

MODULE SUMMARY

       Module                         code    ro data   rw data
       ------                         ----    -------   -------
    .\
       open_interface.obj             2720    15        40     
       lcd.obj                        920     29        84     
       tm4c123gh6pm_startup_ccs.obj   12      620       0      
       movement.obj                   584     0         0      
       timer.obj                      344     0         0      
       l2_main.obj                    164     0         0      
    +--+------------------------------+-------+---------+---------+
       Total:                         4744    664       124    
                                                               
    C:/ti/TivaWare_C_Series-2.1.4.178/driverlib/ccs/Debug/driverlib.lib
       interrupt.obj                  68      0         620    
       cpu.obj                        12      0         0      
    +--+------------------------------+-------+---------+---------+
       Total:                         80      0         620    
                                                               
    C:\ti\ccsv8\tools\compiler\ti-cgt-arm_18.1.2.LTS\lib\rtsv7M4_T_le_v4SPD16_eabi.lib
       _printfi.c.obj                 4863    0         0      
       memory.c.obj                   534     0         12     
       fd_add_t2.asm.obj              438     0         0      
       fd_div_t2.asm.obj              310     0         0      
       s_scalbn.c.obj                 272     0         0      
       fd_cmp_t2.asm.obj              268     0         0      
       ctype.c.obj                    0       257       0      
       fd_mul_t2.asm.obj              252     0         0      
       memcpy_t2.asm.obj              156     0         0      
       ull_div_t2.asm.obj             150     0         0      
       vsnprintf.c.obj                136     0         0      
       memset_t2.asm.obj              122     0         0      
       copy_decompress_lzss.c.obj     104     0         0      
       s_frexp.c.obj                  100     0         0      
       ltoa.c.obj                     84      0         0      
       atoi.c.obj                     76      0         0      
       fd_toi_t2.asm.obj              72      0         0      
       autoinit.c.obj                 68      0         0      
       boot_cortex_m.c.obj            56      0         0      
       i_tofd_t2.asm.obj              46      0         0      
       strcat.c.obj                   30      0         0      
       memccpy.c.obj                  28      0         0      
       strcmp.c.obj                   24      0         0      
       strchr.c.obj                   22      0         0      
       s_copysign.c.obj               20      0         0      
       strcpy.c.obj                   20      0         0      
       strlen.c.obj                   20      0         0      
       copy_zero_init.c.obj           18      0         0      
       wcslen.c.obj                   18      0         0      
       copy_decompress_none.c.obj     14      0         0      
       errno.c.obj                    8       0         4      
       _lock.c.obj                    2       0         8      
       exit.c.obj                     4       0         0      
       pre_init.c.obj                 4       0         0      
       div0.asm.obj                   2       0         0      
    +--+------------------------------+-------+---------+---------+
       Total:                         8341    257       24     
                                                               
       Heap:                          0       0         4096   
       Stack:                         0       0         4096   
       Linker Generated:              0       76        0      
    +--+------------------------------+-------+---------+---------+
       Grand Total:                   13165   997       8960   


LINKER GENERATED COPY TABLES

__TI_cinit_table @ 00003750 records: 3, size/record: 8, table size: 24
	.data: load addr=00003718, load size=00000018 bytes, run addr=200022dc, run size=00000028 bytes, compression=lzss
	.bss: load addr=00003740, load size=00000008 bytes, run addr=20002270, run size=0000006c bytes, compression=zero_init
	.vtable: load addr=00003748, load size=00000008 bytes, run addr=20000000, run size=0000026c bytes, compression=zero_init


LINKER GENERATED HANDLER TABLE

__TI_handler_table @ 00003730 records: 3, size/record: 4, table size: 12
	index: 0, handler: __TI_zero_init
	index: 1, handler: __TI_decompress_lzss
	index: 2, handler: __TI_decompress_none


GLOBAL SYMBOLS: SORTED ALPHABETICALLY BY Name 

address   name                          
-------   ----                          
000035e1  C$$EXIT                       
000035bb  CPUcpsie                      
00000b65  GPIOF_Handler                 
0000358d  IntMasterEnable               
000033b1  IntRegister                   
000035c7  ResetISR                      
20001270  __STACK_END                   
00001000  __STACK_SIZE                  
20000470  __STACK_TOP                   
00001000  __SYSMEM_SIZE                 
00003750  __TI_CINIT_Base               
00003768  __TI_CINIT_Limit              
00003730  __TI_Handler_Table_Base       
0000373c  __TI_Handler_Table_Limit      
00003241  __TI_auto_init_nobinit_nopinit
00002fe3  __TI_decompress_lzss          
000035ad  __TI_decompress_none          
ffffffff  __TI_pprof_out_hndl           
00000cf5  __TI_printfi                  
ffffffff  __TI_prof_data_size           
ffffffff  __TI_prof_data_start          
00000000  __TI_static_base__            
00003569  __TI_zero_init_nomemset       
00002d77  __aeabi_cdcmpeq               
00002d77  __aeabi_cdcmple               
00002dfd  __aeabi_cdrcmple              
000031f9  __aeabi_d2iz                  
0000216f  __aeabi_dadd                  
000025b1  __aeabi_ddiv                  
00002919  __aeabi_dmul                  
00002165  __aeabi_dsub                  
000035d5  __aeabi_errno_addr            
00003415  __aeabi_i2d                   
0000231b  __aeabi_idiv0                 
0000231b  __aeabi_ldiv0                 
00002e83  __aeabi_memclr                
00002e83  __aeabi_memclr4               
00002e83  __aeabi_memclr8               
00002c45  __aeabi_memcpy                
00002c45  __aeabi_memcpy4               
00002c45  __aeabi_memcpy8               
00002e85  __aeabi_memset                
00002e85  __aeabi_memset4               
00002e85  __aeabi_memset8               
00002ce1  __aeabi_uldivmod              
ffffffff  __binit__                     
ffffffff  __c_args__                    
UNDEFED   __mpu_init                    
20000270  __stack                       
00003341  _c_int00_noargs               
000035e4  _ctypes_                      
200022f8  _lock                         
00001753  _nop                          
20001270  _sys_memory                   
UNDEFED   _system_post_cinit            
000035dd  _system_pre_init              
200022fc  _unlock                       
000035e1  abort                         
000031ad  atoi                          
00001e7f  back_up                       
ffffffff  binit                         
00003443  calloc                        
00002bfd  collison                      
00001eaf  collison_test                 
0000352d  copysign                      
0000352d  copysignl                     
00001a31  d_rotatingBanner              
20002300  errno                         
00002a15  free                          
0000304d  frexp                         
0000304d  frexpl                        
20000000  g_pfnRAMVectors               
00000000  g_pfnVectors                  
00000b7f  getDegrees                    
00000921  go_charge                     
0000359d  lcd_clear                     
000018ed  lcd_gotoLine                  
00001755  lcd_init                      
00001953  lcd_printf                    
00001815  lcd_putc                      
0000184d  lcd_puts                      
0000186b  lcd_sendCommand               
000018a9  lcd_sendNibble                
00001915  lcd_setCursorPos              
00002809  ldexp                         
00002809  ldexpl                        
00003107  ltoa                          
00002c15  main                          
00002efd  malloc                        
000034b3  memccpy                       
00002c45  memcpy                        
00002e8b  memset                        
00002ba1  mforward                      
00003379  minit                         
00001d4d  move_forward                  
0000026d  oi_alloc                      
00000a4b  oi_checkFirmware              
000002c3  oi_close                      
00000279  oi_free                       
000002ad  oi_init                       
00000289  oi_init_noupdate              
000008b7  oi_loadSong                   
000034e7  oi_parseInt                   
00000327  oi_parsePacket                
0000090d  oi_play_song                  
00000831  oi_setLeds                    
00000875  oi_setWheels                  
00000af3  oi_shutoff_init               
0000092f  oi_uartInit                   
000009d3  oi_uartReceive                
00000a19  oi_uartSendBuff               
000009b7  oi_uartSendChar               
000009fb  oi_uartSendStr                
000002d5  oi_update                     
00002809  scalbn                        
00002809  scalbnl                       
00002bdd  square                        
00003495  strcat                        
00003517  strchr                        
000034ff  strcmp                        
00003541  strcpy                        
00003555  strlen                        
0000242d  timer_getClock                
000023e1  timer_startClock              
0000237b  timer_startTimer              
00002433  timer_stopClock               
000023cb  timer_stopTimer               
00002351  timer_waitMicros              
0000231d  timer_waitMillis              
00002bbf  turn                          
00001e09  turn_left                     
00001d91  turn_right                    
00003285  vsnprintf                     
0000357b  wcslen                        


GLOBAL SYMBOLS: SORTED BY Symbol Address 

address   name                          
-------   ----                          
00000000  __TI_static_base__            
00000000  g_pfnVectors                  
0000026d  oi_alloc                      
00000279  oi_free                       
00000289  oi_init_noupdate              
000002ad  oi_init                       
000002c3  oi_close                      
000002d5  oi_update                     
00000327  oi_parsePacket                
00000831  oi_setLeds                    
00000875  oi_setWheels                  
000008b7  oi_loadSong                   
0000090d  oi_play_song                  
00000921  go_charge                     
0000092f  oi_uartInit                   
000009b7  oi_uartSendChar               
000009d3  oi_uartReceive                
000009fb  oi_uartSendStr                
00000a19  oi_uartSendBuff               
00000a4b  oi_checkFirmware              
00000af3  oi_shutoff_init               
00000b65  GPIOF_Handler                 
00000b7f  getDegrees                    
00000cf5  __TI_printfi                  
00001000  __STACK_SIZE                  
00001000  __SYSMEM_SIZE                 
00001753  _nop                          
00001755  lcd_init                      
00001815  lcd_putc                      
0000184d  lcd_puts                      
0000186b  lcd_sendCommand               
000018a9  lcd_sendNibble                
000018ed  lcd_gotoLine                  
00001915  lcd_setCursorPos              
00001953  lcd_printf                    
00001a31  d_rotatingBanner              
00001d4d  move_forward                  
00001d91  turn_right                    
00001e09  turn_left                     
00001e7f  back_up                       
00001eaf  collison_test                 
00002165  __aeabi_dsub                  
0000216f  __aeabi_dadd                  
0000231b  __aeabi_idiv0                 
0000231b  __aeabi_ldiv0                 
0000231d  timer_waitMillis              
00002351  timer_waitMicros              
0000237b  timer_startTimer              
000023cb  timer_stopTimer               
000023e1  timer_startClock              
0000242d  timer_getClock                
00002433  timer_stopClock               
000025b1  __aeabi_ddiv                  
00002809  ldexp                         
00002809  ldexpl                        
00002809  scalbn                        
00002809  scalbnl                       
00002919  __aeabi_dmul                  
00002a15  free                          
00002ba1  mforward                      
00002bbf  turn                          
00002bdd  square                        
00002bfd  collison                      
00002c15  main                          
00002c45  __aeabi_memcpy                
00002c45  __aeabi_memcpy4               
00002c45  __aeabi_memcpy8               
00002c45  memcpy                        
00002ce1  __aeabi_uldivmod              
00002d77  __aeabi_cdcmpeq               
00002d77  __aeabi_cdcmple               
00002dfd  __aeabi_cdrcmple              
00002e83  __aeabi_memclr                
00002e83  __aeabi_memclr4               
00002e83  __aeabi_memclr8               
00002e85  __aeabi_memset                
00002e85  __aeabi_memset4               
00002e85  __aeabi_memset8               
00002e8b  memset                        
00002efd  malloc                        
00002fe3  __TI_decompress_lzss          
0000304d  frexp                         
0000304d  frexpl                        
00003107  ltoa                          
000031ad  atoi                          
000031f9  __aeabi_d2iz                  
00003241  __TI_auto_init_nobinit_nopinit
00003285  vsnprintf                     
00003341  _c_int00_noargs               
00003379  minit                         
000033b1  IntRegister                   
00003415  __aeabi_i2d                   
00003443  calloc                        
00003495  strcat                        
000034b3  memccpy                       
000034e7  oi_parseInt                   
000034ff  strcmp                        
00003517  strchr                        
0000352d  copysign                      
0000352d  copysignl                     
00003541  strcpy                        
00003555  strlen                        
00003569  __TI_zero_init_nomemset       
0000357b  wcslen                        
0000358d  IntMasterEnable               
0000359d  lcd_clear                     
000035ad  __TI_decompress_none          
000035bb  CPUcpsie                      
000035c7  ResetISR                      
000035d5  __aeabi_errno_addr            
000035dd  _system_pre_init              
000035e1  C$$EXIT                       
000035e1  abort                         
000035e4  _ctypes_                      
00003730  __TI_Handler_Table_Base       
0000373c  __TI_Handler_Table_Limit      
00003750  __TI_CINIT_Base               
00003768  __TI_CINIT_Limit              
20000000  g_pfnRAMVectors               
20000270  __stack                       
20000470  __STACK_TOP                   
20001270  __STACK_END                   
20001270  _sys_memory                   
200022f8  _lock                         
200022fc  _unlock                       
20002300  errno                         
ffffffff  __TI_pprof_out_hndl           
ffffffff  __TI_prof_data_size           
ffffffff  __TI_prof_data_start          
ffffffff  __binit__                     
ffffffff  __c_args__                    
ffffffff  binit                         
UNDEFED   __mpu_init                    
UNDEFED   _system_post_cinit            

[134 symbols]
