<?xml version="1.0" encoding="ISO-8859-1" ?>
<link_info>
   <banner>TI ARM Linker PC v18.1.2.LTS</banner>
   <copyright>Copyright (c) 1996-2017 Texas Instruments Incorporated</copyright>
   <link_time>0x5c69e09a</link_time>
   <link_errors>0x0</link_errors>
   <output_file>Lab2.out</output_file>
   <entry_point>
      <name>_c_int00_noargs</name>
      <address>0x3341</address>
   </entry_point>
   <input_file_list>
      <input_file id="fl-2">
         <path>.\</path>
         <kind>object</kind>
         <file>l2_main.obj</file>
         <name>l2_main.obj</name>
      </input_file>
      <input_file id="fl-3">
         <path>.\</path>
         <kind>object</kind>
         <file>lcd.obj</file>
         <name>lcd.obj</name>
      </input_file>
      <input_file id="fl-4">
         <path>.\</path>
         <kind>object</kind>
         <file>movement.obj</file>
         <name>movement.obj</name>
      </input_file>
      <input_file id="fl-5">
         <path>.\</path>
         <kind>object</kind>
         <file>open_interface.obj</file>
         <name>open_interface.obj</name>
      </input_file>
      <input_file id="fl-6">
         <path>.\</path>
         <kind>object</kind>
         <file>timer.obj</file>
         <name>timer.obj</name>
      </input_file>
      <input_file id="fl-7">
         <path>.\</path>
         <kind>object</kind>
         <file>tm4c123gh6pm_startup_ccs.obj</file>
         <name>tm4c123gh6pm_startup_ccs.obj</name>
      </input_file>
      <input_file id="fl-c">
         <kind>object</kind>
         <file>&lt;internal&gt;</file>
         <name>&lt;internal&gt;</name>
      </input_file>
      <input_file id="fl-c2">
         <path>C:\ti\ccsv8\tools\compiler\ti-cgt-arm_18.1.2.LTS\lib\</path>
         <kind>archive</kind>
         <file>rtsv7M4_T_le_v4SPD16_eabi.lib</file>
         <name>memset_t2.asm.obj</name>
      </input_file>
      <input_file id="fl-c3">
         <path>C:\ti\ccsv8\tools\compiler\ti-cgt-arm_18.1.2.LTS\lib\</path>
         <kind>archive</kind>
         <file>rtsv7M4_T_le_v4SPD16_eabi.lib</file>
         <name>fd_add_t2.asm.obj</name>
      </input_file>
      <input_file id="fl-c4">
         <path>C:\ti\ccsv8\tools\compiler\ti-cgt-arm_18.1.2.LTS\lib\</path>
         <kind>archive</kind>
         <file>rtsv7M4_T_le_v4SPD16_eabi.lib</file>
         <name>fd_cmp_t2.asm.obj</name>
      </input_file>
      <input_file id="fl-c5">
         <path>C:\ti\ccsv8\tools\compiler\ti-cgt-arm_18.1.2.LTS\lib\</path>
         <kind>archive</kind>
         <file>rtsv7M4_T_le_v4SPD16_eabi.lib</file>
         <name>fd_div_t2.asm.obj</name>
      </input_file>
      <input_file id="fl-c6">
         <path>C:\ti\ccsv8\tools\compiler\ti-cgt-arm_18.1.2.LTS\lib\</path>
         <kind>archive</kind>
         <file>rtsv7M4_T_le_v4SPD16_eabi.lib</file>
         <name>fd_mul_t2.asm.obj</name>
      </input_file>
      <input_file id="fl-c7">
         <path>C:\ti\ccsv8\tools\compiler\ti-cgt-arm_18.1.2.LTS\lib\</path>
         <kind>archive</kind>
         <file>rtsv7M4_T_le_v4SPD16_eabi.lib</file>
         <name>fd_toi_t2.asm.obj</name>
      </input_file>
      <input_file id="fl-c8">
         <path>C:\ti\ccsv8\tools\compiler\ti-cgt-arm_18.1.2.LTS\lib\</path>
         <kind>archive</kind>
         <file>rtsv7M4_T_le_v4SPD16_eabi.lib</file>
         <name>i_tofd_t2.asm.obj</name>
      </input_file>
      <input_file id="fl-c9">
         <path>C:\ti\ccsv8\tools\compiler\ti-cgt-arm_18.1.2.LTS\lib\</path>
         <kind>archive</kind>
         <file>rtsv7M4_T_le_v4SPD16_eabi.lib</file>
         <name>memcpy_t2.asm.obj</name>
      </input_file>
      <input_file id="fl-ca">
         <path>C:\ti\ccsv8\tools\compiler\ti-cgt-arm_18.1.2.LTS\lib\</path>
         <kind>archive</kind>
         <file>rtsv7M4_T_le_v4SPD16_eabi.lib</file>
         <name>copy_zero_init.c.obj</name>
      </input_file>
      <input_file id="fl-cb">
         <path>C:\ti\ccsv8\tools\compiler\ti-cgt-arm_18.1.2.LTS\lib\</path>
         <kind>archive</kind>
         <file>rtsv7M4_T_le_v4SPD16_eabi.lib</file>
         <name>copy_decompress_none.c.obj</name>
      </input_file>
      <input_file id="fl-cc">
         <path>C:\ti\ccsv8\tools\compiler\ti-cgt-arm_18.1.2.LTS\lib\</path>
         <kind>archive</kind>
         <file>rtsv7M4_T_le_v4SPD16_eabi.lib</file>
         <name>copy_decompress_lzss.c.obj</name>
      </input_file>
      <input_file id="fl-cd">
         <path>C:\ti\ccsv8\tools\compiler\ti-cgt-arm_18.1.2.LTS\lib\</path>
         <kind>archive</kind>
         <file>rtsv7M4_T_le_v4SPD16_eabi.lib</file>
         <name>boot_cortex_m.c.obj</name>
      </input_file>
      <input_file id="fl-ce">
         <path>C:\ti\ccsv8\tools\compiler\ti-cgt-arm_18.1.2.LTS\lib\</path>
         <kind>archive</kind>
         <file>rtsv7M4_T_le_v4SPD16_eabi.lib</file>
         <name>exit.c.obj</name>
      </input_file>
      <input_file id="fl-cf">
         <path>C:\ti\ccsv8\tools\compiler\ti-cgt-arm_18.1.2.LTS\lib\</path>
         <kind>archive</kind>
         <file>rtsv7M4_T_le_v4SPD16_eabi.lib</file>
         <name>memory.c.obj</name>
      </input_file>
      <input_file id="fl-d0">
         <path>C:\ti\ccsv8\tools\compiler\ti-cgt-arm_18.1.2.LTS\lib\</path>
         <kind>archive</kind>
         <file>rtsv7M4_T_le_v4SPD16_eabi.lib</file>
         <name>_lock.c.obj</name>
      </input_file>
      <input_file id="fl-d1">
         <path>C:\ti\ccsv8\tools\compiler\ti-cgt-arm_18.1.2.LTS\lib\</path>
         <kind>archive</kind>
         <file>rtsv7M4_T_le_v4SPD16_eabi.lib</file>
         <name>args_main.c.obj</name>
      </input_file>
      <input_file id="fl-d2">
         <path>C:\ti\ccsv8\tools\compiler\ti-cgt-arm_18.1.2.LTS\lib\</path>
         <kind>archive</kind>
         <file>rtsv7M4_T_le_v4SPD16_eabi.lib</file>
         <name>strcat.c.obj</name>
      </input_file>
      <input_file id="fl-d3">
         <path>C:\ti\ccsv8\tools\compiler\ti-cgt-arm_18.1.2.LTS\lib\</path>
         <kind>archive</kind>
         <file>rtsv7M4_T_le_v4SPD16_eabi.lib</file>
         <name>strcmp.c.obj</name>
      </input_file>
      <input_file id="fl-d4">
         <path>C:\ti\ccsv8\tools\compiler\ti-cgt-arm_18.1.2.LTS\lib\</path>
         <kind>archive</kind>
         <file>rtsv7M4_T_le_v4SPD16_eabi.lib</file>
         <name>strcpy.c.obj</name>
      </input_file>
      <input_file id="fl-d5">
         <path>C:\ti\ccsv8\tools\compiler\ti-cgt-arm_18.1.2.LTS\lib\</path>
         <kind>archive</kind>
         <file>rtsv7M4_T_le_v4SPD16_eabi.lib</file>
         <name>strlen.c.obj</name>
      </input_file>
      <input_file id="fl-d6">
         <path>C:\ti\ccsv8\tools\compiler\ti-cgt-arm_18.1.2.LTS\lib\</path>
         <kind>archive</kind>
         <file>rtsv7M4_T_le_v4SPD16_eabi.lib</file>
         <name>vsnprintf.c.obj</name>
      </input_file>
      <input_file id="fl-d7">
         <path>C:\ti\ccsv8\tools\compiler\ti-cgt-arm_18.1.2.LTS\lib\</path>
         <kind>archive</kind>
         <file>rtsv7M4_T_le_v4SPD16_eabi.lib</file>
         <name>autoinit.c.obj</name>
      </input_file>
      <input_file id="fl-d8">
         <path>C:\ti\ccsv8\tools\compiler\ti-cgt-arm_18.1.2.LTS\lib\</path>
         <kind>archive</kind>
         <file>rtsv7M4_T_le_v4SPD16_eabi.lib</file>
         <name>pre_init.c.obj</name>
      </input_file>
      <input_file id="fl-d9">
         <path>C:\ti\ccsv8\tools\compiler\ti-cgt-arm_18.1.2.LTS\lib\</path>
         <kind>archive</kind>
         <file>rtsv7M4_T_le_v4SPD16_eabi.lib</file>
         <name>cpy_tbl.c.obj</name>
      </input_file>
      <input_file id="fl-da">
         <path>C:\ti\ccsv8\tools\compiler\ti-cgt-arm_18.1.2.LTS\lib\</path>
         <kind>archive</kind>
         <file>rtsv7M4_T_le_v4SPD16_eabi.lib</file>
         <name>_printfi.c.obj</name>
      </input_file>
      <input_file id="fl-db">
         <path>C:\ti\ccsv8\tools\compiler\ti-cgt-arm_18.1.2.LTS\lib\</path>
         <kind>archive</kind>
         <file>rtsv7M4_T_le_v4SPD16_eabi.lib</file>
         <name>atoi.c.obj</name>
      </input_file>
      <input_file id="fl-dc">
         <path>C:\ti\ccsv8\tools\compiler\ti-cgt-arm_18.1.2.LTS\lib\</path>
         <kind>archive</kind>
         <file>rtsv7M4_T_le_v4SPD16_eabi.lib</file>
         <name>ctype.c.obj</name>
      </input_file>
      <input_file id="fl-dd">
         <path>C:\ti\ccsv8\tools\compiler\ti-cgt-arm_18.1.2.LTS\lib\</path>
         <kind>archive</kind>
         <file>rtsv7M4_T_le_v4SPD16_eabi.lib</file>
         <name>ltoa.c.obj</name>
      </input_file>
      <input_file id="fl-de">
         <path>C:\ti\ccsv8\tools\compiler\ti-cgt-arm_18.1.2.LTS\lib\</path>
         <kind>archive</kind>
         <file>rtsv7M4_T_le_v4SPD16_eabi.lib</file>
         <name>memccpy.c.obj</name>
      </input_file>
      <input_file id="fl-df">
         <path>C:\ti\ccsv8\tools\compiler\ti-cgt-arm_18.1.2.LTS\lib\</path>
         <kind>archive</kind>
         <file>rtsv7M4_T_le_v4SPD16_eabi.lib</file>
         <name>strchr.c.obj</name>
      </input_file>
      <input_file id="fl-e0">
         <path>C:\ti\ccsv8\tools\compiler\ti-cgt-arm_18.1.2.LTS\lib\</path>
         <kind>archive</kind>
         <file>rtsv7M4_T_le_v4SPD16_eabi.lib</file>
         <name>s_frexp.c.obj</name>
      </input_file>
      <input_file id="fl-e1">
         <path>C:\ti\ccsv8\tools\compiler\ti-cgt-arm_18.1.2.LTS\lib\</path>
         <kind>archive</kind>
         <file>rtsv7M4_T_le_v4SPD16_eabi.lib</file>
         <name>s_scalbn.c.obj</name>
      </input_file>
      <input_file id="fl-e2">
         <path>C:\ti\ccsv8\tools\compiler\ti-cgt-arm_18.1.2.LTS\lib\</path>
         <kind>archive</kind>
         <file>rtsv7M4_T_le_v4SPD16_eabi.lib</file>
         <name>s_copysign.c.obj</name>
      </input_file>
      <input_file id="fl-e3">
         <path>C:\ti\ccsv8\tools\compiler\ti-cgt-arm_18.1.2.LTS\lib\</path>
         <kind>archive</kind>
         <file>rtsv7M4_T_le_v4SPD16_eabi.lib</file>
         <name>wcslen.c.obj</name>
      </input_file>
      <input_file id="fl-e4">
         <path>C:\ti\ccsv8\tools\compiler\ti-cgt-arm_18.1.2.LTS\lib\</path>
         <kind>archive</kind>
         <file>rtsv7M4_T_le_v4SPD16_eabi.lib</file>
         <name>ull_div_t2.asm.obj</name>
      </input_file>
      <input_file id="fl-e5">
         <path>C:\ti\ccsv8\tools\compiler\ti-cgt-arm_18.1.2.LTS\lib\</path>
         <kind>archive</kind>
         <file>rtsv7M4_T_le_v4SPD16_eabi.lib</file>
         <name>errno.c.obj</name>
      </input_file>
      <input_file id="fl-e6">
         <path>C:\ti\ccsv8\tools\compiler\ti-cgt-arm_18.1.2.LTS\lib\</path>
         <kind>archive</kind>
         <file>rtsv7M4_T_le_v4SPD16_eabi.lib</file>
         <name>div0.asm.obj</name>
      </input_file>
      <input_file id="fl-e7">
         <path>C:\ti\TivaWare_C_Series-2.1.4.178\driverlib\ccs\Debug\</path>
         <kind>archive</kind>
         <file>driverlib.lib</file>
         <name>interrupt.obj</name>
      </input_file>
      <input_file id="fl-e8">
         <path>C:\ti\TivaWare_C_Series-2.1.4.178\driverlib\ccs\Debug\</path>
         <kind>archive</kind>
         <file>driverlib.lib</file>
         <name>cpu.obj</name>
      </input_file>
   </input_file_list>
   <object_component_list>
      <object_component id="oc-f">
         <name>.intvecs</name>
         <load_address>0x0</load_address>
         <run_address>0x0</run_address>
         <size>0x26c</size>
         <input_file_ref idref="fl-7"/>
      </object_component>
      <object_component id="oc-d3">
         <name>.text</name>
         <load_address>0x26c</load_address>
         <run_address>0x26c</run_address>
         <size>0xa88</size>
         <input_file_ref idref="fl-5"/>
      </object_component>
      <object_component id="oc-215">
         <name>.text:__TI_printfi</name>
         <load_address>0xcf4</load_address>
         <run_address>0xcf4</run_address>
         <size>0xa5e</size>
         <input_file_ref idref="fl-da"/>
      </object_component>
      <object_component id="oc-23f">
         <name>.text:_nop</name>
         <load_address>0x1752</load_address>
         <run_address>0x1752</run_address>
         <size>0x2</size>
         <input_file_ref idref="fl-d0"/>
      </object_component>
      <object_component id="oc-df">
         <name>.text</name>
         <load_address>0x1754</load_address>
         <run_address>0x1754</run_address>
         <size>0x388</size>
         <input_file_ref idref="fl-3"/>
      </object_component>
      <object_component id="oc-289">
         <name>.text:_pconv_a</name>
         <load_address>0x1adc</load_address>
         <run_address>0x1adc</run_address>
         <size>0x270</size>
         <input_file_ref idref="fl-da"/>
      </object_component>
      <object_component id="oc-d9">
         <name>.text</name>
         <load_address>0x1d4c</load_address>
         <run_address>0x1d4c</run_address>
         <size>0x248</size>
         <input_file_ref idref="fl-4"/>
      </object_component>
      <object_component id="oc-277">
         <name>.text:_pconv_g</name>
         <load_address>0x1f94</load_address>
         <run_address>0x1f94</run_address>
         <size>0x1d0</size>
         <input_file_ref idref="fl-da"/>
      </object_component>
      <object_component id="oc-176">
         <name>.text</name>
         <load_address>0x2164</load_address>
         <run_address>0x2164</run_address>
         <size>0x1b6</size>
         <input_file_ref idref="fl-c3"/>
      </object_component>
      <object_component id="oc-329">
         <name>.text</name>
         <load_address>0x231a</load_address>
         <run_address>0x231a</run_address>
         <size>0x2</size>
         <input_file_ref idref="fl-e6"/>
      </object_component>
      <object_component id="oc-137">
         <name>.text</name>
         <load_address>0x231c</load_address>
         <run_address>0x231c</run_address>
         <size>0x158</size>
         <input_file_ref idref="fl-6"/>
      </object_component>
      <object_component id="oc-283">
         <name>.text:_pconv_e</name>
         <load_address>0x2474</load_address>
         <run_address>0x2474</run_address>
         <size>0x13c</size>
         <input_file_ref idref="fl-da"/>
      </object_component>
      <object_component id="oc-165">
         <name>.text</name>
         <load_address>0x25b0</load_address>
         <run_address>0x25b0</run_address>
         <size>0x136</size>
         <input_file_ref idref="fl-c5"/>
      </object_component>
      <object_component id="oc-2e9">
         <name>.text:fcvt</name>
         <load_address>0x26e8</load_address>
         <run_address>0x26e8</run_address>
         <size>0x120</size>
         <input_file_ref idref="fl-da"/>
      </object_component>
      <object_component id="oc-2fd">
         <name>.text:scalbn</name>
         <load_address>0x2808</load_address>
         <run_address>0x2808</run_address>
         <size>0x110</size>
         <input_file_ref idref="fl-e1"/>
      </object_component>
      <object_component id="oc-15b">
         <name>.text</name>
         <load_address>0x2918</load_address>
         <run_address>0x2918</run_address>
         <size>0xfc</size>
         <input_file_ref idref="fl-c6"/>
      </object_component>
      <object_component id="oc-131">
         <name>.text:free</name>
         <load_address>0x2a14</load_address>
         <run_address>0x2a14</run_address>
         <size>0xd8</size>
         <input_file_ref idref="fl-cf"/>
      </object_component>
      <object_component id="oc-271">
         <name>.text:_ltostr</name>
         <load_address>0x2aec</load_address>
         <run_address>0x2aec</run_address>
         <size>0xb1</size>
         <input_file_ref idref="fl-da"/>
      </object_component>
      <object_component id="oc-9f">
         <name>.text</name>
         <load_address>0x2ba0</load_address>
         <run_address>0x2ba0</run_address>
         <size>0xa4</size>
         <input_file_ref idref="fl-2"/>
      </object_component>
      <object_component id="oc-3b">
         <name>.text</name>
         <load_address>0x2c44</load_address>
         <run_address>0x2c44</run_address>
         <size>0x9c</size>
         <input_file_ref idref="fl-c9"/>
      </object_component>
      <object_component id="oc-2cb">
         <name>.text</name>
         <load_address>0x2ce0</load_address>
         <run_address>0x2ce0</run_address>
         <size>0x96</size>
         <input_file_ref idref="fl-e4"/>
      </object_component>
      <object_component id="oc-171">
         <name>.text:__aeabi_cdcmple</name>
         <load_address>0x2d76</load_address>
         <run_address>0x2d76</run_address>
         <size>0x86</size>
         <input_file_ref idref="fl-c4"/>
      </object_component>
      <object_component id="oc-2d1">
         <name>.text:__aeabi_cdrcmple</name>
         <load_address>0x2dfc</load_address>
         <run_address>0x2dfc</run_address>
         <size>0x86</size>
         <input_file_ref idref="fl-c4"/>
      </object_component>
      <object_component id="oc-93">
         <name>.text</name>
         <load_address>0x2e82</load_address>
         <run_address>0x2e82</run_address>
         <size>0x7a</size>
         <input_file_ref idref="fl-c2"/>
      </object_component>
      <object_component id="oc-1c9">
         <name>.text:malloc</name>
         <load_address>0x2efc</load_address>
         <run_address>0x2efc</run_address>
         <size>0x78</size>
         <input_file_ref idref="fl-cf"/>
      </object_component>
      <object_component id="oc-2e2">
         <name>.text:_mcpy</name>
         <load_address>0x2f74</load_address>
         <run_address>0x2f74</run_address>
         <size>0x6e</size>
         <input_file_ref idref="fl-da"/>
      </object_component>
      <object_component id="oc-12">
         <name>.text:decompress:lzss:__TI_decompress_lzss</name>
         <load_address>0x2fe2</load_address>
         <run_address>0x2fe2</run_address>
         <size>0x68</size>
         <input_file_ref idref="fl-cc"/>
      </object_component>
      <object_component id="oc-2f7">
         <name>.text:frexp</name>
         <load_address>0x304c</load_address>
         <run_address>0x304c</run_address>
         <size>0x64</size>
         <input_file_ref idref="fl-e0"/>
      </object_component>
      <object_component id="oc-27d">
         <name>.text:_pconv_f</name>
         <load_address>0x30b0</load_address>
         <run_address>0x30b0</run_address>
         <size>0x56</size>
         <input_file_ref idref="fl-da"/>
      </object_component>
      <object_component id="oc-2d6">
         <name>.text:ltoa</name>
         <load_address>0x3106</load_address>
         <run_address>0x3106</run_address>
         <size>0x54</size>
         <input_file_ref idref="fl-dd"/>
      </object_component>
      <object_component id="oc-2dc">
         <name>.text:_ecpy</name>
         <load_address>0x315a</load_address>
         <run_address>0x315a</run_address>
         <size>0x52</size>
         <input_file_ref idref="fl-da"/>
      </object_component>
      <object_component id="oc-26b">
         <name>.text:atoi</name>
         <load_address>0x31ac</load_address>
         <run_address>0x31ac</run_address>
         <size>0x4c</size>
         <input_file_ref idref="fl-db"/>
      </object_component>
      <object_component id="oc-160">
         <name>.text</name>
         <load_address>0x31f8</load_address>
         <run_address>0x31f8</run_address>
         <size>0x48</size>
         <input_file_ref idref="fl-c7"/>
      </object_component>
      <object_component id="oc-f2">
         <name>.text:__TI_auto_init_nobinit_nopinit:__TI_auto_init_nobinit_nopinit</name>
         <load_address>0x3240</load_address>
         <run_address>0x3240</run_address>
         <size>0x44</size>
         <input_file_ref idref="fl-d7"/>
      </object_component>
      <object_component id="oc-184">
         <name>.text:vsnprintf</name>
         <load_address>0x3284</load_address>
         <run_address>0x3284</run_address>
         <size>0x40</size>
         <input_file_ref idref="fl-d6"/>
      </object_component>
      <object_component id="oc-2ef">
         <name>.text:_fcpy</name>
         <load_address>0x32c4</load_address>
         <run_address>0x32c4</run_address>
         <size>0x3e</size>
         <input_file_ref idref="fl-da"/>
      </object_component>
      <object_component id="oc-1dc">
         <name>.text:minsert</name>
         <load_address>0x3304</load_address>
         <run_address>0x3304</run_address>
         <size>0x3c</size>
         <input_file_ref idref="fl-cf"/>
      </object_component>
      <object_component id="oc-59">
         <name>.text:_c_int00_noargs:_c_int00_noargs</name>
         <load_address>0x3340</load_address>
         <run_address>0x3340</run_address>
         <size>0x38</size>
         <input_file_ref idref="fl-cd"/>
      </object_component>
      <object_component id="oc-1d0">
         <name>.text:minit</name>
         <load_address>0x3378</load_address>
         <run_address>0x3378</run_address>
         <size>0x38</size>
         <input_file_ref idref="fl-cf"/>
      </object_component>
      <object_component id="oc-14a">
         <name>.text:IntRegister</name>
         <load_address>0x33b0</load_address>
         <run_address>0x33b0</run_address>
         <size>0x34</size>
         <input_file_ref idref="fl-e7"/>
      </object_component>
      <object_component id="oc-21b">
         <name>.text:_outs</name>
         <load_address>0x33e4</load_address>
         <run_address>0x33e4</run_address>
         <size>0x30</size>
         <input_file_ref idref="fl-d6"/>
      </object_component>
      <object_component id="oc-156">
         <name>.text</name>
         <load_address>0x3414</load_address>
         <run_address>0x3414</run_address>
         <size>0x2e</size>
         <input_file_ref idref="fl-c8"/>
      </object_component>
      <object_component id="oc-12b">
         <name>.text:calloc</name>
         <load_address>0x3442</load_address>
         <run_address>0x3442</run_address>
         <size>0x2a</size>
         <input_file_ref idref="fl-cf"/>
      </object_component>
      <object_component id="oc-1d6">
         <name>.text:mremove</name>
         <load_address>0x346c</load_address>
         <run_address>0x346c</run_address>
         <size>0x28</size>
         <input_file_ref idref="fl-cf"/>
      </object_component>
      <object_component id="oc-196">
         <name>.text:strcat</name>
         <load_address>0x3494</load_address>
         <run_address>0x3494</run_address>
         <size>0x1e</size>
         <input_file_ref idref="fl-d2"/>
      </object_component>
      <object_component id="oc-28f">
         <name>.text:memccpy</name>
         <load_address>0x34b2</load_address>
         <run_address>0x34b2</run_address>
         <size>0x1c</size>
         <input_file_ref idref="fl-de"/>
      </object_component>
      <object_component id="oc-221">
         <name>.text:_outc</name>
         <load_address>0x34ce</load_address>
         <run_address>0x34ce</run_address>
         <size>0x18</size>
         <input_file_ref idref="fl-d6"/>
      </object_component>
      <object_component id="oc-13d">
         <name>.text:oi_parseInt</name>
         <load_address>0x34e6</load_address>
         <run_address>0x34e6</run_address>
         <size>0x18</size>
         <input_file_ref idref="fl-5"/>
      </object_component>
      <object_component id="oc-144">
         <name>.text:strcmp</name>
         <load_address>0x34fe</load_address>
         <run_address>0x34fe</run_address>
         <size>0x18</size>
         <input_file_ref idref="fl-d3"/>
      </object_component>
      <object_component id="oc-303">
         <name>.text:strchr</name>
         <load_address>0x3516</load_address>
         <run_address>0x3516</run_address>
         <size>0x16</size>
         <input_file_ref idref="fl-df"/>
      </object_component>
      <object_component id="oc-33d">
         <name>.text:copysign</name>
         <load_address>0x352c</load_address>
         <run_address>0x352c</run_address>
         <size>0x14</size>
         <input_file_ref idref="fl-e2"/>
      </object_component>
      <object_component id="oc-18a">
         <name>.text:strcpy</name>
         <load_address>0x3540</load_address>
         <run_address>0x3540</run_address>
         <size>0x14</size>
         <input_file_ref idref="fl-d4"/>
      </object_component>
      <object_component id="oc-190">
         <name>.text:strlen</name>
         <load_address>0x3554</load_address>
         <run_address>0x3554</run_address>
         <size>0x14</size>
         <input_file_ref idref="fl-d5"/>
      </object_component>
      <object_component id="oc-47">
         <name>.text:decompress:ZI:__TI_zero_init_nomemset:__TI_zero_init_nomemset</name>
         <load_address>0x3568</load_address>
         <run_address>0x3568</run_address>
         <size>0x12</size>
         <input_file_ref idref="fl-ca"/>
      </object_component>
      <object_component id="oc-295">
         <name>.text:wcslen</name>
         <load_address>0x357a</load_address>
         <run_address>0x357a</run_address>
         <size>0x12</size>
         <input_file_ref idref="fl-e3"/>
      </object_component>
      <object_component id="oc-150">
         <name>.text:IntMasterEnable</name>
         <load_address>0x358c</load_address>
         <run_address>0x358c</run_address>
         <size>0x10</size>
         <input_file_ref idref="fl-e7"/>
      </object_component>
      <object_component id="oc-17d">
         <name>.text:lcd_clear</name>
         <load_address>0x359c</load_address>
         <run_address>0x359c</run_address>
         <size>0x10</size>
         <input_file_ref idref="fl-3"/>
      </object_component>
      <object_component id="oc-18">
         <name>.text:decompress:none:__TI_decompress_none</name>
         <load_address>0x35ac</load_address>
         <run_address>0x35ac</run_address>
         <size>0xe</size>
         <input_file_ref idref="fl-cb"/>
      </object_component>
      <object_component id="oc-1f8">
         <name>.text:CPUcpsie</name>
         <load_address>0x35ba</load_address>
         <run_address>0x35ba</run_address>
         <size>0xc</size>
         <input_file_ref idref="fl-e8"/>
      </object_component>
      <object_component id="oc-27">
         <name>.text</name>
         <load_address>0x35c6</load_address>
         <run_address>0x35c6</run_address>
         <size>0xc</size>
         <input_file_ref idref="fl-7"/>
      </object_component>
      <object_component id="oc-29b">
         <name>.text:__aeabi_errno_addr</name>
         <load_address>0x35d4</load_address>
         <run_address>0x35d4</run_address>
         <size>0x8</size>
         <input_file_ref idref="fl-e5"/>
      </object_component>
      <object_component id="oc-99">
         <name>.text:_system_pre_init</name>
         <load_address>0x35dc</load_address>
         <run_address>0x35dc</run_address>
         <size>0x4</size>
         <input_file_ref idref="fl-d8"/>
      </object_component>
      <object_component id="oc-e6">
         <name>.text:abort:abort</name>
         <load_address>0x35e0</load_address>
         <run_address>0x35e0</run_address>
         <size>0x4</size>
         <input_file_ref idref="fl-ce"/>
      </object_component>
      <object_component id="oc-2c6">
         <name>.const:.string:_ctypes_</name>
         <load_address>0x35e4</load_address>
         <run_address>0x35e4</run_address>
         <size>0x101</size>
         <input_file_ref idref="fl-dc"/>
      </object_component>
      <object_component id="oc-19f">
         <name>.const:.string:$P$T0$4</name>
         <load_address>0x36e5</load_address>
         <run_address>0x36e5</run_address>
         <size>0x15</size>
         <input_file_ref idref="fl-3"/>
      </object_component>
      <object_component id="oc-16b">
         <name>.const:.string:$P$T0$3</name>
         <load_address>0x36fa</load_address>
         <run_address>0x36fa</run_address>
         <size>0xf</size>
         <input_file_ref idref="fl-5"/>
      </object_component>
      <object_component id="oc-19c">
         <name>.const:.string:lineAddress$1</name>
         <load_address>0x3709</load_address>
         <run_address>0x3709</run_address>
         <size>0x4</size>
         <input_file_ref idref="fl-3"/>
      </object_component>
      <object_component id="oc-19d">
         <name>.const:.string:lineAddresses$2</name>
         <load_address>0x370d</load_address>
         <run_address>0x370d</run_address>
         <size>0x4</size>
         <input_file_ref idref="fl-3"/>
      </object_component>
      <object_component id="oc-394">
         <name>.cinit..data.load</name>
         <load_address>0x3718</load_address>
         <run_address>0x3718</run_address>
         <size>0x18</size>
      </object_component>
      <object_component id="oc-391">
         <name>__TI_handler_table</name>
         <load_address>0x3730</load_address>
         <run_address>0x3730</run_address>
         <size>0xc</size>
      </object_component>
      <object_component id="oc-395">
         <name>.cinit..bss.load</name>
         <load_address>0x3740</load_address>
         <run_address>0x3740</run_address>
         <size>0x8</size>
      </object_component>
      <object_component id="oc-393">
         <name>.cinit..vtable.load</name>
         <load_address>0x3748</load_address>
         <run_address>0x3748</run_address>
         <size>0x8</size>
      </object_component>
      <object_component id="oc-392">
         <name>__TI_cinit_table</name>
         <load_address>0x3750</load_address>
         <run_address>0x3750</run_address>
         <size>0x18</size>
      </object_component>
      <object_component id="oc-1ee">
         <name>.vtable</name>
         <uninitialized>true</uninitialized>
         <run_address>0x20000000</run_address>
         <size>0x26c</size>
         <input_file_ref idref="fl-e7"/>
      </object_component>
      <object_component id="oc-16a">
         <name>.data</name>
         <load_address>0x200022dc</load_address>
         <run_address>0x200022dc</run_address>
         <size>0x10</size>
         <input_file_ref idref="fl-5"/>
      </object_component>
      <object_component id="oc-1e2">
         <name>.data:$O1$$</name>
         <load_address>0x200022ec</load_address>
         <run_address>0x200022ec</run_address>
         <size>0xc</size>
         <input_file_ref idref="fl-cf"/>
      </object_component>
      <object_component id="oc-1ad">
         <name>.data:$O1$$</name>
         <load_address>0x200022f8</load_address>
         <run_address>0x200022f8</run_address>
         <size>0x8</size>
         <input_file_ref idref="fl-d0"/>
      </object_component>
      <object_component id="oc-313">
         <name>.data</name>
         <load_address>0x20002300</load_address>
         <run_address>0x20002300</run_address>
         <size>0x4</size>
         <input_file_ref idref="fl-e5"/>
      </object_component>
      <object_component id="oc-19e">
         <name>.bss:lastbuffer$3</name>
         <uninitialized>true</uninitialized>
         <run_address>0x20002270</run_address>
         <size>0x54</size>
         <input_file_ref idref="fl-3"/>
      </object_component>
      <object_component id="oc-16e">
         <name>.bss:firmware$2</name>
         <uninitialized>true</uninitialized>
         <run_address>0x200022c4</run_address>
         <size>0x18</size>
         <input_file_ref idref="fl-5"/>
      </object_component>
      <object_component id="oc-24">
         <name>.sysmem</name>
         <uninitialized>true</uninitialized>
         <run_address>0x20001270</run_address>
         <size>0x8</size>
         <input_file_ref idref="fl-cf"/>
      </object_component>
      <object_component id="oc-397">
         <name>.sysmem</name>
         <uninitialized>true</uninitialized>
         <run_address>0x20001270</run_address>
         <size>0x0</size>
      </object_component>
      <object_component id="oc-21">
         <name>.stack</name>
         <uninitialized>true</uninitialized>
         <run_address>0x20000270</run_address>
         <size>0x4</size>
         <input_file_ref idref="fl-cd"/>
      </object_component>
      <object_component id="oc-396">
         <name>.stack</name>
         <uninitialized>true</uninitialized>
         <run_address>0x20000270</run_address>
         <size>0x0</size>
      </object_component>
      <object_component id="oc-c2">
         <name>.debug_info</name>
         <load_address>0x0</load_address>
         <run_address>0x0</run_address>
         <size>0x3a9</size>
         <input_file_ref idref="fl-2"/>
      </object_component>
      <object_component id="oc-a0">
         <name>.debug_info</name>
         <load_address>0x3a9</load_address>
         <run_address>0x3a9</run_address>
         <size>0x398</size>
         <input_file_ref idref="fl-2"/>
      </object_component>
      <object_component id="oc-126">
         <name>.debug_info</name>
         <load_address>0x741</load_address>
         <run_address>0x741</run_address>
         <size>0x5aa</size>
         <input_file_ref idref="fl-2"/>
      </object_component>
      <object_component id="oc-74">
         <name>.debug_info</name>
         <load_address>0xceb</load_address>
         <run_address>0xceb</run_address>
         <size>0x26b</size>
         <input_file_ref idref="fl-2"/>
      </object_component>
      <object_component id="oc-36">
         <name>.debug_info</name>
         <load_address>0xf56</load_address>
         <run_address>0xf56</run_address>
         <size>0x84</size>
         <input_file_ref idref="fl-2"/>
      </object_component>
      <object_component id="oc-bd">
         <name>.debug_info</name>
         <load_address>0xfda</load_address>
         <run_address>0xfda</run_address>
         <size>0x297</size>
         <input_file_ref idref="fl-2"/>
      </object_component>
      <object_component id="oc-79">
         <name>.debug_info</name>
         <load_address>0x1271</load_address>
         <run_address>0x1271</run_address>
         <size>0xbb</size>
         <input_file_ref idref="fl-2"/>
      </object_component>
      <object_component id="oc-20c">
         <name>.debug_info</name>
         <load_address>0x132c</load_address>
         <run_address>0x132c</run_address>
         <size>0xcc</size>
         <input_file_ref idref="fl-2"/>
      </object_component>
      <object_component id="oc-1a4">
         <name>.debug_info</name>
         <load_address>0x13f8</load_address>
         <run_address>0x13f8</run_address>
         <size>0x2c</size>
         <input_file_ref idref="fl-2"/>
      </object_component>
      <object_component id="oc-1a3">
         <name>.debug_info</name>
         <load_address>0x1424</load_address>
         <run_address>0x1424</run_address>
         <size>0x3fe</size>
         <input_file_ref idref="fl-3"/>
      </object_component>
      <object_component id="oc-1a0">
         <name>.debug_info</name>
         <load_address>0x1822</load_address>
         <run_address>0x1822</run_address>
         <size>0xb8</size>
         <input_file_ref idref="fl-3"/>
      </object_component>
      <object_component id="oc-17e">
         <name>.debug_info</name>
         <load_address>0x18da</load_address>
         <run_address>0x18da</run_address>
         <size>0x111</size>
         <input_file_ref idref="fl-3"/>
      </object_component>
      <object_component id="oc-e1">
         <name>.debug_info</name>
         <load_address>0x19eb</load_address>
         <run_address>0x19eb</run_address>
         <size>0x993</size>
         <input_file_ref idref="fl-3"/>
      </object_component>
      <object_component id="oc-17c">
         <name>.debug_info</name>
         <load_address>0x237e</load_address>
         <run_address>0x237e</run_address>
         <size>0x2d7</size>
         <input_file_ref idref="fl-4"/>
      </object_component>
      <object_component id="oc-da">
         <name>.debug_info</name>
         <load_address>0x2655</load_address>
         <run_address>0x2655</run_address>
         <size>0x6b1</size>
         <input_file_ref idref="fl-4"/>
      </object_component>
      <object_component id="oc-1e7">
         <name>.debug_info</name>
         <load_address>0x2d06</load_address>
         <run_address>0x2d06</run_address>
         <size>0x2c</size>
         <input_file_ref idref="fl-4"/>
      </object_component>
      <object_component id="oc-170">
         <name>.debug_info</name>
         <load_address>0x2d32</load_address>
         <run_address>0x2d32</run_address>
         <size>0x3ce</size>
         <input_file_ref idref="fl-5"/>
      </object_component>
      <object_component id="oc-16c">
         <name>.debug_info</name>
         <load_address>0x3100</load_address>
         <run_address>0x3100</run_address>
         <size>0xc3</size>
         <input_file_ref idref="fl-5"/>
      </object_component>
      <object_component id="oc-13f">
         <name>.debug_info</name>
         <load_address>0x31c3</load_address>
         <run_address>0x31c3</run_address>
         <size>0x13b</size>
         <input_file_ref idref="fl-5"/>
      </object_component>
      <object_component id="oc-d6">
         <name>.debug_info</name>
         <load_address>0x32fe</load_address>
         <run_address>0x32fe</run_address>
         <size>0x14d5</size>
         <input_file_ref idref="fl-5"/>
      </object_component>
      <object_component id="oc-138">
         <name>.debug_info</name>
         <load_address>0x47d3</load_address>
         <run_address>0x47d3</run_address>
         <size>0x3e1</size>
         <input_file_ref idref="fl-6"/>
      </object_component>
      <object_component id="oc-2f">
         <name>.debug_info</name>
         <load_address>0x4bb4</load_address>
         <run_address>0x4bb4</run_address>
         <size>0x298</size>
         <input_file_ref idref="fl-7"/>
      </object_component>
      <object_component id="oc-10">
         <name>.debug_info</name>
         <load_address>0x4e4c</load_address>
         <run_address>0x4e4c</run_address>
         <size>0xd7</size>
         <input_file_ref idref="fl-7"/>
      </object_component>
      <object_component id="oc-2a">
         <name>.debug_info</name>
         <load_address>0x4f23</load_address>
         <run_address>0x4f23</run_address>
         <size>0x253</size>
         <input_file_ref idref="fl-7"/>
      </object_component>
      <object_component id="oc-94">
         <name>.debug_info</name>
         <load_address>0x5176</load_address>
         <run_address>0x5176</run_address>
         <size>0x13f</size>
         <input_file_ref idref="fl-c2"/>
      </object_component>
      <object_component id="oc-177">
         <name>.debug_info</name>
         <load_address>0x52b5</load_address>
         <run_address>0x52b5</run_address>
         <size>0x144</size>
         <input_file_ref idref="fl-c3"/>
      </object_component>
      <object_component id="oc-172">
         <name>.debug_info</name>
         <load_address>0x53f9</load_address>
         <run_address>0x53f9</run_address>
         <size>0x120</size>
         <input_file_ref idref="fl-c4"/>
      </object_component>
      <object_component id="oc-2d3">
         <name>.debug_info</name>
         <load_address>0x5519</load_address>
         <run_address>0x5519</run_address>
         <size>0x122</size>
         <input_file_ref idref="fl-c4"/>
      </object_component>
      <object_component id="oc-167">
         <name>.debug_info</name>
         <load_address>0x563b</load_address>
         <run_address>0x563b</run_address>
         <size>0x132</size>
         <input_file_ref idref="fl-c5"/>
      </object_component>
      <object_component id="oc-15e">
         <name>.debug_info</name>
         <load_address>0x576d</load_address>
         <run_address>0x576d</run_address>
         <size>0x132</size>
         <input_file_ref idref="fl-c6"/>
      </object_component>
      <object_component id="oc-161">
         <name>.debug_info</name>
         <load_address>0x589f</load_address>
         <run_address>0x589f</run_address>
         <size>0x126</size>
         <input_file_ref idref="fl-c7"/>
      </object_component>
      <object_component id="oc-157">
         <name>.debug_info</name>
         <load_address>0x59c5</load_address>
         <run_address>0x59c5</run_address>
         <size>0x124</size>
         <input_file_ref idref="fl-c8"/>
      </object_component>
      <object_component id="oc-3e">
         <name>.debug_info</name>
         <load_address>0x5ae9</load_address>
         <run_address>0x5ae9</run_address>
         <size>0x111</size>
         <input_file_ref idref="fl-c9"/>
      </object_component>
      <object_component id="oc-92">
         <name>.debug_info</name>
         <load_address>0x5bfa</load_address>
         <run_address>0x5bfa</run_address>
         <size>0x313</size>
         <input_file_ref idref="fl-ca"/>
      </object_component>
      <object_component id="oc-49">
         <name>.debug_info</name>
         <load_address>0x5f0d</load_address>
         <run_address>0x5f0d</run_address>
         <size>0x1b4</size>
         <input_file_ref idref="fl-ca"/>
      </object_component>
      <object_component id="oc-8d">
         <name>.debug_info</name>
         <load_address>0x60c1</load_address>
         <run_address>0x60c1</run_address>
         <size>0x46</size>
         <input_file_ref idref="fl-ca"/>
      </object_component>
      <object_component id="oc-ca">
         <name>.debug_info</name>
         <load_address>0x6107</load_address>
         <run_address>0x6107</run_address>
         <size>0x2c</size>
         <input_file_ref idref="fl-ca"/>
      </object_component>
      <object_component id="oc-46">
         <name>.debug_info</name>
         <load_address>0x6133</load_address>
         <run_address>0x6133</run_address>
         <size>0x29d</size>
         <input_file_ref idref="fl-cb"/>
      </object_component>
      <object_component id="oc-1c">
         <name>.debug_info</name>
         <load_address>0x63d0</load_address>
         <run_address>0x63d0</run_address>
         <size>0x1df</size>
         <input_file_ref idref="fl-cb"/>
      </object_component>
      <object_component id="oc-41">
         <name>.debug_info</name>
         <load_address>0x65af</load_address>
         <run_address>0x65af</run_address>
         <size>0x46</size>
         <input_file_ref idref="fl-cb"/>
      </object_component>
      <object_component id="oc-85">
         <name>.debug_info</name>
         <load_address>0x65f5</load_address>
         <run_address>0x65f5</run_address>
         <size>0x2c</size>
         <input_file_ref idref="fl-cb"/>
      </object_component>
      <object_component id="oc-83">
         <name>.debug_info</name>
         <load_address>0x6621</load_address>
         <run_address>0x6621</run_address>
         <size>0x293</size>
         <input_file_ref idref="fl-cc"/>
      </object_component>
      <object_component id="oc-13">
         <name>.debug_info</name>
         <load_address>0x68b4</load_address>
         <run_address>0x68b4</run_address>
         <size>0x245</size>
         <input_file_ref idref="fl-cc"/>
      </object_component>
      <object_component id="oc-31">
         <name>.debug_info</name>
         <load_address>0x6af9</load_address>
         <run_address>0x6af9</run_address>
         <size>0x60</size>
         <input_file_ref idref="fl-cc"/>
      </object_component>
      <object_component id="oc-c3">
         <name>.debug_info</name>
         <load_address>0x6b59</load_address>
         <run_address>0x6b59</run_address>
         <size>0x46</size>
         <input_file_ref idref="fl-cc"/>
      </object_component>
      <object_component id="oc-7e">
         <name>.debug_info</name>
         <load_address>0x6b9f</load_address>
         <run_address>0x6b9f</run_address>
         <size>0x39</size>
         <input_file_ref idref="fl-cc"/>
      </object_component>
      <object_component id="oc-22">
         <name>.debug_info</name>
         <load_address>0x6bd8</load_address>
         <run_address>0x6bd8</run_address>
         <size>0x100</size>
         <input_file_ref idref="fl-cd"/>
      </object_component>
      <object_component id="oc-5a">
         <name>.debug_info</name>
         <load_address>0x6cd8</load_address>
         <run_address>0x6cd8</run_address>
         <size>0x1a4</size>
         <input_file_ref idref="fl-cd"/>
      </object_component>
      <object_component id="oc-e8">
         <name>.debug_info</name>
         <load_address>0x6e7c</load_address>
         <run_address>0x6e7c</run_address>
         <size>0x117</size>
         <input_file_ref idref="fl-ce"/>
      </object_component>
      <object_component id="oc-6f">
         <name>.debug_info</name>
         <load_address>0x6f93</load_address>
         <run_address>0x6f93</run_address>
         <size>0x3bb</size>
         <input_file_ref idref="fl-cf"/>
      </object_component>
      <object_component id="oc-25">
         <name>.debug_info</name>
         <load_address>0x734e</load_address>
         <run_address>0x734e</run_address>
         <size>0x101</size>
         <input_file_ref idref="fl-cf"/>
      </object_component>
      <object_component id="oc-1e3">
         <name>.debug_info</name>
         <load_address>0x744f</load_address>
         <run_address>0x744f</run_address>
         <size>0x14c</size>
         <input_file_ref idref="fl-cf"/>
      </object_component>
      <object_component id="oc-1d4">
         <name>.debug_info</name>
         <load_address>0x759b</load_address>
         <run_address>0x759b</run_address>
         <size>0x139</size>
         <input_file_ref idref="fl-cf"/>
      </object_component>
      <object_component id="oc-1da">
         <name>.debug_info</name>
         <load_address>0x76d4</load_address>
         <run_address>0x76d4</run_address>
         <size>0x174</size>
         <input_file_ref idref="fl-cf"/>
      </object_component>
      <object_component id="oc-1e0">
         <name>.debug_info</name>
         <load_address>0x7848</load_address>
         <run_address>0x7848</run_address>
         <size>0x172</size>
         <input_file_ref idref="fl-cf"/>
      </object_component>
      <object_component id="oc-1cb">
         <name>.debug_info</name>
         <load_address>0x79ba</load_address>
         <run_address>0x79ba</run_address>
         <size>0x1db</size>
         <input_file_ref idref="fl-cf"/>
      </object_component>
      <object_component id="oc-134">
         <name>.debug_info</name>
         <load_address>0x7b95</load_address>
         <run_address>0x7b95</run_address>
         <size>0x1e6</size>
         <input_file_ref idref="fl-cf"/>
      </object_component>
      <object_component id="oc-12d">
         <name>.debug_info</name>
         <load_address>0x7d7b</load_address>
         <run_address>0x7d7b</run_address>
         <size>0x1b1</size>
         <input_file_ref idref="fl-cf"/>
      </object_component>
      <object_component id="oc-b3">
         <name>.debug_info</name>
         <load_address>0x7f2c</load_address>
         <run_address>0x7f2c</run_address>
         <size>0x2c</size>
         <input_file_ref idref="fl-cf"/>
      </object_component>
      <object_component id="oc-b8">
         <name>.debug_info</name>
         <load_address>0x7f58</load_address>
         <run_address>0x7f58</run_address>
         <size>0x62</size>
         <input_file_ref idref="fl-cf"/>
      </object_component>
      <object_component id="oc-247">
         <name>.debug_info</name>
         <load_address>0x7fba</load_address>
         <run_address>0x7fba</run_address>
         <size>0x2be</size>
         <input_file_ref idref="fl-d0"/>
      </object_component>
      <object_component id="oc-1ae">
         <name>.debug_info</name>
         <load_address>0x8278</load_address>
         <run_address>0x8278</run_address>
         <size>0x113</size>
         <input_file_ref idref="fl-d0"/>
      </object_component>
      <object_component id="oc-241">
         <name>.debug_info</name>
         <load_address>0x838b</load_address>
         <run_address>0x838b</run_address>
         <size>0x123</size>
         <input_file_ref idref="fl-d0"/>
      </object_component>
      <object_component id="oc-238">
         <name>.debug_info</name>
         <load_address>0x84ae</load_address>
         <run_address>0x84ae</run_address>
         <size>0x299</size>
         <input_file_ref idref="fl-d2"/>
      </object_component>
      <object_component id="oc-197">
         <name>.debug_info</name>
         <load_address>0x8747</load_address>
         <run_address>0x8747</run_address>
         <size>0x24c</size>
         <input_file_ref idref="fl-d2"/>
      </object_component>
      <object_component id="oc-1ed">
         <name>.debug_info</name>
         <load_address>0x8993</load_address>
         <run_address>0x8993</run_address>
         <size>0x27f</size>
         <input_file_ref idref="fl-d3"/>
      </object_component>
      <object_component id="oc-146">
         <name>.debug_info</name>
         <load_address>0x8c12</load_address>
         <run_address>0x8c12</run_address>
         <size>0x258</size>
         <input_file_ref idref="fl-d3"/>
      </object_component>
      <object_component id="oc-234">
         <name>.debug_info</name>
         <load_address>0x8e6a</load_address>
         <run_address>0x8e6a</run_address>
         <size>0x299</size>
         <input_file_ref idref="fl-d4"/>
      </object_component>
      <object_component id="oc-18b">
         <name>.debug_info</name>
         <load_address>0x9103</load_address>
         <run_address>0x9103</run_address>
         <size>0x231</size>
         <input_file_ref idref="fl-d4"/>
      </object_component>
      <object_component id="oc-236">
         <name>.debug_info</name>
         <load_address>0x9334</load_address>
         <run_address>0x9334</run_address>
         <size>0x284</size>
         <input_file_ref idref="fl-d5"/>
      </object_component>
      <object_component id="oc-193">
         <name>.debug_info</name>
         <load_address>0x95b8</load_address>
         <run_address>0x95b8</run_address>
         <size>0x22a</size>
         <input_file_ref idref="fl-d5"/>
      </object_component>
      <object_component id="oc-228">
         <name>.debug_info</name>
         <load_address>0x97e2</load_address>
         <run_address>0x97e2</run_address>
         <size>0x335</size>
         <input_file_ref idref="fl-d6"/>
      </object_component>
      <object_component id="oc-185">
         <name>.debug_info</name>
         <load_address>0x9b17</load_address>
         <run_address>0x9b17</run_address>
         <size>0x1fd</size>
         <input_file_ref idref="fl-d6"/>
      </object_component>
      <object_component id="oc-21c">
         <name>.debug_info</name>
         <load_address>0x9d14</load_address>
         <run_address>0x9d14</run_address>
         <size>0x1bb</size>
         <input_file_ref idref="fl-d6"/>
      </object_component>
      <object_component id="oc-222">
         <name>.debug_info</name>
         <load_address>0x9ecf</load_address>
         <run_address>0x9ecf</run_address>
         <size>0x16e</size>
         <input_file_ref idref="fl-d6"/>
      </object_component>
      <object_component id="oc-229">
         <name>.debug_info</name>
         <load_address>0xa03d</load_address>
         <run_address>0xa03d</run_address>
         <size>0x2c</size>
         <input_file_ref idref="fl-d6"/>
      </object_component>
      <object_component id="oc-22e">
         <name>.debug_info</name>
         <load_address>0xa069</load_address>
         <run_address>0xa069</run_address>
         <size>0x69</size>
         <input_file_ref idref="fl-d6"/>
      </object_component>
      <object_component id="oc-1b4">
         <name>.debug_info</name>
         <load_address>0xa0d2</load_address>
         <run_address>0xa0d2</run_address>
         <size>0x547</size>
         <input_file_ref idref="fl-d7"/>
      </object_component>
      <object_component id="oc-f4">
         <name>.debug_info</name>
         <load_address>0xa619</load_address>
         <run_address>0xa619</run_address>
         <size>0x19b</size>
         <input_file_ref idref="fl-d7"/>
      </object_component>
      <object_component id="oc-24d">
         <name>.debug_info</name>
         <load_address>0xa7b4</load_address>
         <run_address>0xa7b4</run_address>
         <size>0x39</size>
         <input_file_ref idref="fl-d7"/>
      </object_component>
      <object_component id="oc-2ba">
         <name>.debug_info</name>
         <load_address>0xa7ed</load_address>
         <run_address>0xa7ed</run_address>
         <size>0x39</size>
         <input_file_ref idref="fl-d7"/>
      </object_component>
      <object_component id="oc-252">
         <name>.debug_info</name>
         <load_address>0xa826</load_address>
         <run_address>0xa826</run_address>
         <size>0x39</size>
         <input_file_ref idref="fl-d7"/>
      </object_component>
      <object_component id="oc-257">
         <name>.debug_info</name>
         <load_address>0xa85f</load_address>
         <run_address>0xa85f</run_address>
         <size>0xcd</size>
         <input_file_ref idref="fl-d7"/>
      </object_component>
      <object_component id="oc-9a">
         <name>.debug_info</name>
         <load_address>0xa92c</load_address>
         <run_address>0xa92c</run_address>
         <size>0x148</size>
         <input_file_ref idref="fl-d8"/>
      </object_component>
      <object_component id="oc-2a2">
         <name>.debug_info</name>
         <load_address>0xaa74</load_address>
         <run_address>0xaa74</run_address>
         <size>0x8a6</size>
         <input_file_ref idref="fl-da"/>
      </object_component>
      <object_component id="oc-272">
         <name>.debug_info</name>
         <load_address>0xb31a</load_address>
         <run_address>0xb31a</run_address>
         <size>0x213</size>
         <input_file_ref idref="fl-da"/>
      </object_component>
      <object_component id="oc-2dd">
         <name>.debug_info</name>
         <load_address>0xb52d</load_address>
         <run_address>0xb52d</run_address>
         <size>0x1a8</size>
         <input_file_ref idref="fl-da"/>
      </object_component>
      <object_component id="oc-2e3">
         <name>.debug_info</name>
         <load_address>0xb6d5</load_address>
         <run_address>0xb6d5</run_address>
         <size>0x210</size>
         <input_file_ref idref="fl-da"/>
      </object_component>
      <object_component id="oc-278">
         <name>.debug_info</name>
         <load_address>0xb8e5</load_address>
         <run_address>0xb8e5</run_address>
         <size>0x3b0</size>
         <input_file_ref idref="fl-da"/>
      </object_component>
      <object_component id="oc-2ea">
         <name>.debug_info</name>
         <load_address>0xbc95</load_address>
         <run_address>0xbc95</run_address>
         <size>0x2fa</size>
         <input_file_ref idref="fl-da"/>
      </object_component>
      <object_component id="oc-2f0">
         <name>.debug_info</name>
         <load_address>0xbf8f</load_address>
         <run_address>0xbf8f</run_address>
         <size>0x20a</size>
         <input_file_ref idref="fl-da"/>
      </object_component>
      <object_component id="oc-27e">
         <name>.debug_info</name>
         <load_address>0xc199</load_address>
         <run_address>0xc199</run_address>
         <size>0x20a</size>
         <input_file_ref idref="fl-da"/>
      </object_component>
      <object_component id="oc-284">
         <name>.debug_info</name>
         <load_address>0xc3a3</load_address>
         <run_address>0xc3a3</run_address>
         <size>0x2f9</size>
         <input_file_ref idref="fl-da"/>
      </object_component>
      <object_component id="oc-28a">
         <name>.debug_info</name>
         <load_address>0xc69c</load_address>
         <run_address>0xc69c</run_address>
         <size>0x4a5</size>
         <input_file_ref idref="fl-da"/>
      </object_component>
      <object_component id="oc-216">
         <name>.debug_info</name>
         <load_address>0xcb41</load_address>
         <run_address>0xcb41</run_address>
         <size>0x5cd</size>
         <input_file_ref idref="fl-da"/>
      </object_component>
      <object_component id="oc-2a3">
         <name>.debug_info</name>
         <load_address>0xd10e</load_address>
         <run_address>0xd10e</run_address>
         <size>0x86</size>
         <input_file_ref idref="fl-da"/>
      </object_component>
      <object_component id="oc-31a">
         <name>.debug_info</name>
         <load_address>0xd194</load_address>
         <run_address>0xd194</run_address>
         <size>0x39</size>
         <input_file_ref idref="fl-da"/>
      </object_component>
      <object_component id="oc-354">
         <name>.debug_info</name>
         <load_address>0xd1cd</load_address>
         <run_address>0xd1cd</run_address>
         <size>0xb6</size>
         <input_file_ref idref="fl-da"/>
      </object_component>
      <object_component id="oc-31f">
         <name>.debug_info</name>
         <load_address>0xd283</load_address>
         <run_address>0xd283</run_address>
         <size>0x46</size>
         <input_file_ref idref="fl-da"/>
      </object_component>
      <object_component id="oc-2a8">
         <name>.debug_info</name>
         <load_address>0xd2c9</load_address>
         <run_address>0xd2c9</run_address>
         <size>0x46</size>
         <input_file_ref idref="fl-da"/>
      </object_component>
      <object_component id="oc-2ca">
         <name>.debug_info</name>
         <load_address>0xd30f</load_address>
         <run_address>0xd30f</run_address>
         <size>0x2ae</size>
         <input_file_ref idref="fl-db"/>
      </object_component>
      <object_component id="oc-26e">
         <name>.debug_info</name>
         <load_address>0xd5bd</load_address>
         <run_address>0xd5bd</run_address>
         <size>0x171</size>
         <input_file_ref idref="fl-db"/>
      </object_component>
      <object_component id="oc-326">
         <name>.debug_info</name>
         <load_address>0xd72e</load_address>
         <run_address>0xd72e</run_address>
         <size>0xee</size>
         <input_file_ref idref="fl-dc"/>
      </object_component>
      <object_component id="oc-2c7">
         <name>.debug_info</name>
         <load_address>0xd81c</load_address>
         <run_address>0xd81c</run_address>
         <size>0xfa</size>
         <input_file_ref idref="fl-dc"/>
      </object_component>
      <object_component id="oc-331">
         <name>.debug_info</name>
         <load_address>0xd916</load_address>
         <run_address>0xd916</run_address>
         <size>0x290</size>
         <input_file_ref idref="fl-dd"/>
      </object_component>
      <object_component id="oc-2d7">
         <name>.debug_info</name>
         <load_address>0xdba6</load_address>
         <run_address>0xdba6</run_address>
         <size>0x1c2</size>
         <input_file_ref idref="fl-dd"/>
      </object_component>
      <object_component id="oc-30b">
         <name>.debug_info</name>
         <load_address>0xdd68</load_address>
         <run_address>0xdd68</run_address>
         <size>0x28b</size>
         <input_file_ref idref="fl-de"/>
      </object_component>
      <object_component id="oc-291">
         <name>.debug_info</name>
         <load_address>0xdff3</load_address>
         <run_address>0xdff3</run_address>
         <size>0x1ab</size>
         <input_file_ref idref="fl-de"/>
      </object_component>
      <object_component id="oc-346">
         <name>.debug_info</name>
         <load_address>0xe19e</load_address>
         <run_address>0xe19e</run_address>
         <size>0x28f</size>
         <input_file_ref idref="fl-df"/>
      </object_component>
      <object_component id="oc-304">
         <name>.debug_info</name>
         <load_address>0xe42d</load_address>
         <run_address>0xe42d</run_address>
         <size>0x247</size>
         <input_file_ref idref="fl-df"/>
      </object_component>
      <object_component id="oc-337">
         <name>.debug_info</name>
         <load_address>0xe674</load_address>
         <run_address>0xe674</run_address>
         <size>0x28f</size>
         <input_file_ref idref="fl-e0"/>
      </object_component>
      <object_component id="oc-2f9">
         <name>.debug_info</name>
         <load_address>0xe903</load_address>
         <run_address>0xe903</run_address>
         <size>0x18a</size>
         <input_file_ref idref="fl-e0"/>
      </object_component>
      <object_component id="oc-360">
         <name>.debug_info</name>
         <load_address>0xea8d</load_address>
         <run_address>0xea8d</run_address>
         <size>0x39</size>
         <input_file_ref idref="fl-e0"/>
      </object_component>
      <object_component id="oc-338">
         <name>.debug_info</name>
         <load_address>0xeac6</load_address>
         <run_address>0xeac6</run_address>
         <size>0x2c</size>
         <input_file_ref idref="fl-e0"/>
      </object_component>
      <object_component id="oc-344">
         <name>.debug_info</name>
         <load_address>0xeaf2</load_address>
         <run_address>0xeaf2</run_address>
         <size>0x2f2</size>
         <input_file_ref idref="fl-e1"/>
      </object_component>
      <object_component id="oc-2fe">
         <name>.debug_info</name>
         <load_address>0xede4</load_address>
         <run_address>0xede4</run_address>
         <size>0x21a</size>
         <input_file_ref idref="fl-e1"/>
      </object_component>
      <object_component id="oc-33e">
         <name>.debug_info</name>
         <load_address>0xeffe</load_address>
         <run_address>0xeffe</run_address>
         <size>0x156</size>
         <input_file_ref idref="fl-e2"/>
      </object_component>
      <object_component id="oc-312">
         <name>.debug_info</name>
         <load_address>0xf154</load_address>
         <run_address>0xf154</run_address>
         <size>0x284</size>
         <input_file_ref idref="fl-e3"/>
      </object_component>
      <object_component id="oc-298">
         <name>.debug_info</name>
         <load_address>0xf3d8</load_address>
         <run_address>0xf3d8</run_address>
         <size>0x14f</size>
         <input_file_ref idref="fl-e3"/>
      </object_component>
      <object_component id="oc-349">
         <name>.debug_info</name>
         <load_address>0xf527</load_address>
         <run_address>0xf527</run_address>
         <size>0x46</size>
         <input_file_ref idref="fl-e3"/>
      </object_component>
      <object_component id="oc-30d">
         <name>.debug_info</name>
         <load_address>0xf56d</load_address>
         <run_address>0xf56d</run_address>
         <size>0x39</size>
         <input_file_ref idref="fl-e3"/>
      </object_component>
      <object_component id="oc-2cd">
         <name>.debug_info</name>
         <load_address>0xf5a6</load_address>
         <run_address>0xf5a6</run_address>
         <size>0x12c</size>
         <input_file_ref idref="fl-e4"/>
      </object_component>
      <object_component id="oc-317">
         <name>.debug_info</name>
         <load_address>0xf6d2</load_address>
         <run_address>0xf6d2</run_address>
         <size>0x27e</size>
         <input_file_ref idref="fl-e5"/>
      </object_component>
      <object_component id="oc-314">
         <name>.debug_info</name>
         <load_address>0xf950</load_address>
         <run_address>0xf950</run_address>
         <size>0x103</size>
         <input_file_ref idref="fl-e5"/>
      </object_component>
      <object_component id="oc-29f">
         <name>.debug_info</name>
         <load_address>0xfa53</load_address>
         <run_address>0xfa53</run_address>
         <size>0x143</size>
         <input_file_ref idref="fl-e5"/>
      </object_component>
      <object_component id="oc-32a">
         <name>.debug_info</name>
         <load_address>0xfb96</load_address>
         <run_address>0xfb96</run_address>
         <size>0x10d</size>
         <input_file_ref idref="fl-e6"/>
      </object_component>
      <object_component id="oc-1f7">
         <name>.debug_info</name>
         <load_address>0xfca3</load_address>
         <run_address>0xfca3</run_address>
         <size>0x20e</size>
         <input_file_ref idref="fl-e7"/>
      </object_component>
      <object_component id="oc-1ef">
         <name>.debug_info</name>
         <load_address>0xfeb1</load_address>
         <run_address>0xfeb1</run_address>
         <size>0x157</size>
         <input_file_ref idref="fl-e7"/>
      </object_component>
      <object_component id="oc-14c">
         <name>.debug_info</name>
         <load_address>0x10008</load_address>
         <run_address>0x10008</run_address>
         <size>0x2c1</size>
         <input_file_ref idref="fl-e7"/>
      </object_component>
      <object_component id="oc-153">
         <name>.debug_info</name>
         <load_address>0x102c9</load_address>
         <run_address>0x102c9</run_address>
         <size>0x23e</size>
         <input_file_ref idref="fl-e7"/>
      </object_component>
      <object_component id="oc-1ff">
         <name>.debug_info</name>
         <load_address>0x10507</load_address>
         <run_address>0x10507</run_address>
         <size>0x8b</size>
         <input_file_ref idref="fl-e7"/>
      </object_component>
      <object_component id="oc-1f2">
         <name>.debug_info</name>
         <load_address>0x10592</load_address>
         <run_address>0x10592</run_address>
         <size>0x18b</size>
         <input_file_ref idref="fl-e7"/>
      </object_component>
      <object_component id="oc-1fb">
         <name>.debug_info</name>
         <load_address>0x1071d</load_address>
         <run_address>0x1071d</run_address>
         <size>0x212</size>
         <input_file_ref idref="fl-e8"/>
      </object_component>
      <object_component id="oc-398">
         <name>.debug_info</name>
         <load_address>0x1092f</load_address>
         <run_address>0x1092f</run_address>
         <size>0x8d</size>
      </object_component>
      <object_component id="oc-125">
         <name>.debug_line</name>
         <load_address>0x0</load_address>
         <run_address>0x0</run_address>
         <size>0x64</size>
         <input_file_ref idref="fl-2"/>
      </object_component>
      <object_component id="oc-a4">
         <name>.debug_line</name>
         <load_address>0x64</load_address>
         <run_address>0x64</run_address>
         <size>0xc9</size>
         <input_file_ref idref="fl-2"/>
      </object_component>
      <object_component id="oc-129">
         <name>.debug_line</name>
         <load_address>0x12d</load_address>
         <run_address>0x12d</run_address>
         <size>0x37</size>
         <input_file_ref idref="fl-2"/>
      </object_component>
      <object_component id="oc-77">
         <name>.debug_line</name>
         <load_address>0x164</load_address>
         <run_address>0x164</run_address>
         <size>0x69</size>
         <input_file_ref idref="fl-2"/>
      </object_component>
      <object_component id="oc-39">
         <name>.debug_line</name>
         <load_address>0x1cd</load_address>
         <run_address>0x1cd</run_address>
         <size>0x20</size>
         <input_file_ref idref="fl-2"/>
      </object_component>
      <object_component id="oc-c0">
         <name>.debug_line</name>
         <load_address>0x1ed</load_address>
         <run_address>0x1ed</run_address>
         <size>0x6d</size>
         <input_file_ref idref="fl-2"/>
      </object_component>
      <object_component id="oc-7c">
         <name>.debug_line</name>
         <load_address>0x25a</load_address>
         <run_address>0x25a</run_address>
         <size>0x6a</size>
         <input_file_ref idref="fl-2"/>
      </object_component>
      <object_component id="oc-20f">
         <name>.debug_line</name>
         <load_address>0x2c4</load_address>
         <run_address>0x2c4</run_address>
         <size>0x64</size>
         <input_file_ref idref="fl-2"/>
      </object_component>
      <object_component id="oc-1a7">
         <name>.debug_line</name>
         <load_address>0x328</load_address>
         <run_address>0x328</run_address>
         <size>0x65</size>
         <input_file_ref idref="fl-2"/>
      </object_component>
      <object_component id="oc-23c">
         <name>.debug_line</name>
         <load_address>0x38d</load_address>
         <run_address>0x38d</run_address>
         <size>0xb7</size>
         <input_file_ref idref="fl-3"/>
      </object_component>
      <object_component id="oc-23a">
         <name>.debug_line</name>
         <load_address>0x444</load_address>
         <run_address>0x444</run_address>
         <size>0x2c</size>
         <input_file_ref idref="fl-3"/>
      </object_component>
      <object_component id="oc-181">
         <name>.debug_line</name>
         <load_address>0x470</load_address>
         <run_address>0x470</run_address>
         <size>0x45</size>
         <input_file_ref idref="fl-3"/>
      </object_component>
      <object_component id="oc-e0">
         <name>.debug_line</name>
         <load_address>0x4b5</load_address>
         <run_address>0x4b5</run_address>
         <size>0x1e4</size>
         <input_file_ref idref="fl-3"/>
      </object_component>
      <object_component id="oc-214">
         <name>.debug_line</name>
         <load_address>0x699</load_address>
         <run_address>0x699</run_address>
         <size>0x37</size>
         <input_file_ref idref="fl-4"/>
      </object_component>
      <object_component id="oc-dd">
         <name>.debug_line</name>
         <load_address>0x6d0</load_address>
         <run_address>0x6d0</run_address>
         <size>0x139</size>
         <input_file_ref idref="fl-4"/>
      </object_component>
      <object_component id="oc-1ea">
         <name>.debug_line</name>
         <load_address>0x809</load_address>
         <run_address>0x809</run_address>
         <size>0x2e</size>
         <input_file_ref idref="fl-4"/>
      </object_component>
      <object_component id="oc-20b">
         <name>.debug_line</name>
         <load_address>0x837</load_address>
         <run_address>0x837</run_address>
         <size>0xcf</size>
         <input_file_ref idref="fl-5"/>
      </object_component>
      <object_component id="oc-209">
         <name>.debug_line</name>
         <load_address>0x906</load_address>
         <run_address>0x906</run_address>
         <size>0x37</size>
         <input_file_ref idref="fl-5"/>
      </object_component>
      <object_component id="oc-142">
         <name>.debug_line</name>
         <load_address>0x93d</load_address>
         <run_address>0x93d</run_address>
         <size>0x4f</size>
         <input_file_ref idref="fl-5"/>
      </object_component>
      <object_component id="oc-d8">
         <name>.debug_line</name>
         <load_address>0x98c</load_address>
         <run_address>0x98c</run_address>
         <size>0x39c</size>
         <input_file_ref idref="fl-5"/>
      </object_component>
      <object_component id="oc-13c">
         <name>.debug_line</name>
         <load_address>0xd28</load_address>
         <run_address>0xd28</run_address>
         <size>0x110</size>
         <input_file_ref idref="fl-6"/>
      </object_component>
      <object_component id="oc-73">
         <name>.debug_line</name>
         <load_address>0xe38</load_address>
         <run_address>0xe38</run_address>
         <size>0x41</size>
         <input_file_ref idref="fl-7"/>
      </object_component>
      <object_component id="oc-2e">
         <name>.debug_line</name>
         <load_address>0xe79</load_address>
         <run_address>0xe79</run_address>
         <size>0x41</size>
         <input_file_ref idref="fl-7"/>
      </object_component>
      <object_component id="oc-28">
         <name>.debug_line</name>
         <load_address>0xeba</load_address>
         <run_address>0xeba</run_address>
         <size>0xa1</size>
         <input_file_ref idref="fl-7"/>
      </object_component>
      <object_component id="oc-97">
         <name>.debug_line</name>
         <load_address>0xf5b</load_address>
         <run_address>0xf5b</run_address>
         <size>0x79</size>
         <input_file_ref idref="fl-c2"/>
      </object_component>
      <object_component id="oc-17a">
         <name>.debug_line</name>
         <load_address>0xfd4</load_address>
         <run_address>0xfd4</run_address>
         <size>0xd2</size>
         <input_file_ref idref="fl-c3"/>
      </object_component>
      <object_component id="oc-175">
         <name>.debug_line</name>
         <load_address>0x10a6</load_address>
         <run_address>0x10a6</run_address>
         <size>0x77</size>
         <input_file_ref idref="fl-c4"/>
      </object_component>
      <object_component id="oc-2d5">
         <name>.debug_line</name>
         <load_address>0x111d</load_address>
         <run_address>0x111d</run_address>
         <size>0x77</size>
         <input_file_ref idref="fl-c4"/>
      </object_component>
      <object_component id="oc-169">
         <name>.debug_line</name>
         <load_address>0x1194</load_address>
         <run_address>0x1194</run_address>
         <size>0xa8</size>
         <input_file_ref idref="fl-c5"/>
      </object_component>
      <object_component id="oc-15d">
         <name>.debug_line</name>
         <load_address>0x123c</load_address>
         <run_address>0x123c</run_address>
         <size>0x8e</size>
         <input_file_ref idref="fl-c6"/>
      </object_component>
      <object_component id="oc-164">
         <name>.debug_line</name>
         <load_address>0x12ca</load_address>
         <run_address>0x12ca</run_address>
         <size>0x5a</size>
         <input_file_ref idref="fl-c7"/>
      </object_component>
      <object_component id="oc-15a">
         <name>.debug_line</name>
         <load_address>0x1324</load_address>
         <run_address>0x1324</run_address>
         <size>0x50</size>
         <input_file_ref idref="fl-c8"/>
      </object_component>
      <object_component id="oc-3c">
         <name>.debug_line</name>
         <load_address>0x1374</load_address>
         <run_address>0x1374</run_address>
         <size>0x88</size>
         <input_file_ref idref="fl-c9"/>
      </object_component>
      <object_component id="oc-d0">
         <name>.debug_line</name>
         <load_address>0x13fc</load_address>
         <run_address>0x13fc</run_address>
         <size>0x9e</size>
         <input_file_ref idref="fl-ca"/>
      </object_component>
      <object_component id="oc-48">
         <name>.debug_line</name>
         <load_address>0x149a</load_address>
         <run_address>0x149a</run_address>
         <size>0x4f</size>
         <input_file_ref idref="fl-ca"/>
      </object_component>
      <object_component id="oc-90">
         <name>.debug_line</name>
         <load_address>0x14e9</load_address>
         <run_address>0x14e9</run_address>
         <size>0x34</size>
         <input_file_ref idref="fl-ca"/>
      </object_component>
      <object_component id="oc-cd">
         <name>.debug_line</name>
         <load_address>0x151d</load_address>
         <run_address>0x151d</run_address>
         <size>0x8a</size>
         <input_file_ref idref="fl-ca"/>
      </object_component>
      <object_component id="oc-8b">
         <name>.debug_line</name>
         <load_address>0x15a7</load_address>
         <run_address>0x15a7</run_address>
         <size>0x20</size>
         <input_file_ref idref="fl-cb"/>
      </object_component>
      <object_component id="oc-19">
         <name>.debug_line</name>
         <load_address>0x15c7</load_address>
         <run_address>0x15c7</run_address>
         <size>0x55</size>
         <input_file_ref idref="fl-cb"/>
      </object_component>
      <object_component id="oc-44">
         <name>.debug_line</name>
         <load_address>0x161c</load_address>
         <run_address>0x161c</run_address>
         <size>0x3a</size>
         <input_file_ref idref="fl-cb"/>
      </object_component>
      <object_component id="oc-88">
         <name>.debug_line</name>
         <load_address>0x1656</load_address>
         <run_address>0x1656</run_address>
         <size>0x8a</size>
         <input_file_ref idref="fl-cb"/>
      </object_component>
      <object_component id="oc-c9">
         <name>.debug_line</name>
         <load_address>0x16e0</load_address>
         <run_address>0x16e0</run_address>
         <size>0x20</size>
         <input_file_ref idref="fl-cc"/>
      </object_component>
      <object_component id="oc-16">
         <name>.debug_line</name>
         <load_address>0x1700</load_address>
         <run_address>0x1700</run_address>
         <size>0xa9</size>
         <input_file_ref idref="fl-cc"/>
      </object_component>
      <object_component id="oc-34">
         <name>.debug_line</name>
         <load_address>0x17a9</load_address>
         <run_address>0x17a9</run_address>
         <size>0x3a</size>
         <input_file_ref idref="fl-cc"/>
      </object_component>
      <object_component id="oc-c6">
         <name>.debug_line</name>
         <load_address>0x17e3</load_address>
         <run_address>0x17e3</run_address>
         <size>0x92</size>
         <input_file_ref idref="fl-cc"/>
      </object_component>
      <object_component id="oc-81">
         <name>.debug_line</name>
         <load_address>0x1875</load_address>
         <run_address>0x1875</run_address>
         <size>0x8e</size>
[...]
      </symbol>
      <symbol id="sm-8">
         <name>__STACK_SIZE</name>
         <value>0x1000</value>
      </symbol>
      <symbol id="sm-9">
         <name>__STACK_END</name>
         <value>0x20001270</value>
      </symbol>
      <symbol id="sm-a">
         <name>__SYSMEM_SIZE</name>
         <value>0x1000</value>
      </symbol>
      <symbol id="sm-b">
         <name>__c_args__</name>
         <value>0xffffffff</value>
      </symbol>
      <symbol id="sm-c">
         <name>__TI_pprof_out_hndl</name>
         <value>0xffffffff</value>
      </symbol>
      <symbol id="sm-d">
         <name>__TI_prof_data_start</name>
         <value>0xffffffff</value>
      </symbol>
      <symbol id="sm-e">
         <name>__TI_prof_data_size</name>
         <value>0xffffffff</value>
      </symbol>
      <symbol id="sm-59">
         <name>collison</name>
         <value>0x2bfd</value>
         <object_component_ref idref="oc-9f"/>
      </symbol>
      <symbol id="sm-5a">
         <name>mforward</name>
         <value>0x2ba1</value>
         <object_component_ref idref="oc-9f"/>
      </symbol>
      <symbol id="sm-5b">
         <name>main</name>
         <value>0x2c15</value>
         <object_component_ref idref="oc-9f"/>
      </symbol>
      <symbol id="sm-5c">
         <name>turn</name>
         <value>0x2bbf</value>
         <object_component_ref idref="oc-9f"/>
      </symbol>
      <symbol id="sm-5d">
         <name>square</name>
         <value>0x2bdd</value>
         <object_component_ref idref="oc-9f"/>
      </symbol>
      <symbol id="sm-aa">
         <name>lcd_sendCommand</name>
         <value>0x186b</value>
         <object_component_ref idref="oc-df"/>
      </symbol>
      <symbol id="sm-ab">
         <name>lcd_sendNibble</name>
         <value>0x18a9</value>
         <object_component_ref idref="oc-df"/>
      </symbol>
      <symbol id="sm-ac">
         <name>lcd_clear</name>
         <value>0x359d</value>
         <object_component_ref idref="oc-17d"/>
      </symbol>
      <symbol id="sm-ad">
         <name>lcd_printf</name>
         <value>0x1953</value>
         <object_component_ref idref="oc-df"/>
      </symbol>
      <symbol id="sm-ae">
         <name>lcd_setCursorPos</name>
         <value>0x1915</value>
         <object_component_ref idref="oc-df"/>
      </symbol>
      <symbol id="sm-af">
         <name>lcd_init</name>
         <value>0x1755</value>
         <object_component_ref idref="oc-df"/>
      </symbol>
      <symbol id="sm-b0">
         <name>lcd_puts</name>
         <value>0x184d</value>
         <object_component_ref idref="oc-df"/>
      </symbol>
      <symbol id="sm-b1">
         <name>lcd_putc</name>
         <value>0x1815</value>
         <object_component_ref idref="oc-df"/>
      </symbol>
      <symbol id="sm-b2">
         <name>d_rotatingBanner</name>
         <value>0x1a31</value>
         <object_component_ref idref="oc-df"/>
      </symbol>
      <symbol id="sm-b3">
         <name>lcd_gotoLine</name>
         <value>0x18ed</value>
         <object_component_ref idref="oc-df"/>
      </symbol>
      <symbol id="sm-de">
         <name>collison_test</name>
         <value>0x1eaf</value>
         <object_component_ref idref="oc-d9"/>
      </symbol>
      <symbol id="sm-df">
         <name>move_forward</name>
         <value>0x1d4d</value>
         <object_component_ref idref="oc-d9"/>
      </symbol>
      <symbol id="sm-e0">
         <name>back_up</name>
         <value>0x1e7f</value>
         <object_component_ref idref="oc-d9"/>
      </symbol>
      <symbol id="sm-e1">
         <name>turn_right</name>
         <value>0x1d91</value>
         <object_component_ref idref="oc-d9"/>
      </symbol>
      <symbol id="sm-e2">
         <name>turn_left</name>
         <value>0x1e09</value>
         <object_component_ref idref="oc-d9"/>
      </symbol>
      <symbol id="sm-18c">
         <name>go_charge</name>
         <value>0x921</value>
         <object_component_ref idref="oc-d3"/>
      </symbol>
      <symbol id="sm-18d">
         <name>GPIOF_Handler</name>
         <value>0xb65</value>
         <object_component_ref idref="oc-d3"/>
      </symbol>
      <symbol id="sm-18e">
         <name>getDegrees</name>
         <value>0xb7f</value>
         <object_component_ref idref="oc-d3"/>
      </symbol>
      <symbol id="sm-18f">
         <name>oi_free</name>
         <value>0x279</value>
         <object_component_ref idref="oc-d3"/>
      </symbol>
      <symbol id="sm-190">
         <name>oi_uartReceive</name>
         <value>0x9d3</value>
         <object_component_ref idref="oc-d3"/>
      </symbol>
      <symbol id="sm-191">
         <name>oi_setWheels</name>
         <value>0x875</value>
         <object_component_ref idref="oc-d3"/>
      </symbol>
      <symbol id="sm-192">
         <name>oi_shutoff_init</name>
         <value>0xaf3</value>
         <object_component_ref idref="oc-d3"/>
      </symbol>
      <symbol id="sm-193">
         <name>oi_parseInt</name>
         <value>0x34e7</value>
         <object_component_ref idref="oc-13d"/>
      </symbol>
      <symbol id="sm-194">
         <name>oi_uartSendStr</name>
         <value>0x9fb</value>
         <object_component_ref idref="oc-d3"/>
      </symbol>
      <symbol id="sm-195">
         <name>oi_close</name>
         <value>0x2c3</value>
         <object_component_ref idref="oc-d3"/>
      </symbol>
      <symbol id="sm-196">
         <name>oi_uartSendBuff</name>
         <value>0xa19</value>
         <object_component_ref idref="oc-d3"/>
      </symbol>
      <symbol id="sm-197">
         <name>oi_checkFirmware</name>
         <value>0xa4b</value>
         <object_component_ref idref="oc-d3"/>
      </symbol>
      <symbol id="sm-198">
         <name>oi_init_noupdate</name>
         <value>0x289</value>
         <object_component_ref idref="oc-d3"/>
      </symbol>
      <symbol id="sm-199">
         <name>oi_uartSendChar</name>
         <value>0x9b7</value>
         <object_component_ref idref="oc-d3"/>
      </symbol>
      <symbol id="sm-19a">
         <name>oi_alloc</name>
         <value>0x26d</value>
         <object_component_ref idref="oc-d3"/>
      </symbol>
      <symbol id="sm-19b">
         <name>oi_loadSong</name>
         <value>0x8b7</value>
         <object_component_ref idref="oc-d3"/>
      </symbol>
      <symbol id="sm-19c">
         <name>oi_play_song</name>
         <value>0x90d</value>
         <object_component_ref idref="oc-d3"/>
      </symbol>
      <symbol id="sm-19d">
         <name>oi_parsePacket</name>
         <value>0x327</value>
         <object_component_ref idref="oc-d3"/>
      </symbol>
      <symbol id="sm-19e">
         <name>oi_setLeds</name>
         <value>0x831</value>
         <object_component_ref idref="oc-d3"/>
      </symbol>
      <symbol id="sm-19f">
         <name>oi_init</name>
         <value>0x2ad</value>
         <object_component_ref idref="oc-d3"/>
      </symbol>
      <symbol id="sm-1a0">
         <name>oi_update</name>
         <value>0x2d5</value>
         <object_component_ref idref="oc-d3"/>
      </symbol>
      <symbol id="sm-1a1">
         <name>oi_uartInit</name>
         <value>0x92f</value>
         <object_component_ref idref="oc-d3"/>
      </symbol>
      <symbol id="sm-1c2">
         <name>timer_startClock</name>
         <value>0x23e1</value>
         <object_component_ref idref="oc-137"/>
      </symbol>
      <symbol id="sm-1c3">
         <name>timer_stopClock</name>
         <value>0x2433</value>
         <object_component_ref idref="oc-137"/>
      </symbol>
      <symbol id="sm-1c4">
         <name>timer_getClock</name>
         <value>0x242d</value>
         <object_component_ref idref="oc-137"/>
      </symbol>
      <symbol id="sm-1c5">
         <name>timer_stopTimer</name>
         <value>0x23cb</value>
         <object_component_ref idref="oc-137"/>
      </symbol>
      <symbol id="sm-1c6">
         <name>timer_startTimer</name>
         <value>0x237b</value>
         <object_component_ref idref="oc-137"/>
      </symbol>
      <symbol id="sm-1c7">
         <name>timer_waitMillis</name>
         <value>0x231d</value>
         <object_component_ref idref="oc-137"/>
      </symbol>
      <symbol id="sm-1c8">
         <name>timer_waitMicros</name>
         <value>0x2351</value>
         <object_component_ref idref="oc-137"/>
      </symbol>
      <symbol id="sm-1e4">
         <name>ResetISR</name>
         <value>0x35c7</value>
         <object_component_ref idref="oc-27"/>
      </symbol>
      <symbol id="sm-1e5">
         <name>g_pfnVectors</name>
         <value>0x0</value>
         <object_component_ref idref="oc-f"/>
      </symbol>
      <symbol id="sm-1f4">
         <name>__aeabi_memset</name>
         <value>0x2e85</value>
         <object_component_ref idref="oc-93"/>
      </symbol>
      <symbol id="sm-1f5">
         <name>memset</name>
         <value>0x2e8b</value>
         <object_component_ref idref="oc-93"/>
      </symbol>
      <symbol id="sm-1f6">
         <name>__aeabi_memset8</name>
         <value>0x2e85</value>
         <object_component_ref idref="oc-93"/>
      </symbol>
      <symbol id="sm-1f7">
         <name>__aeabi_memset4</name>
         <value>0x2e85</value>
         <object_component_ref idref="oc-93"/>
      </symbol>
      <symbol id="sm-1f8">
         <name>__aeabi_memclr8</name>
         <value>0x2e83</value>
         <object_component_ref idref="oc-93"/>
      </symbol>
      <symbol id="sm-1f9">
         <name>__aeabi_memclr4</name>
         <value>0x2e83</value>
         <object_component_ref idref="oc-93"/>
      </symbol>
      <symbol id="sm-1fa">
         <name>__aeabi_memclr</name>
         <value>0x2e83</value>
         <object_component_ref idref="oc-93"/>
      </symbol>
      <symbol id="sm-211">
         <name>__aeabi_dsub</name>
         <value>0x2165</value>
         <object_component_ref idref="oc-176"/>
      </symbol>
      <symbol id="sm-212">
         <name>__aeabi_dadd</name>
         <value>0x216f</value>
         <object_component_ref idref="oc-176"/>
      </symbol>
      <symbol id="sm-234">
         <name>__aeabi_cdcmpeq</name>
         <value>0x2d77</value>
         <object_component_ref idref="oc-171"/>
      </symbol>
      <symbol id="sm-235">
         <name>__aeabi_cdcmple</name>
         <value>0x2d77</value>
         <object_component_ref idref="oc-171"/>
      </symbol>
      <symbol id="sm-236">
         <name>__aeabi_cdrcmple</name>
         <value>0x2dfd</value>
         <object_component_ref idref="oc-2d1"/>
      </symbol>
      <symbol id="sm-24a">
         <name>__aeabi_ddiv</name>
         <value>0x25b1</value>
         <object_component_ref idref="oc-165"/>
      </symbol>
      <symbol id="sm-255">
         <name>__aeabi_dmul</name>
         <value>0x2919</value>
         <object_component_ref idref="oc-15b"/>
      </symbol>
      <symbol id="sm-25f">
         <name>__aeabi_d2iz</name>
         <value>0x31f9</value>
         <object_component_ref idref="oc-160"/>
      </symbol>
      <symbol id="sm-269">
         <name>__aeabi_i2d</name>
         <value>0x3415</value>
         <object_component_ref idref="oc-156"/>
      </symbol>
      <symbol id="sm-284">
         <name>memcpy</name>
         <value>0x2c45</value>
         <object_component_ref idref="oc-3b"/>
      </symbol>
      <symbol id="sm-285">
         <name>__aeabi_memcpy</name>
         <value>0x2c45</value>
         <object_component_ref idref="oc-3b"/>
      </symbol>
      <symbol id="sm-286">
         <name>__aeabi_memcpy8</name>
         <value>0x2c45</value>
         <object_component_ref idref="oc-3b"/>
      </symbol>
      <symbol id="sm-287">
         <name>__aeabi_memcpy4</name>
         <value>0x2c45</value>
         <object_component_ref idref="oc-3b"/>
      </symbol>
      <symbol id="sm-2a0">
         <name>__TI_zero_init_nomemset</name>
         <value>0x3569</value>
         <object_component_ref idref="oc-47"/>
      </symbol>
      <symbol id="sm-2b7">
         <name>__TI_decompress_none</name>
         <value>0x35ad</value>
         <object_component_ref idref="oc-18"/>
      </symbol>
      <symbol id="sm-2da">
         <name>__TI_decompress_lzss</name>
         <value>0x2fe3</value>
         <object_component_ref idref="oc-12"/>
      </symbol>
      <symbol id="sm-2ed">
         <name>__stack</name>
         <value>0x20000270</value>
         <object_component_ref idref="oc-21"/>
      </symbol>
      <symbol id="sm-2ee">
         <name>_c_int00_noargs</name>
         <value>0x3341</value>
         <object_component_ref idref="oc-59"/>
      </symbol>
      <symbol id="sm-2f9">
         <name>C$$EXIT</name>
         <value>0x35e1</value>
         <object_component_ref idref="oc-e6"/>
      </symbol>
      <symbol id="sm-2fa">
         <name>abort</name>
         <value>0x35e1</value>
         <object_component_ref idref="oc-e6"/>
      </symbol>
      <symbol id="sm-380">
         <name>_sys_memory</name>
         <value>0x20001270</value>
         <object_component_ref idref="oc-24"/>
      </symbol>
      <symbol id="sm-381">
         <name>free</name>
         <value>0x2a15</value>
         <object_component_ref idref="oc-131"/>
      </symbol>
      <symbol id="sm-382">
         <name>calloc</name>
         <value>0x3443</value>
         <object_component_ref idref="oc-12b"/>
      </symbol>
      <symbol id="sm-383">
         <name>malloc</name>
         <value>0x2efd</value>
         <object_component_ref idref="oc-1c9"/>
      </symbol>
      <symbol id="sm-384">
         <name>minit</name>
         <value>0x3379</value>
         <object_component_ref idref="oc-1d0"/>
      </symbol>
      <symbol id="sm-399">
         <name>_nop</name>
         <value>0x1753</value>
         <object_component_ref idref="oc-23f"/>
      </symbol>
      <symbol id="sm-39a">
         <name>_lock</name>
         <value>0x200022f8</value>
         <object_component_ref idref="oc-1ad"/>
      </symbol>
      <symbol id="sm-39b">
         <name>_unlock</name>
         <value>0x200022fc</value>
         <object_component_ref idref="oc-1ad"/>
      </symbol>
      <symbol id="sm-3ac">
         <name>strcat</name>
         <value>0x3495</value>
         <object_component_ref idref="oc-196"/>
      </symbol>
      <symbol id="sm-3bb">
         <name>strcmp</name>
         <value>0x34ff</value>
         <object_component_ref idref="oc-144"/>
      </symbol>
      <symbol id="sm-3c9">
         <name>strcpy</name>
         <value>0x3541</value>
         <object_component_ref idref="oc-18a"/>
      </symbol>
      <symbol id="sm-3d7">
         <name>strlen</name>
         <value>0x3555</value>
         <object_component_ref idref="oc-190"/>
      </symbol>
      <symbol id="sm-406">
         <name>vsnprintf</name>
         <value>0x3285</value>
         <object_component_ref idref="oc-184"/>
      </symbol>
      <symbol id="sm-42e">
         <name>__TI_auto_init_nobinit_nopinit</name>
         <value>0x3241</value>
         <object_component_ref idref="oc-f2"/>
      </symbol>
      <symbol id="sm-438">
         <name>_system_pre_init</name>
         <value>0x35dd</value>
         <object_component_ref idref="oc-99"/>
      </symbol>
      <symbol id="sm-59e">
         <name>__TI_printfi</name>
         <value>0xcf5</value>
         <object_component_ref idref="oc-215"/>
      </symbol>
      <symbol id="sm-5b4">
         <name>atoi</name>
         <value>0x31ad</value>
         <object_component_ref idref="oc-26b"/>
      </symbol>
      <symbol id="sm-5bf">
         <name>_ctypes_</name>
         <value>0x35e4</value>
         <object_component_ref idref="oc-2c6"/>
      </symbol>
      <symbol id="sm-5ce">
         <name>ltoa</name>
         <value>0x3107</value>
         <object_component_ref idref="oc-2d6"/>
      </symbol>
      <symbol id="sm-5de">
         <name>memccpy</name>
         <value>0x34b3</value>
         <object_component_ref idref="oc-28f"/>
      </symbol>
      <symbol id="sm-5ee">
         <name>strchr</name>
         <value>0x3517</value>
         <object_component_ref idref="oc-303"/>
      </symbol>
      <symbol id="sm-60e">
         <name>frexpl</name>
         <value>0x304d</value>
         <object_component_ref idref="oc-2f7"/>
      </symbol>
      <symbol id="sm-60f">
         <name>frexp</name>
         <value>0x304d</value>
         <object_component_ref idref="oc-2f7"/>
      </symbol>
      <symbol id="sm-62c">
         <name>scalbn</name>
         <value>0x2809</value>
         <object_component_ref idref="oc-2fd"/>
      </symbol>
      <symbol id="sm-62d">
         <name>scalbnl</name>
         <value>0x2809</value>
         <object_component_ref idref="oc-2fd"/>
      </symbol>
      <symbol id="sm-62e">
         <name>ldexpl</name>
         <value>0x2809</value>
         <object_component_ref idref="oc-2fd"/>
      </symbol>
      <symbol id="sm-62f">
         <name>ldexp</name>
         <value>0x2809</value>
         <object_component_ref idref="oc-2fd"/>
      </symbol>
      <symbol id="sm-639">
         <name>copysign</name>
         <value>0x352d</value>
         <object_component_ref idref="oc-33d"/>
      </symbol>
      <symbol id="sm-63a">
         <name>copysignl</name>
         <value>0x352d</value>
         <object_component_ref idref="oc-33d"/>
      </symbol>
      <symbol id="sm-653">
         <name>wcslen</name>
         <value>0x357b</value>
         <object_component_ref idref="oc-295"/>
      </symbol>
      <symbol id="sm-660">
         <name>__aeabi_uldivmod</name>
         <value>0x2ce1</value>
         <object_component_ref idref="oc-2cb"/>
      </symbol>
      <symbol id="sm-676">
         <name>__aeabi_errno_addr</name>
         <value>0x35d5</value>
         <object_component_ref idref="oc-29b"/>
      </symbol>
      <symbol id="sm-677">
         <name>errno</name>
         <value>0x20002300</value>
         <object_component_ref idref="oc-313"/>
      </symbol>
      <symbol id="sm-681">
         <name>__aeabi_idiv0</name>
         <value>0x231b</value>
         <object_component_ref idref="oc-329"/>
      </symbol>
      <symbol id="sm-682">
         <name>__aeabi_ldiv0</name>
         <value>0x231b</value>
         <object_component_ref idref="oc-329"/>
      </symbol>
      <symbol id="sm-6ac">
         <name>IntRegister</name>
         <value>0x33b1</value>
         <object_component_ref idref="oc-14a"/>
      </symbol>
      <symbol id="sm-6ad">
         <name>g_pfnRAMVectors</name>
         <value>0x20000000</value>
         <object_component_ref idref="oc-1ee"/>
      </symbol>
      <symbol id="sm-6ae">
         <name>IntMasterEnable</name>
         <value>0x358d</value>
         <object_component_ref idref="oc-150"/>
      </symbol>
      <symbol id="sm-6b8">
         <name>CPUcpsie</name>
         <value>0x35bb</value>
         <object_component_ref idref="oc-1f8"/>
      </symbol>
      <symbol id="sm-6b9">
         <name>__TI_static_base__</name>
         <value>0x0</value>
      </symbol>
      <symbol id="sm-6bc">
         <name>__mpu_init</name>
         <value>0x0</value>
      </symbol>
      <symbol id="sm-6bd">
         <name>_system_post_cinit</name>
         <value>0x0</value>
      </symbol>
   </symbol_table>
   <title>Link successful</title>
</link_info>
