******************************************************************************
                  TI ARM Linker PC v18.1.2                     
******************************************************************************
>> Linked Thu Jan 31 15:03:37 2019

OUTPUT FILE NAME:   <Lab1.out>
ENTRY POINT SYMBOL: "_c_int00_noargs"  address: 0000243d


MEMORY CONFIGURATION

         name            origin    length      used     unused   attr    fill
----------------------  --------  ---------  --------  --------  ----  --------
  FLASH                 00000000   00040000  00002783  0003d87d  R  X
  SRAM                  20000000   00008000  00001058  00006fa8  RW X


SEGMENT ALLOCATION MAP

run origin  load origin   length   init length attrs members
----------  ----------- ---------- ----------- ----- -------
00000000    00000000    00002788   00002788    r-x
  00000000    00000000    0000026c   0000026c    r-- .intvecs
  0000026c    0000026c    000023a8   000023a8    r-x .text
  00002614    00002614    0000013f   0000013f    r-- .const
  00002758    00002758    00000030   00000030    r-- .cinit
20000000    20000000    00001058   00000000    rw-
  20000000    20000000    00001000   00000000    rw- .stack
  20001000    20001000    00000054   00000000    rw- .bss
  20001054    20001054    00000004   00000000    rw- .data


SECTION ALLOCATION MAP

 output                                  attributes/
section   page    origin      length       input sections
--------  ----  ----------  ----------   ----------------
.intvecs   0    00000000    0000026c     
                  00000000    0000026c     tm4c123gh6pm_startup_ccs.obj (.intvecs)

.text      0    0000026c    000023a8     
                  0000026c    00000a5e     rtsv7M4_T_le_v4SPD16_eabi.lib : _printfi.c.obj (.text:__TI_printfi)
                  00000cca    00000002                                   : div0.asm.obj (.text)
                  00000ccc    00000388     lcd.obj (.text)
                  00001054    00000270     rtsv7M4_T_le_v4SPD16_eabi.lib : _printfi.c.obj (.text:_pconv_a)
                  000012c4    000001d0                                   : _printfi.c.obj (.text:_pconv_g)
                  00001494    000001b6                                   : fd_add_t2.asm.obj (.text)
                  0000164a    00000002     --HOLE-- [fill = 0]
                  0000164c    00000158     timer.obj (.text)
                  000017a4    0000013c     rtsv7M4_T_le_v4SPD16_eabi.lib : _printfi.c.obj (.text:_pconv_e)
                  000018e0    00000136                                   : fd_div_t2.asm.obj (.text)
                  00001a16    00000002     --HOLE-- [fill = 0]
                  00001a18    00000120                                   : _printfi.c.obj (.text:fcvt)
                  00001b38    00000110                                   : s_scalbn.c.obj (.text:scalbn)
                  00001c48    000000fc                                   : fd_mul_t2.asm.obj (.text)
                  00001d44    000000b1                                   : _printfi.c.obj (.text:_ltostr)
                  00001df5    00000001     --HOLE-- [fill = 0]
                  00001df6    0000009c                                   : memcpy_t2.asm.obj (.text)
                  00001e92    00000096                                   : ull_div_t2.asm.obj (.text)
                  00001f28    00000086                                   : fd_cmp_t2.asm.obj (.text:__aeabi_cdcmple)
                  00001fae    00000086                                   : fd_cmp_t2.asm.obj (.text:__aeabi_cdrcmple)
                  00002034    0000007a                                   : memset_t2.asm.obj (.text)
                  000020ae    0000006e                                   : _printfi.c.obj (.text:_mcpy)
                  0000211c    00000068                                   : copy_decompress_lzss.c.obj (.text:decompress:lzss:__TI_decompress_lzss)
                  00002184    00000064                                   : s_frexp.c.obj (.text:frexp)
                  000021e8    00000056                                   : _printfi.c.obj (.text:_pconv_f)
                  0000223e    00000054                                   : ltoa.c.obj (.text:ltoa)
                  00002292    00000052                                   : _printfi.c.obj (.text:_ecpy)
                  000022e4    0000004c                                   : atoi.c.obj (.text:atoi)
                  00002330    00000048                                   : fd_toi_t2.asm.obj (.text)
                  00002378    00000044                                   : autoinit.c.obj (.text:__TI_auto_init_nobinit_nopinit:__TI_auto_init_nobinit_nopinit)
                  000023bc    00000040                                   : vsnprintf.c.obj (.text:vsnprintf)
                  000023fc    0000003e                                   : _printfi.c.obj (.text:_fcpy)
                  0000243a    00000002     --HOLE-- [fill = 0]
                  0000243c    00000038                                   : boot_cortex_m.c.obj (.text:_c_int00_noargs:_c_int00_noargs)
                  00002474    00000030                                   : vsnprintf.c.obj (.text:_outs)
                  000024a4    0000002e                                   : i_tofd_t2.asm.obj (.text)
                  000024d2    00000002     --HOLE-- [fill = 0]
                  000024d4    00000024     l1_main.obj (.text)
                  000024f8    0000001e     rtsv7M4_T_le_v4SPD16_eabi.lib : strcat.c.obj (.text:strcat)
                  00002516    0000001c                                   : memccpy.c.obj (.text:memccpy)
                  00002532    00000018                                   : vsnprintf.c.obj (.text:_outc)
                  0000254a    00000018                                   : strcmp.c.obj (.text:strcmp)
                  00002562    00000016                                   : strchr.c.obj (.text:strchr)
                  00002578    00000014                                   : s_copysign.c.obj (.text:copysign)
                  0000258c    00000014                                   : strcpy.c.obj (.text:strcpy)
                  000025a0    00000014                                   : strlen.c.obj (.text:strlen)
                  000025b4    00000012                                   : copy_zero_init.c.obj (.text:decompress:ZI:__TI_zero_init_nomemset:__TI_zero_init_nomemset)
                  000025c6    00000012                                   : wcslen.c.obj (.text:wcslen)
                  000025d8    00000010     lcd.obj (.text:lcd_clear)
                  000025e8    0000000e     rtsv7M4_T_le_v4SPD16_eabi.lib : copy_decompress_none.c.obj (.text:decompress:none:__TI_decompress_none)
                  000025f6    0000000c     tm4c123gh6pm_startup_ccs.obj (.text)
                  00002602    00000002     --HOLE-- [fill = 0]
                  00002604    00000008     rtsv7M4_T_le_v4SPD16_eabi.lib : errno.c.obj (.text:__aeabi_errno_addr)
                  0000260c    00000004                                   : pre_init.c.obj (.text:_system_pre_init)
                  00002610    00000004                                   : exit.c.obj (.text:abort:abort)

.const     0    00002614    0000013f     
                  00002614    00000101     rtsv7M4_T_le_v4SPD16_eabi.lib : ctype.c.obj (.const:.string:_ctypes_)
                  00002715    00000021     l1_main.obj (.const:.string:$P$T0$1)
                  00002736    00000015     lcd.obj (.const:.string:$P$T0$4)
                  0000274b    00000004     lcd.obj (.const:.string:lineAddress$1)
                  0000274f    00000004     lcd.obj (.const:.string:lineAddresses$2)

.cinit     0    00002758    00000030     
                  00002758    0000000c     (__TI_handler_table)
                  00002764    00000004     --HOLE-- [fill = 0]
                  00002768    00000008     (.cinit..bss.load) [load image, compression = zero_init]
                  00002770    00000007     (.cinit..data.load) [load image, compression = lzss]
                  00002777    00000001     --HOLE-- [fill = 0]
                  00002778    00000010     (__TI_cinit_table)

.init_array 
*          0    00000000    00000000     UNINITIALIZED

.bss       0    20001000    00000054     UNINITIALIZED
                  20001000    00000054     lcd.obj (.bss:lastbuffer$3)

.data      0    20001054    00000004     UNINITIALIZED
                  20001054    00000004     rtsv7M4_T_le_v4SPD16_eabi.lib : errno.c.obj (.data)

.stack     0    20000000    00001000     UNINITIALIZED
                  20000000    00000004     rtsv7M4_T_le_v4SPD16_eabi.lib : boot_cortex_m.c.obj (.stack)
                  20000004    00000ffc     --HOLE--

MODULE SUMMARY

       Module                         code   ro data   rw data
       ------                         ----   -------   -------
    .\
       lcd.obj                        920    29        84     
       tm4c123gh6pm_startup_ccs.obj   12     620       0      
       timer.obj                      344    0         0      
       l1_main.obj                    36     33        0      
    +--+------------------------------+------+---------+---------+
       Total:                         1312   682       84     
                                                              
    C:\ti\ccsv8\tools\compiler\ti-cgt-arm_18.1.2.LTS\lib\rtsv7M4_T_le_v4SPD16_eabi.lib
       _printfi.c.obj                 4863   0         0      
       fd_add_t2.asm.obj              438    0         0      
       fd_div_t2.asm.obj              310    0         0      
       s_scalbn.c.obj                 272    0         0      
       fd_cmp_t2.asm.obj              268    0         0      
       ctype.c.obj                    0      257       0      
       fd_mul_t2.asm.obj              252    0         0      
       memcpy_t2.asm.obj              156    0         0      
       ull_div_t2.asm.obj             150    0         0      
       vsnprintf.c.obj                136    0         0      
       memset_t2.asm.obj              122    0         0      
       copy_decompress_lzss.c.obj     104    0         0      
       s_frexp.c.obj                  100    0         0      
       ltoa.c.obj                     84     0         0      
       atoi.c.obj                     76     0         0      
       fd_toi_t2.asm.obj              72     0         0      
       autoinit.c.obj                 68     0         0      
       boot_cortex_m.c.obj            56     0         0      
       i_tofd_t2.asm.obj              46     0         0      
       strcat.c.obj                   30     0         0      
       memccpy.c.obj                  28     0         0      
       strcmp.c.obj                   24     0         0      
       strchr.c.obj                   22     0         0      
       s_copysign.c.obj               20     0         0      
       strcpy.c.obj                   20     0         0      
       strlen.c.obj                   20     0         0      
       copy_zero_init.c.obj           18     0         0      
       wcslen.c.obj                   18     0         0      
       copy_decompress_none.c.obj     14     0         0      
       errno.c.obj                    8      0         4      
       exit.c.obj                     4      0         0      
       pre_init.c.obj                 4      0         0      
       div0.asm.obj                   2      0         0      
    +--+------------------------------+------+---------+---------+
       Total:                         7805   257       4      
                                                              
       Stack:                         0      0         4096   
       Linker Generated:              0      43        0      
    +--+------------------------------+------+---------+---------+
       Grand Total:                   9117   982       4184   


LINKER GENERATED COPY TABLES

__TI_cinit_table @ 00002778 records: 2, size/record: 8, table size: 16
	.bss: load addr=00002768, load size=00000008 bytes, run addr=20001000, run size=00000054 bytes, compression=zero_init
	.data: load addr=00002770, load size=00000007 bytes, run addr=20001054, run size=00000004 bytes, compression=lzss


LINKER GENERATED HANDLER TABLE

__TI_handler_table @ 00002758 records: 3, size/record: 4, table size: 12
	index: 0, handler: __TI_decompress_lzss
	index: 1, handler: __TI_decompress_none
	index: 2, handler: __TI_zero_init


GLOBAL SYMBOLS: SORTED ALPHABETICALLY BY Name 

address   name                          
-------   ----                          
00002611  C$$EXIT                       
000025f7  ResetISR                      
20001000  __STACK_END                   
00001000  __STACK_SIZE                  
20000200  __STACK_TOP                   
00002778  __TI_CINIT_Base               
00002788  __TI_CINIT_Limit              
00002758  __TI_Handler_Table_Base       
00002764  __TI_Handler_Table_Limit      
00002379  __TI_auto_init_nobinit_nopinit
0000211d  __TI_decompress_lzss          
000025e9  __TI_decompress_none          
ffffffff  __TI_pprof_out_hndl           
0000026d  __TI_printfi                  
ffffffff  __TI_prof_data_size           
ffffffff  __TI_prof_data_start          
00000000  __TI_static_base__            
000025b5  __TI_zero_init_nomemset       
00001f29  __aeabi_cdcmpeq               
00001f29  __aeabi_cdcmple               
00001faf  __aeabi_cdrcmple              
00002331  __aeabi_d2iz                  
0000149f  __aeabi_dadd                  
000018e1  __aeabi_ddiv                  
00001c49  __aeabi_dmul                  
00001495  __aeabi_dsub                  
00002605  __aeabi_errno_addr            
000024a5  __aeabi_i2d                   
00000ccb  __aeabi_idiv0                 
00000ccb  __aeabi_ldiv0                 
00002035  __aeabi_memclr                
00002035  __aeabi_memclr4               
00002035  __aeabi_memclr8               
00001df7  __aeabi_memcpy                
00001df7  __aeabi_memcpy4               
00001df7  __aeabi_memcpy8               
00002037  __aeabi_memset                
00002037  __aeabi_memset4               
00002037  __aeabi_memset8               
00001e93  __aeabi_uldivmod              
ffffffff  __binit__                     
ffffffff  __c_args__                    
UNDEFED   __mpu_init                    
20000000  __stack                       
0000243d  _c_int00_noargs               
00002614  _ctypes_                      
UNDEFED   _system_post_cinit            
0000260d  _system_pre_init              
00002611  abort                         
000022e5  atoi                          
ffffffff  binit                         
00002579  copysign                      
00002579  copysignl                     
00000fa9  d_rotatingBanner              
20001054  errno                         
00002185  frexp                         
00002185  frexpl                        
00000000  g_pfnVectors                  
000025d9  lcd_clear                     
00000e65  lcd_gotoLine                  
00000ccd  lcd_init                      
00000ecb  lcd_printf                    
00000d8d  lcd_putc                      
00000dc5  lcd_puts                      
00000de3  lcd_sendCommand               
00000e21  lcd_sendNibble                
00000e8d  lcd_setCursorPos              
00001b39  ldexp                         
00001b39  ldexpl                        
0000223f  ltoa                          
000024d5  main                          
00002517  memccpy                       
00001df7  memcpy                        
0000203d  memset                        
00001b39  scalbn                        
00001b39  scalbnl                       
000024f9  strcat                        
00002563  strchr                        
0000254b  strcmp                        
0000258d  strcpy                        
000025a1  strlen                        
0000175d  timer_getClock                
00001711  timer_startClock              
000016ab  timer_startTimer              
00001763  timer_stopClock               
000016fb  timer_stopTimer               
00001681  timer_waitMicros              
0000164d  timer_waitMillis              
000023bd  vsnprintf                     
000025c7  wcslen                        


GLOBAL SYMBOLS: SORTED BY Symbol Address 

address   name                          
-------   ----                          
00000000  __TI_static_base__            
00000000  g_pfnVectors                  
0000026d  __TI_printfi                  
00000ccb  __aeabi_idiv0                 
00000ccb  __aeabi_ldiv0                 
00000ccd  lcd_init                      
00000d8d  lcd_putc                      
00000dc5  lcd_puts                      
00000de3  lcd_sendCommand               
00000e21  lcd_sendNibble                
00000e65  lcd_gotoLine                  
00000e8d  lcd_setCursorPos              
00000ecb  lcd_printf                    
00000fa9  d_rotatingBanner              
00001000  __STACK_SIZE                  
00001495  __aeabi_dsub                  
0000149f  __aeabi_dadd                  
0000164d  timer_waitMillis              
00001681  timer_waitMicros              
000016ab  timer_startTimer              
000016fb  timer_stopTimer               
00001711  timer_startClock              
0000175d  timer_getClock                
00001763  timer_stopClock               
000018e1  __aeabi_ddiv                  
00001b39  ldexp                         
00001b39  ldexpl                        
00001b39  scalbn                        
00001b39  scalbnl                       
00001c49  __aeabi_dmul                  
00001df7  __aeabi_memcpy                
00001df7  __aeabi_memcpy4               
00001df7  __aeabi_memcpy8               
00001df7  memcpy                        
00001e93  __aeabi_uldivmod              
00001f29  __aeabi_cdcmpeq               
00001f29  __aeabi_cdcmple               
00001faf  __aeabi_cdrcmple              
00002035  __aeabi_memclr                
00002035  __aeabi_memclr4               
00002035  __aeabi_memclr8               
00002037  __aeabi_memset                
00002037  __aeabi_memset4               
00002037  __aeabi_memset8               
0000203d  memset                        
0000211d  __TI_decompress_lzss          
00002185  frexp                         
00002185  frexpl                        
0000223f  ltoa                          
000022e5  atoi                          
00002331  __aeabi_d2iz                  
00002379  __TI_auto_init_nobinit_nopinit
000023bd  vsnprintf                     
0000243d  _c_int00_noargs               
000024a5  __aeabi_i2d                   
000024d5  main                          
000024f9  strcat                        
00002517  memccpy                       
0000254b  strcmp                        
00002563  strchr                        
00002579  copysign                      
00002579  copysignl                     
0000258d  strcpy                        
000025a1  strlen                        
000025b5  __TI_zero_init_nomemset       
000025c7  wcslen                        
000025d9  lcd_clear                     
000025e9  __TI_decompress_none          
000025f7  ResetISR                      
00002605  __aeabi_errno_addr            
0000260d  _system_pre_init              
00002611  C$$EXIT                       
00002611  abort                         
00002614  _ctypes_                      
00002758  __TI_Handler_Table_Base       
00002764  __TI_Handler_Table_Limit      
00002778  __TI_CINIT_Base               
00002788  __TI_CINIT_Limit              
20000000  __stack                       
20000200  __STACK_TOP                   
20001000  __STACK_END                   
20001054  errno                         
ffffffff  __TI_pprof_out_hndl           
ffffffff  __TI_prof_data_size           
ffffffff  __TI_prof_data_start          
ffffffff  __binit__                     
ffffffff  __c_args__                    
ffffffff  binit                         
UNDEFED   __mpu_init                    
UNDEFED   _system_post_cinit            

[90 symbols]
