******************************************************************************
                  TI ARM Linker PC v18.1.2                     
******************************************************************************
>> Linked Tue Apr  9 17:40:24 2019

OUTPUT FILE NAME:   <Lab6.out>
ENTRY POINT SYMBOL: "_c_int00_noargs"  address: 00003765


MEMORY CONFIGURATION

         name            origin    length      used     unused   attr    fill
----------------------  --------  ---------  --------  --------  ----  --------
  FLASH                 00000000   00040000  00003b11  0003c4ef  R  X
  SRAM                  20000000   00008000  000020f4  00005f0c  RW X


SEGMENT ALLOCATION MAP

run origin  load origin   length   init length attrs members
----------  ----------- ---------- ----------- ----- -------
00000000    00000000    00003b18   00003b18    r-x
  00000000    00000000    0000026c   0000026c    r-- .intvecs
  0000026c    0000026c    00003714   00003714    r-x .text
  00003980    00003980    00000151   00000151    r-- .const
  00003ad8    00003ad8    00000040   00000040    r-- .cinit
20000000    20000000    000020f4   00000000    rw-
  20000000    20000000    00001000   00000000    rw- .stack
  20001000    20001000    00001000   00000000    rw- .sysmem
  20002000    20002000    000000dc   00000000    rw- .bss
  200020dc    200020dc    00000018   00000000    rw- .data


SECTION ALLOCATION MAP

 output                                  attributes/
section   page    origin      length       input sections
--------  ----  ----------  ----------   ----------------
.intvecs   0    00000000    0000026c     
                  00000000    0000026c     tm4c123gh6pm_startup_ccs.obj (.intvecs)

.text      0    0000026c    00003714     
                  0000026c    00000a5e     rtsv7M4_T_le_v4SPD16_eabi.lib : _printfi.c.obj (.text:__TI_printfi)
                  00000cca    00000002                                   : _lock.c.obj (.text:_nop)
                  00000ccc    000009c0                                   : e_pow.c.obj (.text:pow)
                  0000168c    000003c8     lcd.obj (.text)
                  00001a54    00000270     rtsv7M4_T_le_v4SPD16_eabi.lib : _printfi.c.obj (.text:_pconv_a)
                  00001cc4    000001d0                                   : _printfi.c.obj (.text:_pconv_g)
                  00001e94    000001b6                                   : fd_add_t2.asm.obj (.text)
                  0000204a    00000002                                   : div0.asm.obj (.text)
                  0000204c    0000017c     uart.obj (.text)
                  000021c8    00000158     rtsv7M4_T_le_v4SPD16_eabi.lib : e_sqrt.c.obj (.text:sqrt)
                  00002320    00000158     timer.obj (.text)
                  00002478    0000013c     rtsv7M4_T_le_v4SPD16_eabi.lib : _printfi.c.obj (.text:_pconv_e)
                  000025b4    00000136                                   : fd_div_t2.asm.obj (.text)
                  000026ea    00000002     --HOLE-- [fill = 0]
                  000026ec    00000134                                   : vla_alloc.c.obj (.text:__vla_alloc)
                  00002820    00000120                                   : _printfi.c.obj (.text:fcvt)
                  00002940    00000114                                   : memory.c.obj (.text:realloc)
                  00002a54    00000110                                   : s_scalbn.c.obj (.text:scalbn)
                  00002b64    000000fc                                   : fd_mul_t2.asm.obj (.text)
                  00002c60    000000f8     main.obj (.text)
                  00002d58    000000d8     rtsv7M4_T_le_v4SPD16_eabi.lib : memory.c.obj (.text:free)
                  00002e30    000000cc     adc.obj (.text)
                  00002efc    000000b1     rtsv7M4_T_le_v4SPD16_eabi.lib : _printfi.c.obj (.text:_ltostr)
                  00002fad    00000001     --HOLE-- [fill = 0]
                  00002fae    0000009c                                   : memcpy_t2.asm.obj (.text)
                  0000304a    00000096                                   : ull_div_t2.asm.obj (.text)
                  000030e0    00000086                                   : fd_cmp_t2.asm.obj (.text:__aeabi_cdcmple)
                  00003166    00000086                                   : fd_cmp_t2.asm.obj (.text:__aeabi_cdrcmple)
                  000031ec    0000007a                                   : memset_t2.asm.obj (.text)
                  00003266    00000002     --HOLE-- [fill = 0]
                  00003268    00000078                                   : vla_alloc.c.obj (.text:_ZN33_INTERNAL_11_vla_alloc_c_be8bd49b21free_dead_allocationsEPv)
                  000032e0    00000078                                   : memory.c.obj (.text:malloc)
                  00003358    0000006e                                   : _printfi.c.obj (.text:_mcpy)
                  000033c6    00000068                                   : copy_decompress_lzss.c.obj (.text:decompress:lzss:__TI_decompress_lzss)
                  0000342e    00000002     --HOLE-- [fill = 0]
                  00003430    00000064                                   : s_frexp.c.obj (.text:frexp)
                  00003494    00000056                                   : _printfi.c.obj (.text:_pconv_f)
                  000034ea    00000054                                   : ltoa.c.obj (.text:ltoa)
                  0000353e    00000052                                   : _printfi.c.obj (.text:_ecpy)
                  00003590    0000004c                                   : atoi.c.obj (.text:atoi)
                  000035dc    00000048                                   : fd_toi_t2.asm.obj (.text)
                  00003624    00000044                                   : autoinit.c.obj (.text:__TI_auto_init_nobinit_nopinit:__TI_auto_init_nobinit_nopinit)
                  00003668    00000040                                   : sprintf.c.obj (.text:sprintf)
                  000036a8    00000040                                   : vsnprintf.c.obj (.text:vsnprintf)
                  000036e8    0000003e                                   : _printfi.c.obj (.text:_fcpy)
                  00003726    00000002     --HOLE-- [fill = 0]
                  00003728    0000003c                                   : memory.c.obj (.text:minsert)
                  00003764    00000038                                   : boot_cortex_m.c.obj (.text:_c_int00_noargs:_c_int00_noargs)
                  0000379c    00000038                                   : memory.c.obj (.text:minit)
                  000037d4    00000030                                   : vsnprintf.c.obj (.text:_outs)
                  00003804    0000002e                                   : i_tofd_t2.asm.obj (.text)
                  00003832    00000002     --HOLE-- [fill = 0]
                  00003834    00000028                                   : memory.c.obj (.text:mremove)
                  0000385c    0000001c                                   : memccpy.c.obj (.text:memccpy)
                  00003878    00000018                                   : vsnprintf.c.obj (.text:_outc)
                  00003890    00000018                                   : sprintf.c.obj (.text:_outs)
                  000038a8    00000018                                   : strcmp.c.obj (.text:strcmp)
                  000038c0    00000016                                   : strchr.c.obj (.text:strchr)
                  000038d6    00000014                                   : s_copysign.c.obj (.text:copysign)
                  000038ea    00000014                                   : strcpy.c.obj (.text:strcpy)
                  000038fe    00000014                                   : strlen.c.obj (.text:strlen)
                  00003912    00000012                                   : copy_zero_init.c.obj (.text:decompress:ZI:__TI_zero_init_nomemset:__TI_zero_init_nomemset)
                  00003924    00000012                                   : wcslen.c.obj (.text:wcslen)
                  00003936    00000010     lcd.obj (.text:lcd_clear)
                  00003946    0000000e     rtsv7M4_T_le_v4SPD16_eabi.lib : copy_decompress_none.c.obj (.text:decompress:none:__TI_decompress_none)
                  00003954    0000000c     tm4c123gh6pm_startup_ccs.obj (.text)
                  00003960    0000000a     rtsv7M4_T_le_v4SPD16_eabi.lib : sprintf.c.obj (.text:_outc)
                  0000396a    00000002     --HOLE-- [fill = 0]
                  0000396c    00000008                                   : errno.c.obj (.text:__aeabi_errno_addr)
                  00003974    00000004                                   : error.c.obj (.text:__abort_execution)
                  00003978    00000004                                   : pre_init.c.obj (.text:_system_pre_init)
                  0000397c    00000004                                   : exit.c.obj (.text:abort:abort)

.const     0    00003980    00000151     
                  00003980    00000101     rtsv7M4_T_le_v4SPD16_eabi.lib : ctype.c.obj (.const:.string:_ctypes_)
                  00003a81    00000004     lcd.obj (.const:.string:lineAddress$1)
                  00003a85    00000003     --HOLE-- [fill = 0]
                  00003a88    00000030     rtsv7M4_T_le_v4SPD16_eabi.lib : e_pow.c.obj (.const:$O1$$)
                  00003ab8    00000015     lcd.obj (.const:.string:$P$T1$4)
                  00003acd    00000004     lcd.obj (.const:.string:lineAddresses$2)

.cinit     0    00003ad8    00000040     
                  00003ad8    00000015     (.cinit..data.load) [load image, compression = lzss]
                  00003aed    00000003     --HOLE-- [fill = 0]
                  00003af0    0000000c     (__TI_handler_table)
                  00003afc    00000004     --HOLE-- [fill = 0]
                  00003b00    00000008     (.cinit..bss.load) [load image, compression = zero_init]
                  00003b08    00000010     (__TI_cinit_table)

.init_array 
*          0    00000000    00000000     UNINITIALIZED

.stack     0    20000000    00001000     UNINITIALIZED
                  20000000    00000004     rtsv7M4_T_le_v4SPD16_eabi.lib : boot_cortex_m.c.obj (.stack)
                  20000004    00000ffc     --HOLE--

.sysmem    0    20001000    00001000     UNINITIALIZED
                  20001000    00000008     rtsv7M4_T_le_v4SPD16_eabi.lib : memory.c.obj (.sysmem)
                  20001008    00000ff8     --HOLE--

.bss       0    20002000    000000dc     UNINITIALIZED
                  20002000    00000064     (.common:sendstr)
                  20002064    00000054     lcd.obj (.bss:lastbuffer$3)
                  200020b8    0000001c     rtsv7M4_T_le_v4SPD16_eabi.lib : vla_alloc.c.obj (.bss:$O1$$)
                  200020d4    00000004     (.common:flagg)
                  200020d8    00000004     (.common:s_data)

.data      0    200020dc    00000018     UNINITIALIZED
                  200020dc    0000000c     rtsv7M4_T_le_v4SPD16_eabi.lib : memory.c.obj (.data:$O1$$)
                  200020e8    00000008                                   : _lock.c.obj (.data:$O1$$)
                  200020f0    00000004                                   : errno.c.obj (.data)

MODULE SUMMARY

       Module                         code    ro data   rw data
       ------                         ----    -------   -------
    .\
       lcd.obj                        984     29        84     
       tm4c123gh6pm_startup_ccs.obj   12      620       0      
       uart.obj                       380     0         8      
       main.obj                       248     0         100    
       timer.obj                      344     0         0      
       adc.obj                        204     0         0      
    +--+------------------------------+-------+---------+---------+
       Total:                         2172    649       192    
                                                               
    C:\ti\ccsv8\tools\compiler\ti-cgt-arm_18.1.2.LTS\lib\rtsv7M4_T_le_v4SPD16_eabi.lib
       _printfi.c.obj                 4863    0         0      
       e_pow.c.obj                    2496    48        0      
       memory.c.obj                   768     0         12     
       vla_alloc.c.obj                428     0         28     
       fd_add_t2.asm.obj              438     0         0      
       e_sqrt.c.obj                   344     0         0      
       fd_div_t2.asm.obj              310     0         0      
       s_scalbn.c.obj                 272     0         0      
       fd_cmp_t2.asm.obj              268     0         0      
       ctype.c.obj                    0       257       0      
       fd_mul_t2.asm.obj              252     0         0      
       memcpy_t2.asm.obj              156     0         0      
       ull_div_t2.asm.obj             150     0         0      
       vsnprintf.c.obj                136     0         0      
       memset_t2.asm.obj              122     0         0      
       copy_decompress_lzss.c.obj     104     0         0      
       s_frexp.c.obj                  100     0         0      
       sprintf.c.obj                  98      0         0      
       ltoa.c.obj                     84      0         0      
       atoi.c.obj                     76      0         0      
       fd_toi_t2.asm.obj              72      0         0      
       autoinit.c.obj                 68      0         0      
       boot_cortex_m.c.obj            56      0         0      
       i_tofd_t2.asm.obj              46      0         0      
       memccpy.c.obj                  28      0         0      
       strcmp.c.obj                   24      0         0      
       strchr.c.obj                   22      0         0      
       s_copysign.c.obj               20      0         0      
       strcpy.c.obj                   20      0         0      
       strlen.c.obj                   20      0         0      
       copy_zero_init.c.obj           18      0         0      
       wcslen.c.obj                   18      0         0      
       copy_decompress_none.c.obj     14      0         0      
       errno.c.obj                    8       0         4      
       _lock.c.obj                    2       0         8      
       error.c.obj                    4       0         0      
       exit.c.obj                     4       0         0      
       pre_init.c.obj                 4       0         0      
       div0.asm.obj                   2       0         0      
    +--+------------------------------+-------+---------+---------+
       Total:                         11915   305       52     
                                                               
       Heap:                          0       0         4096   
       Stack:                         0       0         4096   
       Linker Generated:              0       57        0      
    +--+------------------------------+-------+---------+---------+
       Grand Total:                   14087   1011      8436   


LINKER GENERATED COPY TABLES

__TI_cinit_table @ 00003b08 records: 2, size/record: 8, table size: 16
	.data: load addr=00003ad8, load size=00000015 bytes, run addr=200020dc, run size=00000018 bytes, compression=lzss
	.bss: load addr=00003b00, load size=00000008 bytes, run addr=20002000, run size=000000dc bytes, compression=zero_init


LINKER GENERATED HANDLER TABLE

__TI_handler_table @ 00003af0 records: 3, size/record: 4, table size: 12
	index: 0, handler: __TI_decompress_lzss
	index: 1, handler: __TI_decompress_none
	index: 2, handler: __TI_zero_init


GLOBAL SYMBOLS: SORTED ALPHABETICALLY BY Name 

address   name                          
-------   ----                          
0000397d  C$$EXIT                       
000020d7  My_UART1_Handler              
00003955  ResetISR                      
20001000  __STACK_END                   
00001000  __STACK_SIZE                  
20000200  __STACK_TOP                   
00001000  __SYSMEM_SIZE                 
00003b08  __TI_CINIT_Base               
00003b18  __TI_CINIT_Limit              
00003af0  __TI_Handler_Table_Base       
00003afc  __TI_Handler_Table_Limit      
00003625  __TI_auto_init_nobinit_nopinit
000033c7  __TI_decompress_lzss          
00003947  __TI_decompress_none          
ffffffff  __TI_pprof_out_hndl           
0000026d  __TI_printfi                  
ffffffff  __TI_prof_data_size           
ffffffff  __TI_prof_data_start          
00000000  __TI_static_base__            
00003913  __TI_zero_init_nomemset       
00003975  __abort_execution             
000030e1  __aeabi_cdcmpeq               
000030e1  __aeabi_cdcmple               
00003167  __aeabi_cdrcmple              
000035dd  __aeabi_d2iz                  
00001e9f  __aeabi_dadd                  
000025b5  __aeabi_ddiv                  
00002b65  __aeabi_dmul                  
00001e95  __aeabi_dsub                  
0000396d  __aeabi_errno_addr            
00003805  __aeabi_i2d                   
0000204b  __aeabi_idiv0                 
0000204b  __aeabi_ldiv0                 
000031ed  __aeabi_memclr                
000031ed  __aeabi_memclr4               
000031ed  __aeabi_memclr8               
00002faf  __aeabi_memcpy                
00002faf  __aeabi_memcpy4               
00002faf  __aeabi_memcpy8               
000031ef  __aeabi_memset                
000031ef  __aeabi_memset4               
000031ef  __aeabi_memset8               
0000304b  __aeabi_uldivmod              
ffffffff  __binit__                     
ffffffff  __c_args__                    
UNDEFED   __mpu_init                    
20000000  __stack                       
000026ed  __vla_alloc                   
00003765  _c_int00_noargs               
00003980  _ctypes_                      
200020e8  _lock                         
00000ccb  _nop                          
20001000  _sys_memory                   
UNDEFED   _system_post_cinit            
00003979  _system_pre_init              
200020ec  _unlock                       
0000397d  abort                         
00002ea7  adc_read                      
00003591  atoi                          
ffffffff  binit                         
000038d7  copysign                      
000038d7  copysignl                     
200020f0  errno                         
200020d4  flagg                         
00002d59  free                          
00003431  frexp                         
00003431  frexpl                        
00000000  g_pfnVectors                  
00002e31  init_ADC                      
000020bf  intit_interupts               
00003937  lcd_clear                     
00001825  lcd_gotoLine                  
0000168d  lcd_init                      
0000188b  lcd_printf                    
0000174d  lcd_putc                      
00001785  lcd_puts                      
00001969  lcd_rotatingBanner            
000017a3  lcd_sendCommand               
000017e1  lcd_sendNibble                
0000184d  lcd_setCursorPos              
00002a55  ldexp                         
00002a55  ldexpl                        
000034eb  ltoa                          
00002c61  main                          
000032e1  malloc                        
0000385d  memccpy                       
00002faf  memcpy                        
000031f5  memset                        
0000379d  minit                         
00000ccd  pow                           
00000ccd  powl                          
00002941  realloc                       
200020d8  s_data                        
00002a55  scalbn                        
00002a55  scalbnl                       
20002000  sendstr                       
0000204d  serial_init                   
00003669  sprintf                       
000021c9  sqrt                          
000021c9  sqrtl                         
000038c1  strchr                        
000038a9  strcmp                        
000038eb  strcpy                        
000038ff  strlen                        
00002431  timer_getClock                
000023e5  timer_startClock              
0000237f  timer_startTimer              
00002437  timer_stopClock               
000023cf  timer_stopTimer               
00002355  timer_waitMicros              
00002321  timer_waitMillis              
0000215f  uart_receive                  
000020ff  uart_sendChar                 
0000211b  uart_senddata                 
00002139  uart_sendstr                  
000036a9  vsnprintf                     
00003925  wcslen                        


GLOBAL SYMBOLS: SORTED BY Symbol Address 

address   name                          
-------   ----                          
00000000  __TI_static_base__            
00000000  g_pfnVectors                  
0000026d  __TI_printfi                  
00000ccb  _nop                          
00000ccd  pow                           
00000ccd  powl                          
00001000  __STACK_SIZE                  
00001000  __SYSMEM_SIZE                 
0000168d  lcd_init                      
0000174d  lcd_putc                      
00001785  lcd_puts                      
000017a3  lcd_sendCommand               
000017e1  lcd_sendNibble                
00001825  lcd_gotoLine                  
0000184d  lcd_setCursorPos              
0000188b  lcd_printf                    
00001969  lcd_rotatingBanner            
00001e95  __aeabi_dsub                  
00001e9f  __aeabi_dadd                  
0000204b  __aeabi_idiv0                 
0000204b  __aeabi_ldiv0                 
0000204d  serial_init                   
000020bf  intit_interupts               
000020d7  My_UART1_Handler              
000020ff  uart_sendChar                 
0000211b  uart_senddata                 
00002139  uart_sendstr                  
0000215f  uart_receive                  
000021c9  sqrt                          
000021c9  sqrtl                         
00002321  timer_waitMillis              
00002355  timer_waitMicros              
0000237f  timer_startTimer              
000023cf  timer_stopTimer               
000023e5  timer_startClock              
00002431  timer_getClock                
00002437  timer_stopClock               
000025b5  __aeabi_ddiv                  
000026ed  __vla_alloc                   
00002941  realloc                       
00002a55  ldexp                         
00002a55  ldexpl                        
00002a55  scalbn                        
00002a55  scalbnl                       
00002b65  __aeabi_dmul                  
00002c61  main                          
00002d59  free                          
00002e31  init_ADC                      
00002ea7  adc_read                      
00002faf  __aeabi_memcpy                
00002faf  __aeabi_memcpy4               
00002faf  __aeabi_memcpy8               
00002faf  memcpy                        
0000304b  __aeabi_uldivmod              
000030e1  __aeabi_cdcmpeq               
000030e1  __aeabi_cdcmple               
00003167  __aeabi_cdrcmple              
000031ed  __aeabi_memclr                
000031ed  __aeabi_memclr4               
000031ed  __aeabi_memclr8               
000031ef  __aeabi_memset                
000031ef  __aeabi_memset4               
000031ef  __aeabi_memset8               
000031f5  memset                        
000032e1  malloc                        
000033c7  __TI_decompress_lzss          
00003431  frexp                         
00003431  frexpl                        
000034eb  ltoa                          
00003591  atoi                          
000035dd  __aeabi_d2iz                  
00003625  __TI_auto_init_nobinit_nopinit
00003669  sprintf                       
000036a9  vsnprintf                     
00003765  _c_int00_noargs               
0000379d  minit                         
00003805  __aeabi_i2d                   
0000385d  memccpy                       
000038a9  strcmp                        
000038c1  strchr                        
000038d7  copysign                      
000038d7  copysignl                     
000038eb  strcpy                        
000038ff  strlen                        
00003913  __TI_zero_init_nomemset       
00003925  wcslen                        
00003937  lcd_clear                     
00003947  __TI_decompress_none          
00003955  ResetISR                      
0000396d  __aeabi_errno_addr            
00003975  __abort_execution             
00003979  _system_pre_init              
0000397d  C$$EXIT                       
0000397d  abort                         
00003980  _ctypes_                      
00003af0  __TI_Handler_Table_Base       
00003afc  __TI_Handler_Table_Limit      
00003b08  __TI_CINIT_Base               
00003b18  __TI_CINIT_Limit              
20000000  __stack                       
20000200  __STACK_TOP                   
20001000  __STACK_END                   
20001000  _sys_memory                   
20002000  sendstr                       
200020d4  flagg                         
200020d8  s_data                        
200020e8  _lock                         
200020ec  _unlock                       
200020f0  errno                         
ffffffff  __TI_pprof_out_hndl           
ffffffff  __TI_prof_data_size           
ffffffff  __TI_prof_data_start          
ffffffff  __binit__                     
ffffffff  __c_args__                    
ffffffff  binit                         
UNDEFED   __mpu_init                    
UNDEFED   _system_post_cinit            

[117 symbols]
